Compila├º├úo de 21/04/2026 13:05:03 iniciada.
     1>Projeto "C:\Projetos\Razor\RazorDataPresentation.Tests.csproj" no n├│ 1 (Restore destino(s)).
     1>_GetAllRestoreProjectPathItems:
         Determining projects to restore...
       Restore:
         A valida├º├úo da cadeia de certificados X.509 usar├í o reposit├│rio de confian├ºa padr├úo selecionado pelo .NET.
         A valida├º├úo da cadeia de certificados X.509 usar├í o reposit├│rio de confian├ºa padr├úo selecionado pelo .NET.
     1>C:\Projetos\Razor\RazorDataPresentation.Tests.csproj : warning NU1603: RazorDataPresentation.Tests depende de Microsoft.NET.Test.Sdk (>= 17.8.2) mas Microsoft.NET.Test.Sdk 17.8.2 n├úo foi encontrado. Microsoft.NET.Test.Sdk 17.9.0 foi resolvido.
         O arquivo de ativos n├úo foi alterado. Ignorando grava├º├úo de arquivo de ativos. Caminho: C:\Projetos\Razor\obj\project.assets.json
         C:\Projetos\Razor\RazorDataPresentation.Tests.csproj restaurado (em 231 ms).
         
         Arquivos de configura├º├úo NuGet usados:
             C:\Users\rober\AppData\Roaming\NuGet\NuGet.Config
         
         Feeds usados:
             https://api.nuget.org/v3/index.json
         Todos os projetos est├úo atualizados para restaura├º├úo.
     1>Projeto de compila├º├úo pronto "C:\Projetos\Razor\RazorDataPresentation.Tests.csproj" (Restore destino(s)).
   1:7>Projeto "C:\Projetos\Razor\RazorDataPresentation.Tests.csproj" no n├│ 1 (VSTest destino(s)).
     1>BuildProject:
         Build iniciada, aguarde...
   1:7>O projeto "C:\Projetos\Razor\RazorDataPresentation.Tests.csproj" (1:7) est├í compilando "C:\Projetos\Razor\RazorDataPresentation.Tests.csproj" (1:8) no n├│ 1 (destinos padr├úo).
     1>_CheckForNETCoreSdkIsPreview:
       C:\Program Files\dotnet\sdk\10.0.100-rc.1.25451.107\Sdks\Microsoft.NET.Sdk\targets\Microsoft.NET.RuntimeIdentifierInference.targets(345,5): message NETSDK1057: Voc├¬ est├í usando uma vers├úo de visualiza├º├úo do .NET. Veja: https://aka.ms/dotnet-support-policy [C:\Projetos\Razor\RazorDataPresentation.Tests.csproj]
     1>C:\Projetos\Razor\RazorDataPresentation.Tests.csproj : warning NU1603: RazorDataPresentation.Tests depende de Microsoft.NET.Test.Sdk (>= 17.8.2) mas Microsoft.NET.Test.Sdk 17.8.2 n├úo foi encontrado. Microsoft.NET.Test.Sdk 17.9.0 foi resolvido.
   1:8>O projeto "C:\Projetos\Razor\RazorDataPresentation.Tests.csproj" (1:8) est├í compilando "C:\Projetos\Razor\RazorDataPresentation.csproj" (2:6) no n├│ 1 (destinos padr├úo).
     2>C:\Projetos\Razor\RazorDataPresentation.csproj : warning NU1603: RazorDataPresentation.Tests depende de Microsoft.NET.Test.Sdk (>= 17.8.2) mas Microsoft.NET.Test.Sdk 17.8.2 n├úo foi encontrado. Microsoft.NET.Test.Sdk 17.9.0 foi resolvido.
     2>GenerateTargetFrameworkMonikerAttribute:
       Ignorando o destino "GenerateTargetFrameworkMonikerAttribute" porque todos os arquivos de sa├¡da est├úo atualizados em rela├º├úo aos arquivos de entrada.
       CoreGenerateAssemblyInfo:
       Ignorando o destino "CoreGenerateAssemblyInfo" porque todos os arquivos de sa├¡da est├úo atualizados em rela├º├úo aos arquivos de entrada.
       _DiscoverMvcApplicationParts:
       Ignorando o destino "_DiscoverMvcApplicationParts" porque todos os arquivos de sa├¡da est├úo atualizados em rela├º├úo aos arquivos de entrada.
       _CoreGenerateRazorAssemblyInfo:
       Ignorando o destino "_CoreGenerateRazorAssemblyInfo" porque todos os arquivos de sa├¡da est├úo atualizados em rela├º├úo aos arquivos de entrada.
       _GenerateSourceLinkFile:
         O arquivo de link de origem 'obj\Debug\net9.0\RazorDataPresentation.sourcelink.json' est├í atualizado.
       CoreCompile:
       Ignorando o destino "CoreCompile" porque todos os arquivos de sa├¡da est├úo atualizados em rela├º├úo aos arquivos de entrada.
       _CreateAppHost:
       Ignorando o destino "_CreateAppHost" porque todos os arquivos de sa├¡da est├úo atualizados em rela├º├úo aos arquivos de entrada.
       _ProcessScopedCssFiles:
       Ignorando o destino "_ProcessScopedCssFiles" porque ele n├úo tem sa├¡das.
       _ProcessScopedCssFiles:
       Ignorando o destino "_ProcessScopedCssFiles" porque ele n├úo tem sa├¡das.
       ResolveBuildCompressedStaticWebAssetsConfiguration:
         Accepted compressed asset 'C:\Projetos\Razor\obj\Debug\net9.0\compressed\4qxufkdcl0-{0}-3lq6wx0u98-3lq6wx0u98.gz' for 'C:\Projetos\Razor\wwwroot\css\site.css'.
         Resolved 1 compressed assets for 1 candidate assets.
       ResolveBuildCompressedStaticWebAssets:
         Processing compressed asset: C:\Projetos\Razor\obj\Debug\net9.0\compressed\4qxufkdcl0-{0}-3lq6wx0u98-3lq6wx0u98.gz
       _BuildCopyStaticWebAssetsPreserveNewest:
       Ignorando o destino "_BuildCopyStaticWebAssetsPreserveNewest" porque ele n├úo tem sa├¡das.
       _CopyOutOfDateSourceItemsToOutputDirectory:
       Ignorando o destino "_CopyOutOfDateSourceItemsToOutputDirectory" porque todos os arquivos de sa├¡da est├úo atualizados em rela├º├úo aos arquivos de entrada.
       GenerateBuildDependencyFile:
       Ignorando o destino "GenerateBuildDependencyFile" porque todos os arquivos de sa├¡da est├úo atualizados em rela├º├úo aos arquivos de entrada.
       GenerateBuildRuntimeConfigurationFiles:
       Ignorando o destino "GenerateBuildRuntimeConfigurationFiles" porque todos os arquivos de sa├¡da est├úo atualizados em rela├º├úo aos arquivos de entrada.
       CopyFilesToOutputDirectory:
         RazorDataPresentation -> C:\Projetos\Razor\bin\Debug\net9.0\RazorDataPresentation.dll
     2>Projeto de compila├º├úo pronto "C:\Projetos\Razor\RazorDataPresentation.csproj" (destinos padr├úo).
     1>GenerateTargetFrameworkMonikerAttribute:
       Ignorando o destino "GenerateTargetFrameworkMonikerAttribute" porque todos os arquivos de sa├¡da est├úo atualizados em rela├º├úo aos arquivos de entrada.
       CoreGenerateAssemblyInfo:
       Ignorando o destino "CoreGenerateAssemblyInfo" porque todos os arquivos de sa├¡da est├úo atualizados em rela├º├úo aos arquivos de entrada.
       _GenerateSourceLinkFile:
         O arquivo de link de origem 'obj\Debug\net9.0\RazorDataPresentation.Tests.sourcelink.json' est├í atualizado.
       CoreCompile:
         C:\Program Files\dotnet\dotnet.exe exec "C:\Program Files\dotnet\sdk\10.0.100-rc.1.25451.107\Roslyn\bincore\csc.dll" /noconfig /unsafe- /checked- /nowarn:1701,1702,1701,1702 /fullpaths /nostdlib+ /errorreport:prompt /warn:9 /define:TRACE;DEBUG;NET;NET9_0;NETCOREAPP;NET5_0_OR_GREATER;NET6_0_OR_GREATER;NET7_0_OR_GREATER;NET8_0_OR_GREATER;NET9_0_OR_GREATER;NETCOREAPP1_0_OR_GREATER;NETCOREAPP1_1_OR_GREATER;NETCOREAPP2_0_OR_GREATER;NETCOREAPP2_1_OR_GREATER;NETCOREAPP2_2_OR_GREATER;NETCOREAPP3_0_OR_GREATER;NETCOREAPP3_1_OR_GREATER /highentropyva+ /nullable:enable /reference:C:\Users\rober\.nuget\packages\microsoft.aspnetcore.app.ref\9.0.9\ref\net9.0\Microsoft.AspNetCore.Antiforgery.dll /reference:C:\Users\rober\.nuget\packages\microsoft.aspnetcore.app.ref\9.0.9\ref\net9.0\Microsoft.AspNetCore.Authentication.Abstractions.dll /reference:C:\Users\rober\.nuget\packages\microsoft.aspnetcore.app.ref\9.0.9\ref\net9.0\Microsoft.AspNetCore.Authentication.BearerToken.dll /reference:C:\Users\rober\.nuget\packages\microsoft.aspnetcore.app.ref\9.0.9\ref\net9.0\Microsoft.AspNetCore.Authentication.Cookies.dll /reference:C:\Users\rober\.nuget\packages\microsoft.aspnetcore.app.ref\9.0.9\ref\net9.0\Microsoft.AspNetCore.Authentication.Core.dll /reference:C:\Users\rober\.nuget\packages\microsoft.aspnetcore.app.ref\9.0.9\ref\net9.0\Microsoft.AspNetCore.Authentication.dll /reference:C:\Users\rober\.nuget\packages\microsoft.aspnetcore.app.ref\9.0.9\ref\net9.0\Microsoft.AspNetCore.Authentication.OAuth.dll /reference:C:\Users\rober\.nuget\packages\microsoft.aspnetcore.app.ref\9.0.9\ref\net9.0\Microsoft.AspNetCore.Authorization.dll /reference:C:\Users\rober\.nuget\packages\microsoft.aspnetcore.app.ref\9.0.9\ref\net9.0\Microsoft.AspNetCore.Authorization.Policy.dll /reference:C:\Users\rober\.nuget\packages\microsoft.aspnetcore.app.ref\9.0.9\ref\net9.0\Microsoft.AspNetCore.Components.Authorization.dll /reference:C:\Users\rober\.nuget\packages\microsoft.aspnetcore.app.ref\9.0.9\ref\net9.0\Microsoft.AspNetCore.Components.dll /reference:C:\Users\rober\.nuget\packages\microsoft.aspnetcore.app.ref\9.0.9\ref\net9.0\Microsoft.AspNetCore.Components.Endpoints.dll /reference:C:\Users\rober\.nuget\packages\microsoft.aspnetcore.app.ref\9.0.9\ref\net9.0\Microsoft.AspNetCore.Components.Forms.dll /reference:C:\Users\rober\.nuget\packages\microsoft.aspnetcore.app.ref\9.0.9\ref\net9.0\Microsoft.AspNetCore.Components.Server.dll /reference:C:\Users\rober\.nuget\packages\microsoft.aspnetcore.app.ref\9.0.9\ref\net9.0\Microsoft.AspNetCore.Components.Web.dll /reference:C:\Users\rober\.nuget\packages\microsoft.aspnetcore.app.ref\9.0.9\ref\net9.0\Microsoft.AspNetCore.Connections.Abstractions.dll /reference:C:\Users\rober\.nuget\packages\microsoft.aspnetcore.app.ref\9.0.9\ref\net9.0\Microsoft.AspNetCore.CookiePolicy.dll /reference:C:\Users\rober\.nuget\packages\microsoft.aspnetcore.app.ref\9.0.9\ref\net9.0\Microsoft.AspNetCore.Cors.dll /reference:C:\Users\rober\.nuget\packages\microsoft.aspnetcore.app.ref\9.0.9\ref\net9.0\Microsoft.AspNetCore.Cryptography.Internal.dll /reference:C:\Users\rober\.nuget\packages\microsoft.aspnetcore.app.ref\9.0.9\ref\net9.0\Microsoft.AspNetCore.Cryptography.KeyDerivation.dll /reference:C:\Users\rober\.nuget\packages\microsoft.aspnetcore.app.ref\9.0.9\ref\net9.0\Microsoft.AspNetCore.DataProtection.Abstractions.dll /reference:C:\Users\rober\.nuget\packages\microsoft.aspnetcore.app.ref\9.0.9\ref\net9.0\Microsoft.AspNetCore.DataProtection.dll /reference:C:\Users\rober\.nuget\packages\microsoft.aspnetcore.app.ref\9.0.9\ref\net9.0\Microsoft.AspNetCore.DataProtection.Extensions.dll /reference:C:\Users\rober\.nuget\packages\microsoft.aspnetcore.app.ref\9.0.9\ref\net9.0\Microsoft.AspNetCore.Diagnostics.Abstractions.dll /reference:C:\Users\rober\.nuget\packages\microsoft.aspnetcore.app.ref\9.0.9\ref\net9.0\Microsoft.AspNetCore.Diagnostics.dll /reference:C:\Users\rober\.nuget\packages\microsoft.aspnetcore.app.ref\9.0.9\ref\net9.0\Microsoft.AspNetCore.Diagnostics.HealthChecks.dll /reference:C:\Users\rober\.nuget\packages\microsoft.aspnetcore.app.ref\9.0.9\ref\net9.0\Microsoft.AspNetCore.dll /reference:C:\Users\rober\.nuget\packages\microsoft.aspnetcore.app.ref\9.0.9\ref\net9.0\Microsoft.AspNetCore.HostFiltering.dll /reference:C:\Users\rober\.nuget\packages\microsoft.aspnetcore.app.ref\9.0.9\ref\net9.0\Microsoft.AspNetCore.Hosting.Abstractions.dll /reference:C:\Users\rober\.nuget\packages\microsoft.aspnetcore.app.ref\9.0.9\ref\net9.0\Microsoft.AspNetCore.Hosting.dll /reference:C:\Users\rober\.nuget\packages\microsoft.aspnetcore.app.ref\9.0.9\ref\net9.0\Microsoft.AspNetCore.Hosting.Server.Abstractions.dll /reference:C:\Users\rober\.nuget\packages\microsoft.aspnetcore.app.ref\9.0.9\ref\net9.0\Microsoft.AspNetCore.Html.Abstractions.dll /reference:C:\Users\rober\.nuget\packages\microsoft.aspnetcore.app.ref\9.0.9\ref\net9.0\Microsoft.AspNetCore.Http.Abstractions.dll /reference:C:\Users\rober\.nuget\packages\microsoft.aspnetcore.app.ref\9.0.9\ref\net9.0\Microsoft.AspNetCore.Http.Connections.Common.dll /reference:C:\Users\rober\.nuget\packages\microsoft.aspnetcore.app.ref\9.0.9\ref\net9.0\Microsoft.AspNetCore.Http.Connections.dll /reference:C:\Users\rober\.nuget\packages\microsoft.aspnetcore.app.ref\9.0.9\ref\net9.0\Microsoft.AspNetCore.Http.dll /reference:C:\Users\rober\.nuget\packages\microsoft.aspnetcore.app.ref\9.0.9\ref\net9.0\Microsoft.AspNetCore.Http.Extensions.dll /reference:C:\Users\rober\.nuget\packages\microsoft.aspnetcore.app.ref\9.0.9\ref\net9.0\Microsoft.AspNetCore.Http.Features.dll /reference:C:\Users\rober\.nuget\packages\microsoft.aspnetcore.app.ref\9.0.9\ref\net9.0\Microsoft.AspNetCore.Http.Results.dll /reference:C:\Users\rober\.nuget\packages\microsoft.aspnetcore.app.ref\9.0.9\ref\net9.0\Microsoft.AspNetCore.HttpLogging.dll /reference:C:\Users\rober\.nuget\packages\microsoft.aspnetcore.app.ref\9.0.9\ref\net9.0\Microsoft.AspNetCore.HttpOverrides.dll /reference:C:\Users\rober\.nuget\packages\microsoft.aspnetcore.app.ref\9.0.9\ref\net9.0\Microsoft.AspNetCore.HttpsPolicy.dll /reference:C:\Users\rober\.nuget\packages\microsoft.aspnetcore.app.ref\9.0.9\ref\net9.0\Microsoft.AspNetCore.Identity.dll /reference:C:\Users\rober\.nuget\packages\microsoft.aspnetcore.app.ref\9.0.9\ref\net9.0\Microsoft.AspNetCore.Localization.dll /reference:C:\Users\rober\.nuget\packages\microsoft.aspnetcore.app.ref\9.0.9\ref\net9.0\Microsoft.AspNetCore.Localization.Routing.dll /reference:C:\Users\rober\.nuget\packages\microsoft.aspnetcore.app.ref\9.0.9\ref\net9.0\Microsoft.AspNetCore.Metadata.dll /reference:C:\Users\rober\.nuget\packages\microsoft.aspnetcore.app.ref\9.0.9\ref\net9.0\Microsoft.AspNetCore.Mvc.Abstractions.dll /reference:C:\Users\rober\.nuget\packages\microsoft.aspnetcore.app.ref\9.0.9\ref\net9.0\Microsoft.AspNetCore.Mvc.ApiExplorer.dll /reference:C:\Users\rober\.nuget\packages\microsoft.aspnetcore.app.ref\9.0.9\ref\net9.0\Microsoft.AspNetCore.Mvc.Core.dll /reference:C:\Users\rober\.nuget\packages\microsoft.aspnetcore.app.ref\9.0.9\ref\net9.0\Microsoft.AspNetCore.Mvc.Cors.dll /reference:C:\Users\rober\.nuget\packages\microsoft.aspnetcore.app.ref\9.0.9\ref\net9.0\Microsoft.AspNetCore.Mvc.DataAnnotations.dll /reference:C:\Users\rober\.nuget\packages\microsoft.aspnetcore.app.ref\9.0.9\ref\net9.0\Microsoft.AspNetCore.Mvc.dll /reference:C:\Users\rober\.nuget\packages\microsoft.aspnetcore.app.ref\9.0.9\ref\net9.0\Microsoft.AspNetCore.Mvc.Formatters.Json.dll /reference:C:\Users\rober\.nuget\packages\microsoft.aspnetcore.app.ref\9.0.9\ref\net9.0\Microsoft.AspNetCore.Mvc.Formatters.Xml.dll /reference:C:\Users\rober\.nuget\packages\microsoft.aspnetcore.app.ref\9.0.9\ref\net9.0\Microsoft.AspNetCore.Mvc.Localization.dll /reference:C:\Users\rober\.nuget\packages\microsoft.aspnetcore.app.ref\9.0.9\ref\net9.0\Microsoft.AspNetCore.Mvc.Razor.dll /reference:C:\Users\rober\.nuget\packages\microsoft.aspnetcore.app.ref\9.0.9\ref\net9.0\Microsoft.AspNetCore.Mvc.RazorPages.dll /reference:C:\Users\rober\.nuget\packages\microsoft.aspnetcore.app.ref\9.0.9\ref\net9.0\Microsoft.AspNetCore.Mvc.TagHelpers.dll /reference:C:\Users\rober\.nuget\packages\microsoft.aspnetcore.app.ref\9.0.9\ref\net9.0\Microsoft.AspNetCore.Mvc.ViewFeatures.dll /reference:C:\Users\rober\.nuget\packages\microsoft.aspnetcore.app.ref\9.0.9\ref\net9.0\Microsoft.AspNetCore.OutputCaching.dll /reference:C:\Users\rober\.nuget\packages\microsoft.aspnetcore.app.ref\9.0.9\ref\net9.0\Microsoft.AspNetCore.RateLimiting.dll /reference:C:\Users\rober\.nuget\packages\microsoft.aspnetcore.app.ref\9.0.9\ref\net9.0\Microsoft.AspNetCore.Razor.dll /reference:C:\Users\rober\.nuget\packages\microsoft.aspnetcore.app.ref\9.0.9\ref\net9.0\Microsoft.AspNetCore.Razor.Runtime.dll /reference:C:\Users\rober\.nuget\packages\microsoft.aspnetcore.app.ref\9.0.9\ref\net9.0\Microsoft.AspNetCore.RequestDecompression.dll /reference:C:\Users\rober\.nuget\packages\microsoft.aspnetcore.app.ref\9.0.9\ref\net9.0\Microsoft.AspNetCore.ResponseCaching.Abstractions.dll /reference:C:\Users\rober\.nuget\packages\microsoft.aspnetcore.app.ref\9.0.9\ref\net9.0\Microsoft.AspNetCore.ResponseCaching.dll /reference:C:\Users\rober\.nuget\packages\microsoft.aspnetcore.app.ref\9.0.9\ref\net9.0\Microsoft.AspNetCore.ResponseCompression.dll /reference:C:\Users\rober\.nuget\packages\microsoft.aspnetcore.app.ref\9.0.9\ref\net9.0\Microsoft.AspNetCore.Rewrite.dll /reference:C:\Users\rober\.nuget\packages\microsoft.aspnetcore.app.ref\9.0.9\ref\net9.0\Microsoft.AspNetCore.Routing.Abstractions.dll /reference:C:\Users\rober\.nuget\packages\microsoft.aspnetcore.app.ref\9.0.9\ref\net9.0\Microsoft.AspNetCore.Routing.dll /reference:C:\Users\rober\.nuget\packages\microsoft.aspnetcore.app.ref\9.0.9\ref\net9.0\Microsoft.AspNetCore.Server.HttpSys.dll /reference:C:\Users\rober\.nuget\packages\microsoft.aspnetcore.app.ref\9.0.9\ref\net9.0\Microsoft.AspNetCore.Server.IIS.dll /reference:C:\Users\rober\.nuget\packages\microsoft.aspnetcore.app.ref\9.0.9\ref\net9.0\Microsoft.AspNetCore.Server.IISIntegration.dll /reference:C:\Users\rober\.nuget\packages\microsoft.aspnetcore.app.ref\9.0.9\ref\net9.0\Microsoft.AspNetCore.Server.Kestrel.Core.dll /reference:C:\Users\rober\.nuget\packages\microsoft.aspnetcore.app.ref\9.0.9\ref\net9.0\Microsoft.AspNetCore.Server.Kestrel.dll /reference:C:\Users\rober\.nuget\packages\microsoft.aspnetcore.app.ref\9.0.9\ref\net9.0\Microsoft.AspNetCore.Server.Kestrel.Transport.NamedPipes.dll /reference:C:\Users\rober\.nuget\packages\microsoft.aspnetcore.app.ref\9.0.9\ref\net9.0\Microsoft.AspNetCore.Server.Kestrel.Transport.Quic.dll /reference:C:\Users\rober\.nuget\packages\microsoft.aspnetcore.app.ref\9.0.9\ref\net9.0\Microsoft.AspNetCore.Server.Kestrel.Transport.Sockets.dll /reference:C:\Users\rober\.nuget\packages\microsoft.aspnetcore.app.ref\9.0.9\ref\net9.0\Microsoft.AspNetCore.Session.dll /reference:C:\Users\rober\.nuget\packages\microsoft.aspnetcore.app.ref\9.0.9\ref\net9.0\Microsoft.AspNetCore.SignalR.Common.dll /reference:C:\Users\rober\.nuget\packages\microsoft.aspnetcore.app.ref\9.0.9\ref\net9.0\Microsoft.AspNetCore.SignalR.Core.dll /reference:C:\Users\rober\.nuget\packages\microsoft.aspnetcore.app.ref\9.0.9\ref\net9.0\Microsoft.AspNetCore.SignalR.dll /reference:C:\Users\rober\.nuget\packages\microsoft.aspnetcore.app.ref\9.0.9\ref\net9.0\Microsoft.AspNetCore.SignalR.Protocols.Json.dll /reference:C:\Users\rober\.nuget\packages\microsoft.aspnetcore.app.ref\9.0.9\ref\net9.0\Microsoft.AspNetCore.StaticAssets.dll /reference:C:\Users\rober\.nuget\packages\microsoft.aspnetcore.app.ref\9.0.9\ref\net9.0\Microsoft.AspNetCore.StaticFiles.dll /reference:C:\Users\rober\.nuget\packages\microsoft.aspnetcore.app.ref\9.0.9\ref\net9.0\Microsoft.AspNetCore.WebSockets.dll /reference:C:\Users\rober\.nuget\packages\microsoft.aspnetcore.app.ref\9.0.9\ref\net9.0\Microsoft.AspNetCore.WebUtilities.dll /reference:C:\Users\rober\.nuget\packages\microsoft.netcore.app.ref\9.0.9\ref\net9.0\Microsoft.CSharp.dll /reference:C:\Users\rober\.nuget\packages\microsoft.aspnetcore.app.ref\9.0.9\ref\net9.0\Microsoft.Extensions.Caching.Abstractions.dll /reference:C:\Users\rober\.nuget\packages\microsoft.aspnetcore.app.ref\9.0.9\ref\net9.0\Microsoft.Extensions.Caching.Memory.dll /reference:C:\Users\rober\.nuget\packages\microsoft.aspnetcore.app.ref\9.0.9\ref\net9.0\Microsoft.Extensions.Configuration.Abstractions.dll /reference:C:\Users\rober\.nuget\packages\microsoft.aspnetcore.app.ref\9.0.9\ref\net9.0\Microsoft.Extensions.Configuration.Binder.dll /reference:C:\Users\rober\.nuget\packages\microsoft.aspnetcore.app.ref\9.0.9\ref\net9.0\Microsoft.Extensions.Configuration.CommandLine.dll /reference:C:\Users\rober\.nuget\packages\microsoft.aspnetcore.app.ref\9.0.9\ref\net9.0\Microsoft.Extensions.Configuration.dll /reference:C:\Users\rober\.nuget\packages\microsoft.aspnetcore.app.ref\9.0.9\ref\net9.0\Microsoft.Extensions.Configuration.EnvironmentVariables.dll /reference:C:\Users\rober\.nuget\packages\microsoft.aspnetcore.app.ref\9.0.9\ref\net9.0\Microsoft.Extensions.Configuration.FileExtensions.dll /reference:C:\Users\rober\.nuget\packages\microsoft.aspnetcore.app.ref\9.0.9\ref\net9.0\Microsoft.Extensions.Configuration.Ini.dll /reference:C:\Users\rober\.nuget\packages\microsoft.aspnetcore.app.ref\9.0.9\ref\net9.0\Microsoft.Extensions.Configuration.Json.dll /reference:C:\Users\rober\.nuget\packages\microsoft.aspnetcore.app.ref\9.0.9\ref\net9.0\Microsoft.Extensions.Configuration.KeyPerFile.dll /reference:C:\Users\rober\.nuget\packages\microsoft.aspnetcore.app.ref\9.0.9\ref\net9.0\Microsoft.Extensions.Configuration.UserSecrets.dll /reference:C:\Users\rober\.nuget\packages\microsoft.aspnetcore.app.ref\9.0.9\ref\net9.0\Microsoft.Extensions.Configuration.Xml.dll /reference:C:\Users\rober\.nuget\packages\microsoft.aspnetcore.app.ref\9.0.9\ref\net9.0\Microsoft.Extensions.DependencyInjection.Abstractions.dll /reference:C:\Users\rober\.nuget\packages\microsoft.aspnetcore.app.ref\9.0.9\ref\net9.0\Microsoft.Extensions.DependencyInjection.dll /reference:C:\Users\rober\.nuget\packages\microsoft.aspnetcore.app.ref\9.0.9\ref\net9.0\Microsoft.Extensions.Diagnostics.Abstractions.dll /reference:C:\Users\rober\.nuget\packages\microsoft.aspnetcore.app.ref\9.0.9\ref\net9.0\Microsoft.Extensions.Diagnostics.dll /reference:C:\Users\rober\.nuget\packages\microsoft.aspnetcore.app.ref\9.0.9\ref\net9.0\Microsoft.Extensions.Diagnostics.HealthChecks.Abstractions.dll /reference:C:\Users\rober\.nuget\packages\microsoft.aspnetcore.app.ref\9.0.9\ref\net9.0\Microsoft.Extensions.Diagnostics.HealthChecks.dll /reference:C:\Users\rober\.nuget\packages\microsoft.aspnetcore.app.ref\9.0.9\ref\net9.0\Microsoft.Extensions.Features.dll /reference:C:\Users\rober\.nuget\packages\microsoft.aspnetcore.app.ref\9.0.9\ref\net9.0\Microsoft.Extensions.FileProviders.Abstractions.dll /reference:C:\Users\rober\.nuget\packages\microsoft.aspnetcore.app.ref\9.0.9\ref\net9.0\Microsoft.Extensions.FileProviders.Composite.dll /reference:C:\Users\rober\.nuget\packages\microsoft.aspnetcore.app.ref\9.0.9\ref\net9.0\Microsoft.Extensions.FileProviders.Embedded.dll /reference:C:\Users\rober\.nuget\packages\microsoft.aspnetcore.app.ref\9.0.9\ref\net9.0\Microsoft.Extensions.FileProviders.Physical.dll /reference:C:\Users\rober\.nuget\packages\microsoft.aspnetcore.app.ref\9.0.9\ref\net9.0\Microsoft.Extensions.FileSystemGlobbing.dll /reference:C:\Users\rober\.nuget\packages\microsoft.aspnetcore.app.ref\9.0.9\ref\net9.0\Microsoft.Extensions.Hosting.Abstractions.dll /reference:C:\Users\rober\.nuget\packages\microsoft.aspnetcore.app.ref\9.0.9\ref\net9.0\Microsoft.Extensions.Hosting.dll /reference:C:\Users\rober\.nuget\packages\microsoft.aspnetcore.app.ref\9.0.9\ref\net9.0\Microsoft.Extensions.Http.dll /reference:C:\Users\rober\.nuget\packages\microsoft.aspnetcore.app.ref\9.0.9\ref\net9.0\Microsoft.Extensions.Identity.Core.dll /reference:C:\Users\rober\.nuget\packages\microsoft.aspnetcore.app.ref\9.0.9\ref\net9.0\Microsoft.Extensions.Identity.Stores.dll /reference:C:\Users\rober\.nuget\packages\microsoft.aspnetcore.app.ref\9.0.9\ref\net9.0\Microsoft.Extensions.Localization.Abstractions.dll /reference:C:\Users\rober\.nuget\packages\microsoft.aspnetcore.app.ref\9.0.9\ref\net9.0\Microsoft.Extensions.Localization.dll /reference:C:\Users\rober\.nuget\packages\microsoft.aspnetcore.app.ref\9.0.9\ref\net9.0\Microsoft.Extensions.Logging.Abstractions.dll /reference:C:\Users\rober\.nuget\packages\microsoft.aspnetcore.app.ref\9.0.9\ref\net9.0\Microsoft.Extensions.Logging.Configuration.dll /reference:C:\Users\rober\.nuget\packages\microsoft.aspnetcore.app.ref\9.0.9\ref\net9.0\Microsoft.Extensions.Logging.Console.dll /reference:C:\Users\rober\.nuget\packages\microsoft.aspnetcore.app.ref\9.0.9\ref\net9.0\Microsoft.Extensions.Logging.Debug.dll /reference:C:\Users\rober\.nuget\packages\microsoft.aspnetcore.app.ref\9.0.9\ref\net9.0\Microsoft.Extensions.Logging.dll /reference:C:\Users\rober\.nuget\packages\microsoft.aspnetcore.app.ref\9.0.9\ref\net9.0\Microsoft.Extensions.Logging.EventLog.dll /reference:C:\Users\rober\.nuget\packages\microsoft.aspnetcore.app.ref\9.0.9\ref\net9.0\Microsoft.Extensions.Logging.EventSource.dll /reference:C:\Users\rober\.nuget\packages\microsoft.aspnetcore.app.ref\9.0.9\ref\net9.0\Microsoft.Extensions.Logging.TraceSource.dll /reference:C:\Users\rober\.nuget\packages\microsoft.aspnetcore.app.ref\9.0.9\ref\net9.0\Microsoft.Extensions.ObjectPool.dll /reference:C:\Users\rober\.nuget\packages\microsoft.aspnetcore.app.ref\9.0.9\ref\net9.0\Microsoft.Extensions.Options.ConfigurationExtensions.dll /reference:C:\Users\rober\.nuget\packages\microsoft.aspnetcore.app.ref\9.0.9\ref\net9.0\Microsoft.Extensions.Options.DataAnnotations.dll /reference:C:\Users\rober\.nuget\packages\microsoft.aspnetcore.app.ref\9.0.9\ref\net9.0\Microsoft.Extensions.Options.dll /reference:C:\Users\rober\.nuget\packages\microsoft.aspnetcore.app.ref\9.0.9\ref\net9.0\Microsoft.Extensions.Primitives.dll /reference:C:\Users\rober\.nuget\packages\microsoft.aspnetcore.app.ref\9.0.9\ref\net9.0\Microsoft.Extensions.WebEncoders.dll /reference:C:\Users\rober\.nuget\packages\microsoft.aspnetcore.app.ref\9.0.9\ref\net9.0\Microsoft.JSInterop.dll /reference:C:\Users\rober\.nuget\packages\microsoft.aspnetcore.app.ref\9.0.9\ref\net9.0\Microsoft.Net.Http.Headers.dll /reference:C:\Users\rober\.nuget\packages\microsoft.testplatform.testhost\17.9.0\lib\netcoreapp3.1\Microsoft.TestPlatform.CommunicationUtilities.dll /reference:C:\Users\rober\.nuget\packages\microsoft.testplatform.testhost\17.9.0\lib\netcoreapp3.1\Microsoft.TestPlatform.CoreUtilities.dll /reference:C:\Users\rober\.nuget\packages\microsoft.testplatform.testhost\17.9.0\lib\netcoreapp3.1\Microsoft.TestPlatform.CrossPlatEngine.dll /reference:C:\Users\rober\.nuget\packages\microsoft.testplatform.testhost\17.9.0\lib\netcoreapp3.1\Microsoft.TestPlatform.PlatformAbstractions.dll /reference:C:\Users\rober\.nuget\packages\microsoft.testplatform.testhost\17.9.0\lib\netcoreapp3.1\Microsoft.TestPlatform.Utilities.dll /reference:C:\Users\rober\.nuget\packages\microsoft.netcore.app.ref\9.0.9\ref\net9.0\Microsoft.VisualBasic.Core.dll /reference:C:\Users\rober\.nuget\packages\microsoft.netcore.app.ref\9.0.9\ref\net9.0\Microsoft.VisualBasic.dll /reference:C:\Users\rober\.nuget\packages\microsoft.codecoverage\17.9.0\lib\netcoreapp3.1\Microsoft.VisualStudio.CodeCoverage.Shim.dll /reference:C:\Users\rober\.nuget\packages\microsoft.testplatform.testhost\17.9.0\lib\netcoreapp3.1\Microsoft.VisualStudio.TestPlatform.Common.dll /reference:C:\Users\rober\.nuget\packages\microsoft.testplatform.testhost\17.9.0\lib\netcoreapp3.1\Microsoft.VisualStudio.TestPlatform.ObjectModel.dll /reference:C:\Users\rober\.nuget\packages\microsoft.netcore.app.ref\9.0.9\ref\net9.0\Microsoft.Win32.Primitives.dll /reference:C:\Users\rober\.nuget\packages\microsoft.netcore.app.ref\9.0.9\ref\net9.0\Microsoft.Win32.Registry.dll /reference:C:\Users\rober\.nuget\packages\microsoft.netcore.app.ref\9.0.9\ref\net9.0\mscorlib.dll /reference:C:\Users\rober\.nuget\packages\microsoft.netcore.app.ref\9.0.9\ref\net9.0\netstandard.dll /reference:C:\Users\rober\.nuget\packages\newtonsoft.json\13.0.1\lib\netstandard2.0\Newtonsoft.Json.dll /reference:C:\Projetos\Razor\obj\Debug\net9.0\ref\RazorDataPresentation.dll /reference:C:\Users\rober\.nuget\packages\microsoft.netcore.app.ref\9.0.9\ref\net9.0\System.AppContext.dll /reference:C:\Users\rober\.nuget\packages\microsoft.netcore.app.ref\9.0.9\ref\net9.0\System.Buffers.dll /reference:C:\Users\rober\.nuget\packages\microsoft.netcore.app.ref\9.0.9\ref\net9.0\System.Collections.Concurrent.dll /reference:C:\Users\rober\.nuget\packages\microsoft.netcore.app.ref\9.0.9\ref\net9.0\System.Collections.dll /reference:C:\Users\rober\.nuget\packages\microsoft.netcore.app.ref\9.0.9\ref\net9.0\System.Collections.Immutable.dll /reference:C:\Users\rober\.nuget\packages\microsoft.netcore.app.ref\9.0.9\ref\net9.0\System.Collections.NonGeneric.dll /reference:C:\Users\rober\.nuget\packages\microsoft.netcore.app.ref\9.0.9\ref\net9.0\System.Collections.Specialized.dll /reference:C:\Users\rober\.nuget\packages\microsoft.netcore.app.ref\9.0.9\ref\net9.0\System.ComponentModel.Annotations.dll /reference:C:\Users\rober\.nuget\packages\microsoft.netcore.app.ref\9.0.9\ref\net9.0\System.ComponentModel.DataAnnotations.dll /reference:C:\Users\rober\.nuget\packages\microsoft.netcore.app.ref\9.0.9\ref\net9.0\System.ComponentModel.dll /reference:C:\Users\rober\.nuget\packages\microsoft.netcore.app.ref\9.0.9\ref\net9.0\System.ComponentModel.EventBasedAsync.dll /reference:C:\Users\rober\.nuget\packages\microsoft.netcore.app.ref\9.0.9\ref\net9.0\System.ComponentModel.Primitives.dll /reference:C:\Users\rober\.nuget\packages\microsoft.netcore.app.ref\9.0.9\ref\net9.0\System.ComponentModel.TypeConverter.dll /reference:C:\Users\rober\.nuget\packages\microsoft.netcore.app.ref\9.0.9\ref\net9.0\System.Configuration.dll /reference:C:\Users\rober\.nuget\packages\microsoft.netcore.app.ref\9.0.9\ref\net9.0\System.Console.dll /reference:C:\Users\rober\.nuget\packages\microsoft.netcore.app.ref\9.0.9\ref\net9.0\System.Core.dll /reference:C:\Users\rober\.nuget\packages\microsoft.netcore.app.ref\9.0.9\ref\net9.0\System.Data.Common.dll /reference:C:\Users\rober\.nuget\packages\microsoft.netcore.app.ref\9.0.9\ref\net9.0\System.Data.DataSetExtensions.dll /reference:C:\Users\rober\.nuget\packages\microsoft.netcore.app.ref\9.0.9\ref\net9.0\System.Data.dll /reference:C:\Users\rober\.nuget\packages\microsoft.netcore.app.ref\9.0.9\ref\net9.0\System.Diagnostics.Contracts.dll /reference:C:\Users\rober\.nuget\packages\microsoft.netcore.app.ref\9.0.9\ref\net9.0\System.Diagnostics.Debug.dll /reference:C:\Users\rober\.nuget\packages\microsoft.netcore.app.ref\9.0.9\ref\net9.0\System.Diagnostics.DiagnosticSource.dll /reference:C:\Users\rober\.nuget\packages\microsoft.aspnetcore.app.ref\9.0.9\ref\net9.0\System.Diagnostics.EventLog.dll /reference:C:\Users\rober\.nuget\packages\microsoft.netcore.app.ref\9.0.9\ref\net9.0\System.Diagnostics.FileVersionInfo.dll /reference:C:\Users\rober\.nuget\packages\microsoft.netcore.app.ref\9.0.9\ref\net9.0\System.Diagnostics.Process.dll /reference:C:\Users\rober\.nuget\packages\microsoft.netcore.app.ref\9.0.9\ref\net9.0\System.Diagnostics.StackTrace.dll /reference:C:\Users\rober\.nuget\packages\microsoft.netcore.app.ref\9.0.9\ref\net9.0\System.Diagnostics.TextWriterTraceListener.dll /reference:C:\Users\rober\.nuget\packages\microsoft.netcore.app.ref\9.0.9\ref\net9.0\System.Diagnostics.Tools.dll /reference:C:\Users\rober\.nuget\packages\microsoft.netcore.app.ref\9.0.9\ref\net9.0\System.Diagnostics.TraceSource.dll /reference:C:\Users\rober\.nuget\packages\microsoft.netcore.app.ref\9.0.9\ref\net9.0\System.Diagnostics.Tracing.dll /reference:C:\Users\rober\.nuget\packages\microsoft.netcore.app.ref\9.0.9\ref\net9.0\System.dll /reference:C:\Users\rober\.nuget\packages\microsoft.netcore.app.ref\9.0.9\ref\net9.0\System.Drawing.dll /reference:C:\Users\rober\.nuget\packages\microsoft.netcore.app.ref\9.0.9\ref\net9.0\System.Drawing.Primitives.dll /reference:C:\Users\rober\.nuget\packages\microsoft.netcore.app.ref\9.0.9\ref\net9.0\System.Dynamic.Runtime.dll /reference:C:\Users\rober\.nuget\packages\microsoft.netcore.app.ref\9.0.9\ref\net9.0\System.Formats.Asn1.dll /reference:C:\Users\rober\.nuget\packages\microsoft.netcore.app.ref\9.0.9\ref\net9.0\System.Formats.Tar.dll /reference:C:\Users\rober\.nuget\packages\microsoft.netcore.app.ref\9.0.9\ref\net9.0\System.Globalization.Calendars.dll /reference:C:\Users\rober\.nuget\packages\microsoft.netcore.app.ref\9.0.9\ref\net9.0\System.Globalization.dll /reference:C:\Users\rober\.nuget\packages\microsoft.netcore.app.ref\9.0.9\ref\net9.0\System.Globalization.Extensions.dll /reference:C:\Users\rober\.nuget\packages\microsoft.netcore.app.ref\9.0.9\ref\net9.0\System.IO.Compression.Brotli.dll /reference:C:\Users\rober\.nuget\packages\microsoft.netcore.app.ref\9.0.9\ref\net9.0\System.IO.Compression.dll /reference:C:\Users\rober\.nuget\packages\microsoft.netcore.app.ref\9.0.9\ref\net9.0\System.IO.Compression.FileSystem.dll /reference:C:\Users\rober\.nuget\packages\microsoft.netcore.app.ref\9.0.9\ref\net9.0\System.IO.Compression.ZipFile.dll /reference:C:\Users\rober\.nuget\packages\microsoft.netcore.app.ref\9.0.9\ref\net9.0\System.IO.dll /reference:C:\Users\rober\.nuget\packages\microsoft.netcore.app.ref\9.0.9\ref\net9.0\System.IO.FileSystem.AccessControl.dll /reference:C:\Users\rober\.nuget\packages\microsoft.netcore.app.ref\9.0.9\ref\net9.0\System.IO.FileSystem.dll /reference:C:\Users\rober\.nuget\packages\microsoft.netcore.app.ref\9.0.9\ref\net9.0\System.IO.FileSystem.DriveInfo.dll /reference:C:\Users\rober\.nuget\packages\microsoft.netcore.app.ref\9.0.9\ref\net9.0\System.IO.FileSystem.Primitives.dll /reference:C:\Users\rober\.nuget\packages\microsoft.netcore.app.ref\9.0.9\ref\net9.0\System.IO.FileSystem.Watcher.dll /reference:C:\Users\rober\.nuget\packages\microsoft.netcore.app.ref\9.0.9\ref\net9.0\System.IO.IsolatedStorage.dll /reference:C:\Users\rober\.nuget\packages\microsoft.netcore.app.ref\9.0.9\ref\net9.0\System.IO.MemoryMappedFiles.dll /reference:C:\Users\rober\.nuget\packages\microsoft.netcore.app.ref\9.0.9\ref\net9.0\System.IO.Pipelines.dll /reference:C:\Users\rober\.nuget\packages\microsoft.netcore.app.ref\9.0.9\ref\net9.0\System.IO.Pipes.AccessControl.dll /reference:C:\Users\rober\.nuget\packages\microsoft.netcore.app.ref\9.0.9\ref\net9.0\System.IO.Pipes.dll /reference:C:\Users\rober\.nuget\packages\microsoft.netcore.app.ref\9.0.9\ref\net9.0\System.IO.UnmanagedMemoryStream.dll /reference:C:\Users\rober\.nuget\packages\microsoft.netcore.app.ref\9.0.9\ref\net9.0\System.Linq.dll /reference:C:\Users\rober\.nuget\packages\microsoft.netcore.app.ref\9.0.9\ref\net9.0\System.Linq.Expressions.dll /reference:C:\Users\rober\.nuget\packages\microsoft.netcore.app.ref\9.0.9\ref\net9.0\System.Linq.Parallel.dll /reference:C:\Users\rober\.nuget\packages\microsoft.netcore.app.ref\9.0.9\ref\net9.0\System.Linq.Queryable.dll /reference:C:\Users\rober\.nuget\packages\microsoft.netcore.app.ref\9.0.9\ref\net9.0\System.Memory.dll /reference:C:\Users\rober\.nuget\packages\microsoft.netcore.app.ref\9.0.9\ref\net9.0\System.Net.dll /reference:C:\Users\rober\.nuget\packages\microsoft.netcore.app.ref\9.0.9\ref\net9.0\System.Net.Http.dll /reference:C:\Users\rober\.nuget\packages\microsoft.netcore.app.ref\9.0.9\ref\net9.0\System.Net.Http.Json.dll /reference:C:\Users\rober\.nuget\packages\microsoft.netcore.app.ref\9.0.9\ref\net9.0\System.Net.HttpListener.dll /reference:C:\Users\rober\.nuget\packages\microsoft.netcore.app.ref\9.0.9\ref\net9.0\System.Net.Mail.dll /reference:C:\Users\rober\.nuget\packages\microsoft.netcore.app.ref\9.0.9\ref\net9.0\System.Net.NameResolution.dll /reference:C:\Users\rober\.nuget\packages\microsoft.netcore.app.ref\9.0.9\ref\net9.0\System.Net.NetworkInformation.dll /reference:C:\Users\rober\.nuget\packages\microsoft.netcore.app.ref\9.0.9\ref\net9.0\System.Net.Ping.dll /reference:C:\Users\rober\.nuget\packages\microsoft.netcore.app.ref\9.0.9\ref\net9.0\System.Net.Primitives.dll /reference:C:\Users\rober\.nuget\packages\microsoft.netcore.app.ref\9.0.9\ref\net9.0\System.Net.Quic.dll /reference:C:\Users\rober\.nuget\packages\microsoft.netcore.app.ref\9.0.9\ref\net9.0\System.Net.Requests.dll /reference:C:\Users\rober\.nuget\packages\microsoft.netcore.app.ref\9.0.9\ref\net9.0\System.Net.Security.dll /reference:C:\Users\rober\.nuget\packages\microsoft.netcore.app.ref\9.0.9\ref\net9.0\System.Net.ServicePoint.dll /reference:C:\Users\rober\.nuget\packages\microsoft.netcore.app.ref\9.0.9\ref\net9.0\System.Net.Sockets.dll /reference:C:\Users\rober\.nuget\packages\microsoft.netcore.app.ref\9.0.9\ref\net9.0\System.Net.WebClient.dll /reference:C:\Users\rober\.nuget\packages\microsoft.netcore.app.ref\9.0.9\ref\net9.0\System.Net.WebHeaderCollection.dll /reference:C:\Users\rober\.nuget\packages\microsoft.netcore.app.ref\9.0.9\ref\net9.0\System.Net.WebProxy.dll /reference:C:\Users\rober\.nuget\packages\microsoft.netcore.app.ref\9.0.9\ref\net9.0\System.Net.WebSockets.Client.dll /reference:C:\Users\rober\.nuget\packages\microsoft.netcore.app.ref\9.0.9\ref\net9.0\System.Net.WebSockets.dll /reference:C:\Users\rober\.nuget\packages\microsoft.netcore.app.ref\9.0.9\ref\net9.0\System.Numerics.dll /reference:C:\Users\rober\.nuget\packages\microsoft.netcore.app.ref\9.0.9\ref\net9.0\System.Numerics.Vectors.dll /reference:C:\Users\rober\.nuget\packages\microsoft.netcore.app.ref\9.0.9\ref\net9.0\System.ObjectModel.dll /reference:C:\Users\rober\.nuget\packages\microsoft.netcore.app.ref\9.0.9\ref\net9.0\System.Reflection.DispatchProxy.dll /reference:C:\Users\rober\.nuget\packages\microsoft.netcore.app.ref\9.0.9\ref\net9.0\System.Reflection.dll /reference:C:\Users\rober\.nuget\packages\microsoft.netcore.app.ref\9.0.9\ref\net9.0\System.Reflection.Emit.dll /reference:C:\Users\rober\.nuget\packages\microsoft.netcore.app.ref\9.0.9\ref\net9.0\System.Reflection.Emit.ILGeneration.dll /reference:C:\Users\rober\.nuget\packages\microsoft.netcore.app.ref\9.0.9\ref\net9.0\System.Reflection.Emit.Lightweight.dll /reference:C:\Users\rober\.nuget\packages\microsoft.netcore.app.ref\9.0.9\ref\net9.0\System.Reflection.Extensions.dll /reference:C:\Users\rober\.nuget\packages\microsoft.netcore.app.ref\9.0.9\ref\net9.0\System.Reflection.Metadata.dll /reference:C:\Users\rober\.nuget\packages\microsoft.netcore.app.ref\9.0.9\ref\net9.0\System.Reflection.Primitives.dll /reference:C:\Users\rober\.nuget\packages\microsoft.netcore.app.ref\9.0.9\ref\net9.0\System.Reflection.TypeExtensions.dll /reference:C:\Users\rober\.nuget\packages\microsoft.netcore.app.ref\9.0.9\ref\net9.0\System.Resources.Reader.dll /reference:C:\Users\rober\.nuget\packages\microsoft.netcore.app.ref\9.0.9\ref\net9.0\System.Resources.ResourceManager.dll /reference:C:\Users\rober\.nuget\packages\microsoft.netcore.app.ref\9.0.9\ref\net9.0\System.Resources.Writer.dll /reference:C:\Users\rober\.nuget\packages\microsoft.netcore.app.ref\9.0.9\ref\net9.0\System.Runtime.CompilerServices.Unsafe.dll /reference:C:\Users\rober\.nuget\packages\microsoft.netcore.app.ref\9.0.9\ref\net9.0\System.Runtime.CompilerServices.VisualC.dll /reference:C:\Users\rober\.nuget\packages\microsoft.netcore.app.ref\9.0.9\ref\net9.0\System.Runtime.dll /reference:C:\Users\rober\.nuget\packages\microsoft.netcore.app.ref\9.0.9\ref\net9.0\System.Runtime.Extensions.dll /reference:C:\Users\rober\.nuget\packages\microsoft.netcore.app.ref\9.0.9\ref\net9.0\System.Runtime.Handles.dll /reference:C:\Users\rober\.nuget\packages\microsoft.netcore.app.ref\9.0.9\ref\net9.0\System.Runtime.InteropServices.dll /reference:C:\Users\rober\.nuget\packages\microsoft.netcore.app.ref\9.0.9\ref\net9.0\System.Runtime.InteropServices.JavaScript.dll /reference:C:\Users\rober\.nuget\packages\microsoft.netcore.app.ref\9.0.9\ref\net9.0\System.Runtime.InteropServices.RuntimeInformation.dll /reference:C:\Users\rober\.nuget\packages\microsoft.netcore.app.ref\9.0.9\ref\net9.0\System.Runtime.Intrinsics.dll /reference:C:\Users\rober\.nuget\packages\microsoft.netcore.app.ref\9.0.9\ref\net9.0\System.Runtime.Loader.dll /reference:C:\Users\rober\.nuget\packages\microsoft.netcore.app.ref\9.0.9\ref\net9.0\System.Runtime.Numerics.dll /reference:C:\Users\rober\.nuget\packages\microsoft.netcore.app.ref\9.0.9\ref\net9.0\System.Runtime.Serialization.dll /reference:C:\Users\rober\.nuget\packages\microsoft.netcore.app.ref\9.0.9\ref\net9.0\System.Runtime.Serialization.Formatters.dll /reference:C:\Users\rober\.nuget\packages\microsoft.netcore.app.ref\9.0.9\ref\net9.0\System.Runtime.Serialization.Json.dll /reference:C:\Users\rober\.nuget\packages\microsoft.netcore.app.ref\9.0.9\ref\net9.0\System.Runtime.Serialization.Primitives.dll /reference:C:\Users\rober\.nuget\packages\microsoft.netcore.app.ref\9.0.9\ref\net9.0\System.Runtime.Serialization.Xml.dll /reference:C:\Users\rober\.nuget\packages\microsoft.netcore.app.ref\9.0.9\ref\net9.0\System.Security.AccessControl.dll /reference:C:\Users\rober\.nuget\packages\microsoft.netcore.app.ref\9.0.9\ref\net9.0\System.Security.Claims.dll /reference:C:\Users\rober\.nuget\packages\microsoft.netcore.app.ref\9.0.9\ref\net9.0\System.Security.Cryptography.Algorithms.dll /reference:C:\Users\rober\.nuget\packages\microsoft.netcore.app.ref\9.0.9\ref\net9.0\System.Security.Cryptography.Cng.dll /reference:C:\Users\rober\.nuget\packages\microsoft.netcore.app.ref\9.0.9\ref\net9.0\System.Security.Cryptography.Csp.dll /reference:C:\Users\rober\.nuget\packages\microsoft.netcore.app.ref\9.0.9\ref\net9.0\System.Security.Cryptography.dll /reference:C:\Users\rober\.nuget\packages\microsoft.netcore.app.ref\9.0.9\ref\net9.0\System.Security.Cryptography.Encoding.dll /reference:C:\Users\rober\.nuget\packages\microsoft.netcore.app.ref\9.0.9\ref\net9.0\System.Security.Cryptography.OpenSsl.dll /reference:C:\Users\rober\.nuget\packages\microsoft.netcore.app.ref\9.0.9\ref\net9.0\System.Security.Cryptography.Primitives.dll /reference:C:\Users\rober\.nuget\packages\microsoft.netcore.app.ref\9.0.9\ref\net9.0\System.Security.Cryptography.X509Certificates.dll /reference:C:\Users\rober\.nuget\packages\microsoft.aspnetcore.app.ref\9.0.9\ref\net9.0\System.Security.Cryptography.Xml.dll /reference:C:\Users\rober\.nuget\packages\microsoft.netcore.app.ref\9.0.9\ref\net9.0\System.Security.dll /reference:C:\Users\rober\.nuget\packages\microsoft.netcore.app.ref\9.0.9\ref\net9.0\System.Security.Principal.dll /reference:C:\Users\rober\.nuget\packages\microsoft.netcore.app.ref\9.0.9\ref\net9.0\System.Security.Principal.Windows.dll /reference:C:\Users\rober\.nuget\packages\microsoft.netcore.app.ref\9.0.9\ref\net9.0\System.Security.SecureString.dll /reference:C:\Users\rober\.nuget\packages\microsoft.netcore.app.ref\9.0.9\ref\net9.0\System.ServiceModel.Web.dll /reference:C:\Users\rober\.nuget\packages\microsoft.netcore.app.ref\9.0.9\ref\net9.0\System.ServiceProcess.dll /reference:C:\Users\rober\.nuget\packages\microsoft.netcore.app.ref\9.0.9\ref\net9.0\System.Text.Encoding.CodePages.dll /reference:C:\Users\rober\.nuget\packages\microsoft.netcore.app.ref\9.0.9\ref\net9.0\System.Text.Encoding.dll /reference:C:\Users\rober\.nuget\packages\microsoft.netcore.app.ref\9.0.9\ref\net9.0\System.Text.Encoding.Extensions.dll /reference:C:\Users\rober\.nuget\packages\microsoft.netcore.app.ref\9.0.9\ref\net9.0\System.Text.Encodings.Web.dll /reference:C:\Users\rober\.nuget\packages\microsoft.netcore.app.ref\9.0.9\ref\net9.0\System.Text.Json.dll /reference:C:\Users\rober\.nuget\packages\microsoft.netcore.app.ref\9.0.9\ref\net9.0\System.Text.RegularExpressions.dll /reference:C:\Users\rober\.nuget\packages\microsoft.netcore.app.ref\9.0.9\ref\net9.0\System.Threading.Channels.dll /reference:C:\Users\rober\.nuget\packages\microsoft.netcore.app.ref\9.0.9\ref\net9.0\System.Threading.dll /reference:C:\Users\rober\.nuget\packages\microsoft.netcore.app.ref\9.0.9\ref\net9.0\System.Threading.Overlapped.dll /reference:C:\Users\rober\.nuget\packages\microsoft.aspnetcore.app.ref\9.0.9\ref\net9.0\System.Threading.RateLimiting.dll /reference:C:\Users\rober\.nuget\packages\microsoft.netcore.app.ref\9.0.9\ref\net9.0\System.Threading.Tasks.Dataflow.dll /reference:C:\Users\rober\.nuget\packages\microsoft.netcore.app.ref\9.0.9\ref\net9.0\System.Threading.Tasks.dll /reference:C:\Users\rober\.nuget\packages\microsoft.netcore.app.ref\9.0.9\ref\net9.0\System.Threading.Tasks.Extensions.dll /reference:C:\Users\rober\.nuget\packages\microsoft.netcore.app.ref\9.0.9\ref\net9.0\System.Threading.Tasks.Parallel.dll /reference:C:\Users\rober\.nuget\packages\microsoft.netcore.app.ref\9.0.9\ref\net9.0\System.Threading.Thread.dll /reference:C:\Users\rober\.nuget\packages\microsoft.netcore.app.ref\9.0.9\ref\net9.0\System.Threading.ThreadPool.dll /reference:C:\Users\rober\.nuget\packages\microsoft.netcore.app.ref\9.0.9\ref\net9.0\System.Threading.Timer.dll /reference:C:\Users\rober\.nuget\packages\microsoft.netcore.app.ref\9.0.9\ref\net9.0\System.Transactions.dll /reference:C:\Users\rober\.nuget\packages\microsoft.netcore.app.ref\9.0.9\ref\net9.0\System.Transactions.Local.dll /reference:C:\Users\rober\.nuget\packages\microsoft.netcore.app.ref\9.0.9\ref\net9.0\System.ValueTuple.dll /reference:C:\Users\rober\.nuget\packages\microsoft.netcore.app.ref\9.0.9\ref\net9.0\System.Web.dll /reference:C:\Users\rober\.nuget\packages\microsoft.netcore.app.ref\9.0.9\ref\net9.0\System.Web.HttpUtility.dll /reference:C:\Users\rober\.nuget\packages\microsoft.netcore.app.ref\9.0.9\ref\net9.0\System.Windows.dll /reference:C:\Users\rober\.nuget\packages\microsoft.netcore.app.ref\9.0.9\ref\net9.0\System.Xml.dll /reference:C:\Users\rober\.nuget\packages\microsoft.netcore.app.ref\9.0.9\ref\net9.0\System.Xml.Linq.dll /reference:C:\Users\rober\.nuget\packages\microsoft.netcore.app.ref\9.0.9\ref\net9.0\System.Xml.ReaderWriter.dll /reference:C:\Users\rober\.nuget\packages\microsoft.netcore.app.ref\9.0.9\ref\net9.0\System.Xml.Serialization.dll /reference:C:\Users\rober\.nuget\packages\microsoft.netcore.app.ref\9.0.9\ref\net9.0\System.Xml.XDocument.dll /reference:C:\Users\rober\.nuget\packages\microsoft.netcore.app.ref\9.0.9\ref\net9.0\System.Xml.XmlDocument.dll /reference:C:\Users\rober\.nuget\packages\microsoft.netcore.app.ref\9.0.9\ref\net9.0\System.Xml.XmlSerializer.dll /reference:C:\Users\rober\.nuget\packages\microsoft.netcore.app.ref\9.0.9\ref\net9.0\System.Xml.XPath.dll /reference:C:\Users\rober\.nuget\packages\microsoft.netcore.app.ref\9.0.9\ref\net9.0\System.Xml.XPath.XDocument.dll /reference:C:\Users\rober\.nuget\packages\microsoft.testplatform.testhost\17.9.0\lib\netcoreapp3.1\testhost.dll /reference:C:\Users\rober\.nuget\packages\microsoft.netcore.app.ref\9.0.9\ref\net9.0\WindowsBase.dll /reference:C:\Users\rober\.nuget\packages\xunit.abstractions\2.0.3\lib\netstandard2.0\xunit.abstractions.dll /reference:C:\Users\rober\.nuget\packages\xunit.assert\2.9.3\lib\net6.0\xunit.assert.dll /reference:C:\Users\rober\.nuget\packages\xunit.extensibility.core\2.9.3\lib\netstandard1.1\xunit.core.dll /reference:C:\Users\rober\.nuget\packages\xunit.extensibility.execution\2.9.3\lib\netstandard1.1\xunit.execution.dotnet.dll /debug+ /debug:portable /filealign:512 /optimize- /out:obj\Debug\net9.0\RazorDataPresentation.Tests.dll /refout:obj\Debug\net9.0\refint\RazorDataPresentation.Tests.dll /target:exe /warnaserror- /utf8output /deterministic+ /sourcelink:obj\Debug\net9.0\RazorDataPresentation.Tests.sourcelink.json /langversion:13.0 /embed:C:\Users\rober\.nuget\packages\microsoft.net.test.sdk\17.9.0\build\netcoreapp3.1\Microsoft.NET.Test.Sdk.Program.cs /embed:obj\Debug\net9.0\RazorDataPresentation.Tests.GlobalUsings.g.cs /embed:"obj\Debug\net9.0\.NETCoreApp,Version=v9.0.AssemblyAttributes.cs" /embed:obj\Debug\net9.0\RazorDataPresentation.Tests.AssemblyInfo.cs /analyzerconfig:obj\Debug\net9.0\RazorDataPresentation.Tests.GeneratedMSBuildEditorConfig.editorconfig /analyzerconfig:"C:\Program Files\dotnet\sdk\10.0.100-rc.1.25451.107\Sdks\Microsoft.NET.Sdk\analyzers\build\config\analysislevel_9_default.globalconfig" /analyzer:"C:\Program Files\dotnet\sdk\10.0.100-rc.1.25451.107\Sdks\Microsoft.NET.Sdk\targets\..\analyzers\Microsoft.CodeAnalysis.CSharp.NetAnalyzers.dll" /analyzer:"C:\Program Files\dotnet\sdk\10.0.100-rc.1.25451.107\Sdks\Microsoft.NET.Sdk\targets\..\analyzers\Microsoft.CodeAnalysis.NetAnalyzers.dll" /analyzer:C:\Users\rober\.nuget\packages\xunit.analyzers\1.18.0\analyzers\dotnet\cs\xunit.analyzers.dll /analyzer:C:\Users\rober\.nuget\packages\xunit.analyzers\1.18.0\analyzers\dotnet\cs\xunit.analyzers.fixes.dll /analyzer:C:\Users\rober\.nuget\packages\microsoft.netcore.app.ref\9.0.9\analyzers/dotnet/cs/Microsoft.Interop.ComInterfaceGenerator.dll /analyzer:C:\Users\rober\.nuget\packages\microsoft.netcore.app.ref\9.0.9\analyzers/dotnet/cs/Microsoft.Interop.JavaScript.JSImportGenerator.dll /analyzer:C:\Users\rober\.nuget\packages\microsoft.netcore.app.ref\9.0.9\analyzers/dotnet/cs/Microsoft.Interop.LibraryImportGenerator.dll /analyzer:C:\Users\rober\.nuget\packages\microsoft.netcore.app.ref\9.0.9\analyzers/dotnet/cs/Microsoft.Interop.SourceGeneration.dll /analyzer:C:\Users\rober\.nuget\packages\microsoft.netcore.app.ref\9.0.9\analyzers/dotnet/cs/System.Text.Json.SourceGeneration.dll /analyzer:C:\Users\rober\.nuget\packages\microsoft.netcore.app.ref\9.0.9\analyzers/dotnet/cs/System.Text.RegularExpressions.Generator.dll /analyzer:C:\Users\rober\.nuget\packages\microsoft.aspnetcore.app.ref\9.0.9\analyzers/dotnet/cs/Microsoft.AspNetCore.App.Analyzers.dll /analyzer:C:\Users\rober\.nuget\packages\microsoft.aspnetcore.app.ref\9.0.9\analyzers/dotnet/cs/Microsoft.AspNetCore.App.CodeFixes.dll /analyzer:C:\Users\rober\.nuget\packages\microsoft.aspnetcore.app.ref\9.0.9\analyzers/dotnet/cs/Microsoft.AspNetCore.Components.Analyzers.dll /analyzer:C:\Users\rober\.nuget\packages\microsoft.aspnetcore.app.ref\9.0.9\analyzers/dotnet/roslyn4.4/cs/Microsoft.Extensions.Logging.Generators.dll /analyzer:C:\Users\rober\.nuget\packages\microsoft.aspnetcore.app.ref\9.0.9\analyzers/dotnet/roslyn4.4/cs/Microsoft.Extensions.Options.SourceGeneration.dll Pages\Index.cshtml.cs Program.cs Tests\AlinhamentoEnumTests.cs Tests\IndexModelTests.cs Tests\TipoDadoEnumTests.cs C:\Users\rober\.nuget\packages\microsoft.net.test.sdk\17.9.0\build\netcoreapp3.1\Microsoft.NET.Test.Sdk.Program.cs obj\Debug\net9.0\RazorDataPresentation.Tests.GlobalUsings.g.cs "obj\Debug\net9.0\.NETCoreApp,Version=v9.0.AssemblyAttributes.cs" obj\Debug\net9.0\RazorDataPresentation.Tests.AssemblyInfo.cs /warnaserror+:NU1605,SYSLIB0011
         Compilation request RazorDataPresentation.Tests (net9.0), PathToTool=C:\Program Files\dotnet\dotnet.exe
         CommandLine = ' exec "C:\Program Files\dotnet\sdk\10.0.100-rc.1.25451.107\Roslyn\bincore\csc.dll" /noconfig'
         BuildResponseFile = '/unsafe- /checked- /nowarn:1701,1702,1701,1702 /fullpaths /nostdlib+ /errorreport:prompt /warn:9 /define:TRACE;DEBUG;NET;NET9_0;NETCOREAPP;NET5_0_OR_GREATER;NET6_0_OR_GREATER;NET7_0_OR_GREATER;NET8_0_OR_GREATER;NET9_0_OR_GREATER;NETCOREAPP1_0_OR_GREATER;NETCOREAPP1_1_OR_GREATER;NETCOREAPP2_0_OR_GREATER;NETCOREAPP2_1_OR_GREATER;NETCOREAPP2_2_OR_GREATER;NETCOREAPP3_0_OR_GREATER;NETCOREAPP3_1_OR_GREATER /highentropyva+ /nullable:enable /reference:C:\Users\rober\.nuget\packages\microsoft.aspnetcore.app.ref\9.0.9\ref\net9.0\Microsoft.AspNetCore.Antiforgery.dll /reference:C:\Users\rober\.nuget\packages\microsoft.aspnetcore.app.ref\9.0.9\ref\net9.0\Microsoft.AspNetCore.Authentication.Abstractions.dll /reference:C:\Users\rober\.nuget\packages\microsoft.aspnetcore.app.ref\9.0.9\ref\net9.0\Microsoft.AspNetCore.Authentication.BearerToken.dll /reference:C:\Users\rober\.nuget\packages\microsoft.aspnetcore.app.ref\9.0.9\ref\net9.0\Microsoft.AspNetCore.Authentication.Cookies.dll /reference:C:\Users\rober\.nuget\packages\microsoft.aspnetcore.app.ref\9.0.9\ref\net9.0\Microsoft.AspNetCore.Authentication.Core.dll /reference:C:\Users\rober\.nuget\packages\microsoft.aspnetcore.app.ref\9.0.9\ref\net9.0\Microsoft.AspNetCore.Authentication.dll /reference:C:\Users\rober\.nuget\packages\microsoft.aspnetcore.app.ref\9.0.9\ref\net9.0\Microsoft.AspNetCore.Authentication.OAuth.dll /reference:C:\Users\rober\.nuget\packages\microsoft.aspnetcore.app.ref\9.0.9\ref\net9.0\Microsoft.AspNetCore.Authorization.dll /reference:C:\Users\rober\.nuget\packages\microsoft.aspnetcore.app.ref\9.0.9\ref\net9.0\Microsoft.AspNetCore.Authorization.Policy.dll /reference:C:\Users\rober\.nuget\packages\microsoft.aspnetcore.app.ref\9.0.9\ref\net9.0\Microsoft.AspNetCore.Components.Authorization.dll /reference:C:\Users\rober\.nuget\packages\microsoft.aspnetcore.app.ref\9.0.9\ref\net9.0\Microsoft.AspNetCore.Components.dll /reference:C:\Users\rober\.nuget\packages\microsoft.aspnetcore.app.ref\9.0.9\ref\net9.0\Microsoft.AspNetCore.Components.Endpoints.dll /reference:C:\Users\rober\.nuget\packages\microsoft.aspnetcore.app.ref\9.0.9\ref\net9.0\Microsoft.AspNetCore.Components.Forms.dll /reference:C:\Users\rober\.nuget\packages\microsoft.aspnetcore.app.ref\9.0.9\ref\net9.0\Microsoft.AspNetCore.Components.Server.dll /reference:C:\Users\rober\.nuget\packages\microsoft.aspnetcore.app.ref\9.0.9\ref\net9.0\Microsoft.AspNetCore.Components.Web.dll /reference:C:\Users\rober\.nuget\packages\microsoft.aspnetcore.app.ref\9.0.9\ref\net9.0\Microsoft.AspNetCore.Connections.Abstractions.dll /reference:C:\Users\rober\.nuget\packages\microsoft.aspnetcore.app.ref\9.0.9\ref\net9.0\Microsoft.AspNetCore.CookiePolicy.dll /reference:C:\Users\rober\.nuget\packages\microsoft.aspnetcore.app.ref\9.0.9\ref\net9.0\Microsoft.AspNetCore.Cors.dll /reference:C:\Users\rober\.nuget\packages\microsoft.aspnetcore.app.ref\9.0.9\ref\net9.0\Microsoft.AspNetCore.Cryptography.Internal.dll /reference:C:\Users\rober\.nuget\packages\microsoft.aspnetcore.app.ref\9.0.9\ref\net9.0\Microsoft.AspNetCore.Cryptography.KeyDerivation.dll /reference:C:\Users\rober\.nuget\packages\microsoft.aspnetcore.app.ref\9.0.9\ref\net9.0\Microsoft.AspNetCore.DataProtection.Abstractions.dll /reference:C:\Users\rober\.nuget\packages\microsoft.aspnetcore.app.ref\9.0.9\ref\net9.0\Microsoft.AspNetCore.DataProtection.dll /reference:C:\Users\rober\.nuget\packages\microsoft.aspnetcore.app.ref\9.0.9\ref\net9.0\Microsoft.AspNetCore.DataProtection.Extensions.dll /reference:C:\Users\rober\.nuget\packages\microsoft.aspnetcore.app.ref\9.0.9\ref\net9.0\Microsoft.AspNetCore.Diagnostics.Abstractions.dll /reference:C:\Users\rober\.nuget\packages\microsoft.aspnetcore.app.ref\9.0.9\ref\net9.0\Microsoft.AspNetCore.Diagnostics.dll /reference:C:\Users\rober\.nuget\packages\microsoft.aspnetcore.app.ref\9.0.9\ref\net9.0\Microsoft.AspNetCore.Diagnostics.HealthChecks.dll /reference:C:\Users\rober\.nuget\packages\microsoft.aspnetcore.app.ref\9.0.9\ref\net9.0\Microsoft.AspNetCore.dll /reference:C:\Users\rober\.nuget\packages\microsoft.aspnetcore.app.ref\9.0.9\ref\net9.0\Microsoft.AspNetCore.HostFiltering.dll /reference:C:\Users\rober\.nuget\packages\microsoft.aspnetcore.app.ref\9.0.9\ref\net9.0\Microsoft.AspNetCore.Hosting.Abstractions.dll /reference:C:\Users\rober\.nuget\packages\microsoft.aspnetcore.app.ref\9.0.9\ref\net9.0\Microsoft.AspNetCore.Hosting.dll /reference:C:\Users\rober\.nuget\packages\microsoft.aspnetcore.app.ref\9.0.9\ref\net9.0\Microsoft.AspNetCore.Hosting.Server.Abstractions.dll /reference:C:\Users\rober\.nuget\packages\microsoft.aspnetcore.app.ref\9.0.9\ref\net9.0\Microsoft.AspNetCore.Html.Abstractions.dll /reference:C:\Users\rober\.nuget\packages\microsoft.aspnetcore.app.ref\9.0.9\ref\net9.0\Microsoft.AspNetCore.Http.Abstractions.dll /reference:C:\Users\rober\.nuget\packages\microsoft.aspnetcore.app.ref\9.0.9\ref\net9.0\Microsoft.AspNetCore.Http.Connections.Common.dll /reference:C:\Users\rober\.nuget\packages\microsoft.aspnetcore.app.ref\9.0.9\ref\net9.0\Microsoft.AspNetCore.Http.Connections.dll /reference:C:\Users\rober\.nuget\packages\microsoft.aspnetcore.app.ref\9.0.9\ref\net9.0\Microsoft.AspNetCore.Http.dll /reference:C:\Users\rober\.nuget\packages\microsoft.aspnetcore.app.ref\9.0.9\ref\net9.0\Microsoft.AspNetCore.Http.Extensions.dll /reference:C:\Users\rober\.nuget\packages\microsoft.aspnetcore.app.ref\9.0.9\ref\net9.0\Microsoft.AspNetCore.Http.Features.dll /reference:C:\Users\rober\.nuget\packages\microsoft.aspnetcore.app.ref\9.0.9\ref\net9.0\Microsoft.AspNetCore.Http.Results.dll /reference:C:\Users\rober\.nuget\packages\microsoft.aspnetcore.app.ref\9.0.9\ref\net9.0\Microsoft.AspNetCore.HttpLogging.dll /reference:C:\Users\rober\.nuget\packages\microsoft.aspnetcore.app.ref\9.0.9\ref\net9.0\Microsoft.AspNetCore.HttpOverrides.dll /reference:C:\Users\rober\.nuget\packages\microsoft.aspnetcore.app.ref\9.0.9\ref\net9.0\Microsoft.AspNetCore.HttpsPolicy.dll /reference:C:\Users\rober\.nuget\packages\microsoft.aspnetcore.app.ref\9.0.9\ref\net9.0\Microsoft.AspNetCore.Identity.dll /reference:C:\Users\rober\.nuget\packages\microsoft.aspnetcore.app.ref\9.0.9\ref\net9.0\Microsoft.AspNetCore.Localization.dll /reference:C:\Users\rober\.nuget\packages\microsoft.aspnetcore.app.ref\9.0.9\ref\net9.0\Microsoft.AspNetCore.Localization.Routing.dll /reference:C:\Users\rober\.nuget\packages\microsoft.aspnetcore.app.ref\9.0.9\ref\net9.0\Microsoft.AspNetCore.Metadata.dll /reference:C:\Users\rober\.nuget\packages\microsoft.aspnetcore.app.ref\9.0.9\ref\net9.0\Microsoft.AspNetCore.Mvc.Abstractions.dll /reference:C:\Users\rober\.nuget\packages\microsoft.aspnetcore.app.ref\9.0.9\ref\net9.0\Microsoft.AspNetCore.Mvc.ApiExplorer.dll /reference:C:\Users\rober\.nuget\packages\microsoft.aspnetcore.app.ref\9.0.9\ref\net9.0\Microsoft.AspNetCore.Mvc.Core.dll /reference:C:\Users\rober\.nuget\packages\microsoft.aspnetcore.app.ref\9.0.9\ref\net9.0\Microsoft.AspNetCore.Mvc.Cors.dll /reference:C:\Users\rober\.nuget\packages\microsoft.aspnetcore.app.ref\9.0.9\ref\net9.0\Microsoft.AspNetCore.Mvc.DataAnnotations.dll /reference:C:\Users\rober\.nuget\packages\microsoft.aspnetcore.app.ref\9.0.9\ref\net9.0\Microsoft.AspNetCore.Mvc.dll /reference:C:\Users\rober\.nuget\packages\microsoft.aspnetcore.app.ref\9.0.9\ref\net9.0\Microsoft.AspNetCore.Mvc.Formatters.Json.dll /reference:C:\Users\rober\.nuget\packages\microsoft.aspnetcore.app.ref\9.0.9\ref\net9.0\Microsoft.AspNetCore.Mvc.Formatters.Xml.dll /reference:C:\Users\rober\.nuget\packages\microsoft.aspnetcore.app.ref\9.0.9\ref\net9.0\Microsoft.AspNetCore.Mvc.Localization.dll /reference:C:\Users\rober\.nuget\packages\microsoft.aspnetcore.app.ref\9.0.9\ref\net9.0\Microsoft.AspNetCore.Mvc.Razor.dll /reference:C:\Users\rober\.nuget\packages\microsoft.aspnetcore.app.ref\9.0.9\ref\net9.0\Microsoft.AspNetCore.Mvc.RazorPages.dll /reference:C:\Users\rober\.nuget\packages\microsoft.aspnetcore.app.ref\9.0.9\ref\net9.0\Microsoft.AspNetCore.Mvc.TagHelpers.dll /reference:C:\Users\rober\.nuget\packages\microsoft.aspnetcore.app.ref\9.0.9\ref\net9.0\Microsoft.AspNetCore.Mvc.ViewFeatures.dll /reference:C:\Users\rober\.nuget\packages\microsoft.aspnetcore.app.ref\9.0.9\ref\net9.0\Microsoft.AspNetCore.OutputCaching.dll /reference:C:\Users\rober\.nuget\packages\microsoft.aspnetcore.app.ref\9.0.9\ref\net9.0\Microsoft.AspNetCore.RateLimiting.dll /reference:C:\Users\rober\.nuget\packages\microsoft.aspnetcore.app.ref\9.0.9\ref\net9.0\Microsoft.AspNetCore.Razor.dll /reference:C:\Users\rober\.nuget\packages\microsoft.aspnetcore.app.ref\9.0.9\ref\net9.0\Microsoft.AspNetCore.Razor.Runtime.dll /reference:C:\Users\rober\.nuget\packages\microsoft.aspnetcore.app.ref\9.0.9\ref\net9.0\Microsoft.AspNetCore.RequestDecompression.dll /reference:C:\Users\rober\.nuget\packages\microsoft.aspnetcore.app.ref\9.0.9\ref\net9.0\Microsoft.AspNetCore.ResponseCaching.Abstractions.dll /reference:C:\Users\rober\.nuget\packages\microsoft.aspnetcore.app.ref\9.0.9\ref\net9.0\Microsoft.AspNetCore.ResponseCaching.dll /reference:C:\Users\rober\.nuget\packages\microsoft.aspnetcore.app.ref\9.0.9\ref\net9.0\Microsoft.AspNetCore.ResponseCompression.dll /reference:C:\Users\rober\.nuget\packages\microsoft.aspnetcore.app.ref\9.0.9\ref\net9.0\Microsoft.AspNetCore.Rewrite.dll /reference:C:\Users\rober\.nuget\packages\microsoft.aspnetcore.app.ref\9.0.9\ref\net9.0\Microsoft.AspNetCore.Routing.Abstractions.dll /reference:C:\Users\rober\.nuget\packages\microsoft.aspnetcore.app.ref\9.0.9\ref\net9.0\Microsoft.AspNetCore.Routing.dll /reference:C:\Users\rober\.nuget\packages\microsoft.aspnetcore.app.ref\9.0.9\ref\net9.0\Microsoft.AspNetCore.Server.HttpSys.dll /reference:C:\Users\rober\.nuget\packages\microsoft.aspnetcore.app.ref\9.0.9\ref\net9.0\Microsoft.AspNetCore.Server.IIS.dll /reference:C:\Users\rober\.nuget\packages\microsoft.aspnetcore.app.ref\9.0.9\ref\net9.0\Microsoft.AspNetCore.Server.IISIntegration.dll /reference:C:\Users\rober\.nuget\packages\microsoft.aspnetcore.app.ref\9.0.9\ref\net9.0\Microsoft.AspNetCore.Server.Kestrel.Core.dll /reference:C:\Users\rober\.nuget\packages\microsoft.aspnetcore.app.ref\9.0.9\ref\net9.0\Microsoft.AspNetCore.Server.Kestrel.dll /reference:C:\Users\rober\.nuget\packages\microsoft.aspnetcore.app.ref\9.0.9\ref\net9.0\Microsoft.AspNetCore.Server.Kestrel.Transport.NamedPipes.dll /reference:C:\Users\rober\.nuget\packages\microsoft.aspnetcore.app.ref\9.0.9\ref\net9.0\Microsoft.AspNetCore.Server.Kestrel.Transport.Quic.dll /reference:C:\Users\rober\.nuget\packages\microsoft.aspnetcore.app.ref\9.0.9\ref\net9.0\Microsoft.AspNetCore.Server.Kestrel.Transport.Sockets.dll /reference:C:\Users\rober\.nuget\packages\microsoft.aspnetcore.app.ref\9.0.9\ref\net9.0\Microsoft.AspNetCore.Session.dll /reference:C:\Users\rober\.nuget\packages\microsoft.aspnetcore.app.ref\9.0.9\ref\net9.0\Microsoft.AspNetCore.SignalR.Common.dll /reference:C:\Users\rober\.nuget\packages\microsoft.aspnetcore.app.ref\9.0.9\ref\net9.0\Microsoft.AspNetCore.SignalR.Core.dll /reference:C:\Users\rober\.nuget\packages\microsoft.aspnetcore.app.ref\9.0.9\ref\net9.0\Microsoft.AspNetCore.SignalR.dll /reference:C:\Users\rober\.nuget\packages\microsoft.aspnetcore.app.ref\9.0.9\ref\net9.0\Microsoft.AspNetCore.SignalR.Protocols.Json.dll /reference:C:\Users\rober\.nuget\packages\microsoft.aspnetcore.app.ref\9.0.9\ref\net9.0\Microsoft.AspNetCore.StaticAssets.dll /reference:C:\Users\rober\.nuget\packages\microsoft.aspnetcore.app.ref\9.0.9\ref\net9.0\Microsoft.AspNetCore.StaticFiles.dll /reference:C:\Users\rober\.nuget\packages\microsoft.aspnetcore.app.ref\9.0.9\ref\net9.0\Microsoft.AspNetCore.WebSockets.dll /reference:C:\Users\rober\.nuget\packages\microsoft.aspnetcore.app.ref\9.0.9\ref\net9.0\Microsoft.AspNetCore.WebUtilities.dll /reference:C:\Users\rober\.nuget\packages\microsoft.netcore.app.ref\9.0.9\ref\net9.0\Microsoft.CSharp.dll /reference:C:\Users\rober\.nuget\packages\microsoft.aspnetcore.app.ref\9.0.9\ref\net9.0\Microsoft.Extensions.Caching.Abstractions.dll /reference:C:\Users\rober\.nuget\packages\microsoft.aspnetcore.app.ref\9.0.9\ref\net9.0\Microsoft.Extensions.Caching.Memory.dll /reference:C:\Users\rober\.nuget\packages\microsoft.aspnetcore.app.ref\9.0.9\ref\net9.0\Microsoft.Extensions.Configuration.Abstractions.dll /reference:C:\Users\rober\.nuget\packages\microsoft.aspnetcore.app.ref\9.0.9\ref\net9.0\Microsoft.Extensions.Configuration.Binder.dll /reference:C:\Users\rober\.nuget\packages\microsoft.aspnetcore.app.ref\9.0.9\ref\net9.0\Microsoft.Extensions.Configuration.CommandLine.dll /reference:C:\Users\rober\.nuget\packages\microsoft.aspnetcore.app.ref\9.0.9\ref\net9.0\Microsoft.Extensions.Configuration.dll /reference:C:\Users\rober\.nuget\packages\microsoft.aspnetcore.app.ref\9.0.9\ref\net9.0\Microsoft.Extensions.Configuration.EnvironmentVariables.dll /reference:C:\Users\rober\.nuget\packages\microsoft.aspnetcore.app.ref\9.0.9\ref\net9.0\Microsoft.Extensions.Configuration.FileExtensions.dll /reference:C:\Users\rober\.nuget\packages\microsoft.aspnetcore.app.ref\9.0.9\ref\net9.0\Microsoft.Extensions.Configuration.Ini.dll /reference:C:\Users\rober\.nuget\packages\microsoft.aspnetcore.app.ref\9.0.9\ref\net9.0\Microsoft.Extensions.Configuration.Json.dll /reference:C:\Users\rober\.nuget\packages\microsoft.aspnetcore.app.ref\9.0.9\ref\net9.0\Microsoft.Extensions.Configuration.KeyPerFile.dll /reference:C:\Users\rober\.nuget\packages\microsoft.aspnetcore.app.ref\9.0.9\ref\net9.0\Microsoft.Extensions.Configuration.UserSecrets.dll /reference:C:\Users\rober\.nuget\packages\microsoft.aspnetcore.app.ref\9.0.9\ref\net9.0\Microsoft.Extensions.Configuration.Xml.dll /reference:C:\Users\rober\.nuget\packages\microsoft.aspnetcore.app.ref\9.0.9\ref\net9.0\Microsoft.Extensions.DependencyInjection.Abstractions.dll /reference:C:\Users\rober\.nuget\packages\microsoft.aspnetcore.app.ref\9.0.9\ref\net9.0\Microsoft.Extensions.DependencyInjection.dll /reference:C:\Users\rober\.nuget\packages\microsoft.aspnetcore.app.ref\9.0.9\ref\net9.0\Microsoft.Extensions.Diagnostics.Abstractions.dll /reference:C:\Users\rober\.nuget\packages\microsoft.aspnetcore.app.ref\9.0.9\ref\net9.0\Microsoft.Extensions.Diagnostics.dll /reference:C:\Users\rober\.nuget\packages\microsoft.aspnetcore.app.ref\9.0.9\ref\net9.0\Microsoft.Extensions.Diagnostics.HealthChecks.Abstractions.dll /reference:C:\Users\rober\.nuget\packages\microsoft.aspnetcore.app.ref\9.0.9\ref\net9.0\Microsoft.Extensions.Diagnostics.HealthChecks.dll /reference:C:\Users\rober\.nuget\packages\microsoft.aspnetcore.app.ref\9.0.9\ref\net9.0\Microsoft.Extensions.Features.dll /reference:C:\Users\rober\.nuget\packages\microsoft.aspnetcore.app.ref\9.0.9\ref\net9.0\Microsoft.Extensions.FileProviders.Abstractions.dll /reference:C:\Users\rober\.nuget\packages\microsoft.aspnetcore.app.ref\9.0.9\ref\net9.0\Microsoft.Extensions.FileProviders.Composite.dll /reference:C:\Users\rober\.nuget\packages\microsoft.aspnetcore.app.ref\9.0.9\ref\net9.0\Microsoft.Extensions.FileProviders.Embedded.dll /reference:C:\Users\rober\.nuget\packages\microsoft.aspnetcore.app.ref\9.0.9\ref\net9.0\Microsoft.Extensions.FileProviders.Physical.dll /reference:C:\Users\rober\.nuget\packages\microsoft.aspnetcore.app.ref\9.0.9\ref\net9.0\Microsoft.Extensions.FileSystemGlobbing.dll /reference:C:\Users\rober\.nuget\packages\microsoft.aspnetcore.app.ref\9.0.9\ref\net9.0\Microsoft.Extensions.Hosting.Abstractions.dll /reference:C:\Users\rober\.nuget\packages\microsoft.aspnetcore.app.ref\9.0.9\ref\net9.0\Microsoft.Extensions.Hosting.dll /reference:C:\Users\rober\.nuget\packages\microsoft.aspnetcore.app.ref\9.0.9\ref\net9.0\Microsoft.Extensions.Http.dll /reference:C:\Users\rober\.nuget\packages\microsoft.aspnetcore.app.ref\9.0.9\ref\net9.0\Microsoft.Extensions.Identity.Core.dll /reference:C:\Users\rober\.nuget\packages\microsoft.aspnetcore.app.ref\9.0.9\ref\net9.0\Microsoft.Extensions.Identity.Stores.dll /reference:C:\Users\rober\.nuget\packages\microsoft.aspnetcore.app.ref\9.0.9\ref\net9.0\Microsoft.Extensions.Localization.Abstractions.dll /reference:C:\Users\rober\.nuget\packages\microsoft.aspnetcore.app.ref\9.0.9\ref\net9.0\Microsoft.Extensions.Localization.dll /reference:C:\Users\rober\.nuget\packages\microsoft.aspnetcore.app.ref\9.0.9\ref\net9.0\Microsoft.Extensions.Logging.Abstractions.dll /reference:C:\Users\rober\.nuget\packages\microsoft.aspnetcore.app.ref\9.0.9\ref\net9.0\Microsoft.Extensions.Logging.Configuration.dll /reference:C:\Users\rober\.nuget\packages\microsoft.aspnetcore.app.ref\9.0.9\ref\net9.0\Microsoft.Extensions.Logging.Console.dll /reference:C:\Users\rober\.nuget\packages\microsoft.aspnetcore.app.ref\9.0.9\ref\net9.0\Microsoft.Extensions.Logging.Debug.dll /reference:C:\Users\rober\.nuget\packages\microsoft.aspnetcore.app.ref\9.0.9\ref\net9.0\Microsoft.Extensions.Logging.dll /reference:C:\Users\rober\.nuget\packages\microsoft.aspnetcore.app.ref\9.0.9\ref\net9.0\Microsoft.Extensions.Logging.EventLog.dll /reference:C:\Users\rober\.nuget\packages\microsoft.aspnetcore.app.ref\9.0.9\ref\net9.0\Microsoft.Extensions.Logging.EventSource.dll /reference:C:\Users\rober\.nuget\packages\microsoft.aspnetcore.app.ref\9.0.9\ref\net9.0\Microsoft.Extensions.Logging.TraceSource.dll /reference:C:\Users\rober\.nuget\packages\microsoft.aspnetcore.app.ref\9.0.9\ref\net9.0\Microsoft.Extensions.ObjectPool.dll /reference:C:\Users\rober\.nuget\packages\microsoft.aspnetcore.app.ref\9.0.9\ref\net9.0\Microsoft.Extensions.Options.ConfigurationExtensions.dll /reference:C:\Users\rober\.nuget\packages\microsoft.aspnetcore.app.ref\9.0.9\ref\net9.0\Microsoft.Extensions.Options.DataAnnotations.dll /reference:C:\Users\rober\.nuget\packages\microsoft.aspnetcore.app.ref\9.0.9\ref\net9.0\Microsoft.Extensions.Options.dll /reference:C:\Users\rober\.nuget\packages\microsoft.aspnetcore.app.ref\9.0.9\ref\net9.0\Microsoft.Extensions.Primitives.dll /reference:C:\Users\rober\.nuget\packages\microsoft.aspnetcore.app.ref\9.0.9\ref\net9.0\Microsoft.Extensions.WebEncoders.dll /reference:C:\Users\rober\.nuget\packages\microsoft.aspnetcore.app.ref\9.0.9\ref\net9.0\Microsoft.JSInterop.dll /reference:C:\Users\rober\.nuget\packages\microsoft.aspnetcore.app.ref\9.0.9\ref\net9.0\Microsoft.Net.Http.Headers.dll /reference:C:\Users\rober\.nuget\packages\microsoft.testplatform.testhost\17.9.0\lib\netcoreapp3.1\Microsoft.TestPlatform.CommunicationUtilities.dll /reference:C:\Users\rober\.nuget\packages\microsoft.testplatform.testhost\17.9.0\lib\netcoreapp3.1\Microsoft.TestPlatform.CoreUtilities.dll /reference:C:\Users\rober\.nuget\packages\microsoft.testplatform.testhost\17.9.0\lib\netcoreapp3.1\Microsoft.TestPlatform.CrossPlatEngine.dll /reference:C:\Users\rober\.nuget\packages\microsoft.testplatform.testhost\17.9.0\lib\netcoreapp3.1\Microsoft.TestPlatform.PlatformAbstractions.dll /reference:C:\Users\rober\.nuget\packages\microsoft.testplatform.testhost\17.9.0\lib\netcoreapp3.1\Microsoft.TestPlatform.Utilities.dll /reference:C:\Users\rober\.nuget\packages\microsoft.netcore.app.ref\9.0.9\ref\net9.0\Microsoft.VisualBasic.Core.dll /reference:C:\Users\rober\.nuget\packages\microsoft.netcore.app.ref\9.0.9\ref\net9.0\Microsoft.VisualBasic.dll /reference:C:\Users\rober\.nuget\packages\microsoft.codecoverage\17.9.0\lib\netcoreapp3.1\Microsoft.VisualStudio.CodeCoverage.Shim.dll /reference:C:\Users\rober\.nuget\packages\microsoft.testplatform.testhost\17.9.0\lib\netcoreapp3.1\Microsoft.VisualStudio.TestPlatform.Common.dll /reference:C:\Users\rober\.nuget\packages\microsoft.testplatform.testhost\17.9.0\lib\netcoreapp3.1\Microsoft.VisualStudio.TestPlatform.ObjectModel.dll /reference:C:\Users\rober\.nuget\packages\microsoft.netcore.app.ref\9.0.9\ref\net9.0\Microsoft.Win32.Primitives.dll /reference:C:\Users\rober\.nuget\packages\microsoft.netcore.app.ref\9.0.9\ref\net9.0\Microsoft.Win32.Registry.dll /reference:C:\Users\rober\.nuget\packages\microsoft.netcore.app.ref\9.0.9\ref\net9.0\mscorlib.dll /reference:C:\Users\rober\.nuget\packages\microsoft.netcore.app.ref\9.0.9\ref\net9.0\netstandard.dll /reference:C:\Users\rober\.nuget\packages\newtonsoft.json\13.0.1\lib\netstandard2.0\Newtonsoft.Json.dll /reference:C:\Projetos\Razor\obj\Debug\net9.0\ref\RazorDataPresentation.dll /reference:C:\Users\rober\.nuget\packages\microsoft.netcore.app.ref\9.0.9\ref\net9.0\System.AppContext.dll /reference:C:\Users\rober\.nuget\packages\microsoft.netcore.app.ref\9.0.9\ref\net9.0\System.Buffers.dll /reference:C:\Users\rober\.nuget\packages\microsoft.netcore.app.ref\9.0.9\ref\net9.0\System.Collections.Concurrent.dll /reference:C:\Users\rober\.nuget\packages\microsoft.netcore.app.ref\9.0.9\ref\net9.0\System.Collections.dll /reference:C:\Users\rober\.nuget\packages\microsoft.netcore.app.ref\9.0.9\ref\net9.0\System.Collections.Immutable.dll /reference:C:\Users\rober\.nuget\packages\microsoft.netcore.app.ref\9.0.9\ref\net9.0\System.Collections.NonGeneric.dll /reference:C:\Users\rober\.nuget\packages\microsoft.netcore.app.ref\9.0.9\ref\net9.0\System.Collections.Specialized.dll /reference:C:\Users\rober\.nuget\packages\microsoft.netcore.app.ref\9.0.9\ref\net9.0\System.ComponentModel.Annotations.dll /reference:C:\Users\rober\.nuget\packages\microsoft.netcore.app.ref\9.0.9\ref\net9.0\System.ComponentModel.DataAnnotations.dll /reference:C:\Users\rober\.nuget\packages\microsoft.netcore.app.ref\9.0.9\ref\net9.0\System.ComponentModel.dll /reference:C:\Users\rober\.nuget\packages\microsoft.netcore.app.ref\9.0.9\ref\net9.0\System.ComponentModel.EventBasedAsync.dll /reference:C:\Users\rober\.nuget\packages\microsoft.netcore.app.ref\9.0.9\ref\net9.0\System.ComponentModel.Primitives.dll /reference:C:\Users\rober\.nuget\packages\microsoft.netcore.app.ref\9.0.9\ref\net9.0\System.ComponentModel.TypeConverter.dll /reference:C:\Users\rober\.nuget\packages\microsoft.netcore.app.ref\9.0.9\ref\net9.0\System.Configuration.dll /reference:C:\Users\rober\.nuget\packages\microsoft.netcore.app.ref\9.0.9\ref\net9.0\System.Console.dll /reference:C:\Users\rober\.nuget\packages\microsoft.netcore.app.ref\9.0.9\ref\net9.0\System.Core.dll /reference:C:\Users\rober\.nuget\packages\microsoft.netcore.app.ref\9.0.9\ref\net9.0\System.Data.Common.dll /reference:C:\Users\rober\.nuget\packages\microsoft.netcore.app.ref\9.0.9\ref\net9.0\System.Data.DataSetExtensions.dll /reference:C:\Users\rober\.nuget\packages\microsoft.netcore.app.ref\9.0.9\ref\net9.0\System.Data.dll /reference:C:\Users\rober\.nuget\packages\microsoft.netcore.app.ref\9.0.9\ref\net9.0\System.Diagnostics.Contracts.dll /reference:C:\Users\rober\.nuget\packages\microsoft.netcore.app.ref\9.0.9\ref\net9.0\System.Diagnostics.Debug.dll /reference:C:\Users\rober\.nuget\packages\microsoft.netcore.app.ref\9.0.9\ref\net9.0\System.Diagnostics.DiagnosticSource.dll /reference:C:\Users\rober\.nuget\packages\microsoft.aspnetcore.app.ref\9.0.9\ref\net9.0\System.Diagnostics.EventLog.dll /reference:C:\Users\rober\.nuget\packages\microsoft.netcore.app.ref\9.0.9\ref\net9.0\System.Diagnostics.FileVersionInfo.dll /reference:C:\Users\rober\.nuget\packages\microsoft.netcore.app.ref\9.0.9\ref\net9.0\System.Diagnostics.Process.dll /reference:C:\Users\rober\.nuget\packages\microsoft.netcore.app.ref\9.0.9\ref\net9.0\System.Diagnostics.StackTrace.dll /reference:C:\Users\rober\.nuget\packages\microsoft.netcore.app.ref\9.0.9\ref\net9.0\System.Diagnostics.TextWriterTraceListener.dll /reference:C:\Users\rober\.nuget\packages\microsoft.netcore.app.ref\9.0.9\ref\net9.0\System.Diagnostics.Tools.dll /reference:C:\Users\rober\.nuget\packages\microsoft.netcore.app.ref\9.0.9\ref\net9.0\System.Diagnostics.TraceSource.dll /reference:C:\Users\rober\.nuget\packages\microsoft.netcore.app.ref\9.0.9\ref\net9.0\System.Diagnostics.Tracing.dll /reference:C:\Users\rober\.nuget\packages\microsoft.netcore.app.ref\9.0.9\ref\net9.0\System.dll /reference:C:\Users\rober\.nuget\packages\microsoft.netcore.app.ref\9.0.9\ref\net9.0\System.Drawing.dll /reference:C:\Users\rober\.nuget\packages\microsoft.netcore.app.ref\9.0.9\ref\net9.0\System.Drawing.Primitives.dll /reference:C:\Users\rober\.nuget\packages\microsoft.netcore.app.ref\9.0.9\ref\net9.0\System.Dynamic.Runtime.dll /reference:C:\Users\rober\.nuget\packages\microsoft.netcore.app.ref\9.0.9\ref\net9.0\System.Formats.Asn1.dll /reference:C:\Users\rober\.nuget\packages\microsoft.netcore.app.ref\9.0.9\ref\net9.0\System.Formats.Tar.dll /reference:C:\Users\rober\.nuget\packages\microsoft.netcore.app.ref\9.0.9\ref\net9.0\System.Globalization.Calendars.dll /reference:C:\Users\rober\.nuget\packages\microsoft.netcore.app.ref\9.0.9\ref\net9.0\System.Globalization.dll /reference:C:\Users\rober\.nuget\packages\microsoft.netcore.app.ref\9.0.9\ref\net9.0\System.Globalization.Extensions.dll /reference:C:\Users\rober\.nuget\packages\microsoft.netcore.app.ref\9.0.9\ref\net9.0\System.IO.Compression.Brotli.dll /reference:C:\Users\rober\.nuget\packages\microsoft.netcore.app.ref\9.0.9\ref\net9.0\System.IO.Compression.dll /reference:C:\Users\rober\.nuget\packages\microsoft.netcore.app.ref\9.0.9\ref\net9.0\System.IO.Compression.FileSystem.dll /reference:C:\Users\rober\.nuget\packages\microsoft.netcore.app.ref\9.0.9\ref\net9.0\System.IO.Compression.ZipFile.dll /reference:C:\Users\rober\.nuget\packages\microsoft.netcore.app.ref\9.0.9\ref\net9.0\System.IO.dll /reference:C:\Users\rober\.nuget\packages\microsoft.netcore.app.ref\9.0.9\ref\net9.0\System.IO.FileSystem.AccessControl.dll /reference:C:\Users\rober\.nuget\packages\microsoft.netcore.app.ref\9.0.9\ref\net9.0\System.IO.FileSystem.dll /reference:C:\Users\rober\.nuget\packages\microsoft.netcore.app.ref\9.0.9\ref\net9.0\System.IO.FileSystem.DriveInfo.dll /reference:C:\Users\rober\.nuget\packages\microsoft.netcore.app.ref\9.0.9\ref\net9.0\System.IO.FileSystem.Primitives.dll /reference:C:\Users\rober\.nuget\packages\microsoft.netcore.app.ref\9.0.9\ref\net9.0\System.IO.FileSystem.Watcher.dll /reference:C:\Users\rober\.nuget\packages\microsoft.netcore.app.ref\9.0.9\ref\net9.0\System.IO.IsolatedStorage.dll /reference:C:\Users\rober\.nuget\packages\microsoft.netcore.app.ref\9.0.9\ref\net9.0\System.IO.MemoryMappedFiles.dll /reference:C:\Users\rober\.nuget\packages\microsoft.netcore.app.ref\9.0.9\ref\net9.0\System.IO.Pipelines.dll /reference:C:\Users\rober\.nuget\packages\microsoft.netcore.app.ref\9.0.9\ref\net9.0\System.IO.Pipes.AccessControl.dll /reference:C:\Users\rober\.nuget\packages\microsoft.netcore.app.ref\9.0.9\ref\net9.0\System.IO.Pipes.dll /reference:C:\Users\rober\.nuget\packages\microsoft.netcore.app.ref\9.0.9\ref\net9.0\System.IO.UnmanagedMemoryStream.dll /reference:C:\Users\rober\.nuget\packages\microsoft.netcore.app.ref\9.0.9\ref\net9.0\System.Linq.dll /reference:C:\Users\rober\.nuget\packages\microsoft.netcore.app.ref\9.0.9\ref\net9.0\System.Linq.Expressions.dll /reference:C:\Users\rober\.nuget\packages\microsoft.netcore.app.ref\9.0.9\ref\net9.0\System.Linq.Parallel.dll /reference:C:\Users\rober\.nuget\packages\microsoft.netcore.app.ref\9.0.9\ref\net9.0\System.Linq.Queryable.dll /reference:C:\Users\rober\.nuget\packages\microsoft.netcore.app.ref\9.0.9\ref\net9.0\System.Memory.dll /reference:C:\Users\rober\.nuget\packages\microsoft.netcore.app.ref\9.0.9\ref\net9.0\System.Net.dll /reference:C:\Users\rober\.nuget\packages\microsoft.netcore.app.ref\9.0.9\ref\net9.0\System.Net.Http.dll /reference:C:\Users\rober\.nuget\packages\microsoft.netcore.app.ref\9.0.9\ref\net9.0\System.Net.Http.Json.dll /reference:C:\Users\rober\.nuget\packages\microsoft.netcore.app.ref\9.0.9\ref\net9.0\System.Net.HttpListener.dll /reference:C:\Users\rober\.nuget\packages\microsoft.netcore.app.ref\9.0.9\ref\net9.0\System.Net.Mail.dll /reference:C:\Users\rober\.nuget\packages\microsoft.netcore.app.ref\9.0.9\ref\net9.0\System.Net.NameResolution.dll /reference:C:\Users\rober\.nuget\packages\microsoft.netcore.app.ref\9.0.9\ref\net9.0\System.Net.NetworkInformation.dll /reference:C:\Users\rober\.nuget\packages\microsoft.netcore.app.ref\9.0.9\ref\net9.0\System.Net.Ping.dll /reference:C:\Users\rober\.nuget\packages\microsoft.netcore.app.ref\9.0.9\ref\net9.0\System.Net.Primitives.dll /reference:C:\Users\rober\.nuget\packages\microsoft.netcore.app.ref\9.0.9\ref\net9.0\System.Net.Quic.dll /reference:C:\Users\rober\.nuget\packages\microsoft.netcore.app.ref\9.0.9\ref\net9.0\System.Net.Requests.dll /reference:C:\Users\rober\.nuget\packages\microsoft.netcore.app.ref\9.0.9\ref\net9.0\System.Net.Security.dll /reference:C:\Users\rober\.nuget\packages\microsoft.netcore.app.ref\9.0.9\ref\net9.0\System.Net.ServicePoint.dll /reference:C:\Users\rober\.nuget\packages\microsoft.netcore.app.ref\9.0.9\ref\net9.0\System.Net.Sockets.dll /reference:C:\Users\rober\.nuget\packages\microsoft.netcore.app.ref\9.0.9\ref\net9.0\System.Net.WebClient.dll /reference:C:\Users\rober\.nuget\packages\microsoft.netcore.app.ref\9.0.9\ref\net9.0\System.Net.WebHeaderCollection.dll /reference:C:\Users\rober\.nuget\packages\microsoft.netcore.app.ref\9.0.9\ref\net9.0\System.Net.WebProxy.dll /reference:C:\Users\rober\.nuget\packages\microsoft.netcore.app.ref\9.0.9\ref\net9.0\System.Net.WebSockets.Client.dll /reference:C:\Users\rober\.nuget\packages\microsoft.netcore.app.ref\9.0.9\ref\net9.0\System.Net.WebSockets.dll /reference:C:\Users\rober\.nuget\packages\microsoft.netcore.app.ref\9.0.9\ref\net9.0\System.Numerics.dll /reference:C:\Users\rober\.nuget\packages\microsoft.netcore.app.ref\9.0.9\ref\net9.0\System.Numerics.Vectors.dll /reference:C:\Users\rober\.nuget\packages\microsoft.netcore.app.ref\9.0.9\ref\net9.0\System.ObjectModel.dll /reference:C:\Users\rober\.nuget\packages\microsoft.netcore.app.ref\9.0.9\ref\net9.0\System.Reflection.DispatchProxy.dll /reference:C:\Users\rober\.nuget\packages\microsoft.netcore.app.ref\9.0.9\ref\net9.0\System.Reflection.dll /reference:C:\Users\rober\.nuget\packages\microsoft.netcore.app.ref\9.0.9\ref\net9.0\System.Reflection.Emit.dll /reference:C:\Users\rober\.nuget\packages\microsoft.netcore.app.ref\9.0.9\ref\net9.0\System.Reflection.Emit.ILGeneration.dll /reference:C:\Users\rober\.nuget\packages\microsoft.netcore.app.ref\9.0.9\ref\net9.0\System.Reflection.Emit.Lightweight.dll /reference:C:\Users\rober\.nuget\packages\microsoft.netcore.app.ref\9.0.9\ref\net9.0\System.Reflection.Extensions.dll /reference:C:\Users\rober\.nuget\packages\microsoft.netcore.app.ref\9.0.9\ref\net9.0\System.Reflection.Metadata.dll /reference:C:\Users\rober\.nuget\packages\microsoft.netcore.app.ref\9.0.9\ref\net9.0\System.Reflection.Primitives.dll /reference:C:\Users\rober\.nuget\packages\microsoft.netcore.app.ref\9.0.9\ref\net9.0\System.Reflection.TypeExtensions.dll /reference:C:\Users\rober\.nuget\packages\microsoft.netcore.app.ref\9.0.9\ref\net9.0\System.Resources.Reader.dll /reference:C:\Users\rober\.nuget\packages\microsoft.netcore.app.ref\9.0.9\ref\net9.0\System.Resources.ResourceManager.dll /reference:C:\Users\rober\.nuget\packages\microsoft.netcore.app.ref\9.0.9\ref\net9.0\System.Resources.Writer.dll /reference:C:\Users\rober\.nuget\packages\microsoft.netcore.app.ref\9.0.9\ref\net9.0\System.Runtime.CompilerServices.Unsafe.dll /reference:C:\Users\rober\.nuget\packages\microsoft.netcore.app.ref\9.0.9\ref\net9.0\System.Runtime.CompilerServices.VisualC.dll /reference:C:\Users\rober\.nuget\packages\microsoft.netcore.app.ref\9.0.9\ref\net9.0\System.Runtime.dll /reference:C:\Users\rober\.nuget\packages\microsoft.netcore.app.ref\9.0.9\ref\net9.0\System.Runtime.Extensions.dll /reference:C:\Users\rober\.nuget\packages\microsoft.netcore.app.ref\9.0.9\ref\net9.0\System.Runtime.Handles.dll /reference:C:\Users\rober\.nuget\packages\microsoft.netcore.app.ref\9.0.9\ref\net9.0\System.Runtime.InteropServices.dll /reference:C:\Users\rober\.nuget\packages\microsoft.netcore.app.ref\9.0.9\ref\net9.0\System.Runtime.InteropServices.JavaScript.dll /reference:C:\Users\rober\.nuget\packages\microsoft.netcore.app.ref\9.0.9\ref\net9.0\System.Runtime.InteropServices.RuntimeInformation.dll /reference:C:\Users\rober\.nuget\packages\microsoft.netcore.app.ref\9.0.9\ref\net9.0\System.Runtime.Intrinsics.dll /reference:C:\Users\rober\.nuget\packages\microsoft.netcore.app.ref\9.0.9\ref\net9.0\System.Runtime.Loader.dll /reference:C:\Users\rober\.nuget\packages\microsoft.netcore.app.ref\9.0.9\ref\net9.0\System.Runtime.Numerics.dll /reference:C:\Users\rober\.nuget\packages\microsoft.netcore.app.ref\9.0.9\ref\net9.0\System.Runtime.Serialization.dll /reference:C:\Users\rober\.nuget\packages\microsoft.netcore.app.ref\9.0.9\ref\net9.0\System.Runtime.Serialization.Formatters.dll /reference:C:\Users\rober\.nuget\packages\microsoft.netcore.app.ref\9.0.9\ref\net9.0\System.Runtime.Serialization.Json.dll /reference:C:\Users\rober\.nuget\packages\microsoft.netcore.app.ref\9.0.9\ref\net9.0\System.Runtime.Serialization.Primitives.dll /reference:C:\Users\rober\.nuget\packages\microsoft.netcore.app.ref\9.0.9\ref\net9.0\System.Runtime.Serialization.Xml.dll /reference:C:\Users\rober\.nuget\packages\microsoft.netcore.app.ref\9.0.9\ref\net9.0\System.Security.AccessControl.dll /reference:C:\Users\rober\.nuget\packages\microsoft.netcore.app.ref\9.0.9\ref\net9.0\System.Security.Claims.dll /reference:C:\Users\rober\.nuget\packages\microsoft.netcore.app.ref\9.0.9\ref\net9.0\System.Security.Cryptography.Algorithms.dll /reference:C:\Users\rober\.nuget\packages\microsoft.netcore.app.ref\9.0.9\ref\net9.0\System.Security.Cryptography.Cng.dll /reference:C:\Users\rober\.nuget\packages\microsoft.netcore.app.ref\9.0.9\ref\net9.0\System.Security.Cryptography.Csp.dll /reference:C:\Users\rober\.nuget\packages\microsoft.netcore.app.ref\9.0.9\ref\net9.0\System.Security.Cryptography.dll /reference:C:\Users\rober\.nuget\packages\microsoft.netcore.app.ref\9.0.9\ref\net9.0\System.Security.Cryptography.Encoding.dll /reference:C:\Users\rober\.nuget\packages\microsoft.netcore.app.ref\9.0.9\ref\net9.0\System.Security.Cryptography.OpenSsl.dll /reference:C:\Users\rober\.nuget\packages\microsoft.netcore.app.ref\9.0.9\ref\net9.0\System.Security.Cryptography.Primitives.dll /reference:C:\Users\rober\.nuget\packages\microsoft.netcore.app.ref\9.0.9\ref\net9.0\System.Security.Cryptography.X509Certificates.dll /reference:C:\Users\rober\.nuget\packages\microsoft.aspnetcore.app.ref\9.0.9\ref\net9.0\System.Security.Cryptography.Xml.dll /reference:C:\Users\rober\.nuget\packages\microsoft.netcore.app.ref\9.0.9\ref\net9.0\System.Security.dll /reference:C:\Users\rober\.nuget\packages\microsoft.netcore.app.ref\9.0.9\ref\net9.0\System.Security.Principal.dll /reference:C:\Users\rober\.nuget\packages\microsoft.netcore.app.ref\9.0.9\ref\net9.0\System.Security.Principal.Windows.dll /reference:C:\Users\rober\.nuget\packages\microsoft.netcore.app.ref\9.0.9\ref\net9.0\System.Security.SecureString.dll /reference:C:\Users\rober\.nuget\packages\microsoft.netcore.app.ref\9.0.9\ref\net9.0\System.ServiceModel.Web.dll /reference:C:\Users\rober\.nuget\packages\microsoft.netcore.app.ref\9.0.9\ref\net9.0\System.ServiceProcess.dll /reference:C:\Users\rober\.nuget\packages\microsoft.netcore.app.ref\9.0.9\ref\net9.0\System.Text.Encoding.CodePages.dll /reference:C:\Users\rober\.nuget\packages\microsoft.netcore.app.ref\9.0.9\ref\net9.0\System.Text.Encoding.dll /reference:C:\Users\rober\.nuget\packages\microsoft.netcore.app.ref\9.0.9\ref\net9.0\System.Text.Encoding.Extensions.dll /reference:C:\Users\rober\.nuget\packages\microsoft.netcore.app.ref\9.0.9\ref\net9.0\System.Text.Encodings.Web.dll /reference:C:\Users\rober\.nuget\packages\microsoft.netcore.app.ref\9.0.9\ref\net9.0\System.Text.Json.dll /reference:C:\Users\rober\.nuget\packages\microsoft.netcore.app.ref\9.0.9\ref\net9.0\System.Text.RegularExpressions.dll /reference:C:\Users\rober\.nuget\packages\microsoft.netcore.app.ref\9.0.9\ref\net9.0\System.Threading.Channels.dll /reference:C:\Users\rober\.nuget\packages\microsoft.netcore.app.ref\9.0.9\ref\net9.0\System.Threading.dll /reference:C:\Users\rober\.nuget\packages\microsoft.netcore.app.ref\9.0.9\ref\net9.0\System.Threading.Overlapped.dll /reference:C:\Users\rober\.nuget\packages\microsoft.aspnetcore.app.ref\9.0.9\ref\net9.0\System.Threading.RateLimiting.dll /reference:C:\Users\rober\.nuget\packages\microsoft.netcore.app.ref\9.0.9\ref\net9.0\System.Threading.Tasks.Dataflow.dll /reference:C:\Users\rober\.nuget\packages\microsoft.netcore.app.ref\9.0.9\ref\net9.0\System.Threading.Tasks.dll /reference:C:\Users\rober\.nuget\packages\microsoft.netcore.app.ref\9.0.9\ref\net9.0\System.Threading.Tasks.Extensions.dll /reference:C:\Users\rober\.nuget\packages\microsoft.netcore.app.ref\9.0.9\ref\net9.0\System.Threading.Tasks.Parallel.dll /reference:C:\Users\rober\.nuget\packages\microsoft.netcore.app.ref\9.0.9\ref\net9.0\System.Threading.Thread.dll /reference:C:\Users\rober\.nuget\packages\microsoft.netcore.app.ref\9.0.9\ref\net9.0\System.Threading.ThreadPool.dll /reference:C:\Users\rober\.nuget\packages\microsoft.netcore.app.ref\9.0.9\ref\net9.0\System.Threading.Timer.dll /reference:C:\Users\rober\.nuget\packages\microsoft.netcore.app.ref\9.0.9\ref\net9.0\System.Transactions.dll /reference:C:\Users\rober\.nuget\packages\microsoft.netcore.app.ref\9.0.9\ref\net9.0\System.Transactions.Local.dll /reference:C:\Users\rober\.nuget\packages\microsoft.netcore.app.ref\9.0.9\ref\net9.0\System.ValueTuple.dll /reference:C:\Users\rober\.nuget\packages\microsoft.netcore.app.ref\9.0.9\ref\net9.0\System.Web.dll /reference:C:\Users\rober\.nuget\packages\microsoft.netcore.app.ref\9.0.9\ref\net9.0\System.Web.HttpUtility.dll /reference:C:\Users\rober\.nuget\packages\microsoft.netcore.app.ref\9.0.9\ref\net9.0\System.Windows.dll /reference:C:\Users\rober\.nuget\packages\microsoft.netcore.app.ref\9.0.9\ref\net9.0\System.Xml.dll /reference:C:\Users\rober\.nuget\packages\microsoft.netcore.app.ref\9.0.9\ref\net9.0\System.Xml.Linq.dll /reference:C:\Users\rober\.nuget\packages\microsoft.netcore.app.ref\9.0.9\ref\net9.0\System.Xml.ReaderWriter.dll /reference:C:\Users\rober\.nuget\packages\microsoft.netcore.app.ref\9.0.9\ref\net9.0\System.Xml.Serialization.dll /reference:C:\Users\rober\.nuget\packages\microsoft.netcore.app.ref\9.0.9\ref\net9.0\System.Xml.XDocument.dll /reference:C:\Users\rober\.nuget\packages\microsoft.netcore.app.ref\9.0.9\ref\net9.0\System.Xml.XmlDocument.dll /reference:C:\Users\rober\.nuget\packages\microsoft.netcore.app.ref\9.0.9\ref\net9.0\System.Xml.XmlSerializer.dll /reference:C:\Users\rober\.nuget\packages\microsoft.netcore.app.ref\9.0.9\ref\net9.0\System.Xml.XPath.dll /reference:C:\Users\rober\.nuget\packages\microsoft.netcore.app.ref\9.0.9\ref\net9.0\System.Xml.XPath.XDocument.dll /reference:C:\Users\rober\.nuget\packages\microsoft.testplatform.testhost\17.9.0\lib\netcoreapp3.1\testhost.dll /reference:C:\Users\rober\.nuget\packages\microsoft.netcore.app.ref\9.0.9\ref\net9.0\WindowsBase.dll /reference:C:\Users\rober\.nuget\packages\xunit.abstractions\2.0.3\lib\netstandard2.0\xunit.abstractions.dll /reference:C:\Users\rober\.nuget\packages\xunit.assert\2.9.3\lib\net6.0\xunit.assert.dll /reference:C:\Users\rober\.nuget\packages\xunit.extensibility.core\2.9.3\lib\netstandard1.1\xunit.core.dll /reference:C:\Users\rober\.nuget\packages\xunit.extensibility.execution\2.9.3\lib\netstandard1.1\xunit.execution.dotnet.dll /debug+ /debug:portable /filealign:512 /optimize- /out:obj\Debug\net9.0\RazorDataPresentation.Tests.dll /refout:obj\Debug\net9.0\refint\RazorDataPresentation.Tests.dll /target:exe /warnaserror- /utf8output /deterministic+ /sourcelink:obj\Debug\net9.0\RazorDataPresentation.Tests.sourcelink.json /langversion:13.0 /embed:C:\Users\rober\.nuget\packages\microsoft.net.test.sdk\17.9.0\build\netcoreapp3.1\Microsoft.NET.Test.Sdk.Program.cs /embed:obj\Debug\net9.0\RazorDataPresentation.Tests.GlobalUsings.g.cs /embed:"obj\Debug\net9.0\.NETCoreApp,Version=v9.0.AssemblyAttributes.cs" /embed:obj\Debug\net9.0\RazorDataPresentation.Tests.AssemblyInfo.cs /analyzerconfig:obj\Debug\net9.0\RazorDataPresentation.Tests.GeneratedMSBuildEditorConfig.editorconfig /analyzerconfig:"C:\Program Files\dotnet\sdk\10.0.100-rc.1.25451.107\Sdks\Microsoft.NET.Sdk\analyzers\build\config\analysislevel_9_default.globalconfig" /analyzer:"C:\Program Files\dotnet\sdk\10.0.100-rc.1.25451.107\Sdks\Microsoft.NET.Sdk\targets\..\analyzers\Microsoft.CodeAnalysis.CSharp.NetAnalyzers.dll" /analyzer:"C:\Program Files\dotnet\sdk\10.0.100-rc.1.25451.107\Sdks\Microsoft.NET.Sdk\targets\..\analyzers\Microsoft.CodeAnalysis.NetAnalyzers.dll" /analyzer:C:\Users\rober\.nuget\packages\xunit.analyzers\1.18.0\analyzers\dotnet\cs\xunit.analyzers.dll /analyzer:C:\Users\rober\.nuget\packages\xunit.analyzers\1.18.0\analyzers\dotnet\cs\xunit.analyzers.fixes.dll /analyzer:C:\Users\rober\.nuget\packages\microsoft.netcore.app.ref\9.0.9\analyzers/dotnet/cs/Microsoft.Interop.ComInterfaceGenerator.dll /analyzer:C:\Users\rober\.nuget\packages\microsoft.netcore.app.ref\9.0.9\analyzers/dotnet/cs/Microsoft.Interop.JavaScript.JSImportGenerator.dll /analyzer:C:\Users\rober\.nuget\packages\microsoft.netcore.app.ref\9.0.9\analyzers/dotnet/cs/Microsoft.Interop.LibraryImportGenerator.dll /analyzer:C:\Users\rober\.nuget\packages\microsoft.netcore.app.ref\9.0.9\analyzers/dotnet/cs/Microsoft.Interop.SourceGeneration.dll /analyzer:C:\Users\rober\.nuget\packages\microsoft.netcore.app.ref\9.0.9\analyzers/dotnet/cs/System.Text.Json.SourceGeneration.dll /analyzer:C:\Users\rober\.nuget\packages\microsoft.netcore.app.ref\9.0.9\analyzers/dotnet/cs/System.Text.RegularExpressions.Generator.dll /analyzer:C:\Users\rober\.nuget\packages\microsoft.aspnetcore.app.ref\9.0.9\analyzers/dotnet/cs/Microsoft.AspNetCore.App.Analyzers.dll /analyzer:C:\Users\rober\.nuget\packages\microsoft.aspnetcore.app.ref\9.0.9\analyzers/dotnet/cs/Microsoft.AspNetCore.App.CodeFixes.dll /analyzer:C:\Users\rober\.nuget\packages\microsoft.aspnetcore.app.ref\9.0.9\analyzers/dotnet/cs/Microsoft.AspNetCore.Components.Analyzers.dll /analyzer:C:\Users\rober\.nuget\packages\microsoft.aspnetcore.app.ref\9.0.9\analyzers/dotnet/roslyn4.4/cs/Microsoft.Extensions.Logging.Generators.dll /analyzer:C:\Users\rober\.nuget\packages\microsoft.aspnetcore.app.ref\9.0.9\analyzers/dotnet/roslyn4.4/cs/Microsoft.Extensions.Options.SourceGeneration.dll Pages\Index.cshtml.cs Program.cs Tests\AlinhamentoEnumTests.cs Tests\IndexModelTests.cs Tests\TipoDadoEnumTests.cs C:\Users\rober\.nuget\packages\microsoft.net.test.sdk\17.9.0\build\netcoreapp3.1\Microsoft.NET.Test.Sdk.Program.cs obj\Debug\net9.0\RazorDataPresentation.Tests.GlobalUsings.g.cs "obj\Debug\net9.0\.NETCoreApp,Version=v9.0.AssemblyAttributes.cs" obj\Debug\net9.0\RazorDataPresentation.Tests.AssemblyInfo.cs /warnaserror+:NU1605,SYSLIB0011'
         Attempt to open named pipe 'SbcOndyrTHuSyRuC3QgnA1xWzpu0A8LSEypDq8Sn9XY'
         Attempt to connect named pipe 'SbcOndyrTHuSyRuC3QgnA1xWzpu0A8LSEypDq8Sn9XY'
         Named pipe 'SbcOndyrTHuSyRuC3QgnA1xWzpu0A8LSEypDq8Sn9XY' connected
         Begin writing request for RazorDataPresentation.Tests (net9.0)
         End writing request for RazorDataPresentation.Tests (net9.0)
         Begin reading response for RazorDataPresentation.Tests (net9.0)
         End reading response for RazorDataPresentation.Tests (net9.0)
     1>C:\Projetos\Razor\Pages\Index.cshtml.cs(8,21): warning CS0436: O tipo "ColunaCustomizada" em "C:\Projetos\Razor\Pages\Index.cshtml.cs" est├í em conflito com o tipo importado "ColunaCustomizada" em "RazorDataPresentation, Version=1.0.0.0, Culture=neutral, PublicKeyToken=null". Usar o tipo definido em "C:\Projetos\Razor\Pages\Index.cshtml.cs". [C:\Projetos\Razor\RazorDataPresentation.Tests.csproj]
     1>C:\Projetos\Razor\Pages\Index.cshtml.cs(213,16): warning CS0436: O tipo "TipoDadoEnum" em "C:\Projetos\Razor\Pages\Index.cshtml.cs" est├í em conflito com o tipo importado "TipoDadoEnum" em "RazorDataPresentation, Version=1.0.0.0, Culture=neutral, PublicKeyToken=null". Usar o tipo definido em "C:\Projetos\Razor\Pages\Index.cshtml.cs". [C:\Projetos\Razor\RazorDataPresentation.Tests.csproj]
     1>C:\Projetos\Razor\Pages\Index.cshtml.cs(9,21): warning CS0436: O tipo "Empresa" em "C:\Projetos\Razor\Pages\Index.cshtml.cs" est├í em conflito com o tipo importado "Empresa" em "RazorDataPresentation, Version=1.0.0.0, Culture=neutral, PublicKeyToken=null". Usar o tipo definido em "C:\Projetos\Razor\Pages\Index.cshtml.cs". [C:\Projetos\Razor\RazorDataPresentation.Tests.csproj]
     1>C:\Projetos\Razor\Pages\Index.cshtml.cs(15,106): warning CS0436: O tipo "TipoDadoEnum" em "C:\Projetos\Razor\Pages\Index.cshtml.cs" est├í em conflito com o tipo importado "TipoDadoEnum" em "RazorDataPresentation, Version=1.0.0.0, Culture=neutral, PublicKeyToken=null". Usar o tipo definido em "C:\Projetos\Razor\Pages\Index.cshtml.cs". [C:\Projetos\Razor\RazorDataPresentation.Tests.csproj]
     1>C:\Projetos\Razor\Pages\Index.cshtml.cs(15,17): warning CS0436: O tipo "ColunaCustomizada" em "C:\Projetos\Razor\Pages\Index.cshtml.cs" est├í em conflito com o tipo importado "ColunaCustomizada" em "RazorDataPresentation, Version=1.0.0.0, Culture=neutral, PublicKeyToken=null". Usar o tipo definido em "C:\Projetos\Razor\Pages\Index.cshtml.cs". [C:\Projetos\Razor\RazorDataPresentation.Tests.csproj]
     1>C:\Projetos\Razor\Pages\Index.cshtml.cs(103,50): warning CS0436: O tipo "TipoDadoEnum" em "C:\Projetos\Razor\Pages\Index.cshtml.cs" est├í em conflito com o tipo importado "TipoDadoEnum" em "RazorDataPresentation, Version=1.0.0.0, Culture=neutral, PublicKeyToken=null". Usar o tipo definido em "C:\Projetos\Razor\Pages\Index.cshtml.cs". [C:\Projetos\Razor\RazorDataPresentation.Tests.csproj]
     1>C:\Projetos\Razor\Pages\Index.cshtml.cs(123,35): warning CS0436: O tipo "Empresa" em "C:\Projetos\Razor\Pages\Index.cshtml.cs" est├í em conflito com o tipo importado "Empresa" em "RazorDataPresentation, Version=1.0.0.0, Culture=neutral, PublicKeyToken=null". Usar o tipo definido em "C:\Projetos\Razor\Pages\Index.cshtml.cs". [C:\Projetos\Razor\RazorDataPresentation.Tests.csproj]
     1>C:\Projetos\Razor\Tests\IndexModelTests.cs(9,22): warning CS0436: O tipo "IndexModel" em "C:\Projetos\Razor\Pages\Index.cshtml.cs" est├í em conflito com o tipo importado "IndexModel" em "RazorDataPresentation, Version=1.0.0.0, Culture=neutral, PublicKeyToken=null". Usar o tipo definido em "C:\Projetos\Razor\Pages\Index.cshtml.cs". [C:\Projetos\Razor\RazorDataPresentation.Tests.csproj]
     1>C:\Users\rober\.nuget\packages\microsoft.net.test.sdk\17.9.0\build\netcoreapp3.1\Microsoft.NET.Test.Sdk.Program.cs(4,41): warning CS7022: O ponto de entrada do programa ├® o c├│digo global. Ignorando o ponto de entrada 'AutoGeneratedProgram.Main(string[])'. [C:\Projetos\Razor\RazorDataPresentation.Tests.csproj]
     1>C:\Projetos\Razor\Pages\Index.cshtml.cs(213,50): warning CS0436: O tipo "TipoDadoEnum" em "C:\Projetos\Razor\Pages\Index.cshtml.cs" est├í em conflito com o tipo importado "TipoDadoEnum" em "RazorDataPresentation, Version=1.0.0.0, Culture=neutral, PublicKeyToken=null". Usar o tipo definido em "C:\Projetos\Razor\Pages\Index.cshtml.cs". [C:\Projetos\Razor\RazorDataPresentation.Tests.csproj]
     1>C:\Projetos\Razor\Tests\TipoDadoEnumTests.cs(12,30): warning CS0436: O tipo "TipoDadoEnum" em "C:\Projetos\Razor\Pages\Index.cshtml.cs" est├í em conflito com o tipo importado "TipoDadoEnum" em "RazorDataPresentation, Version=1.0.0.0, Culture=neutral, PublicKeyToken=null". Usar o tipo definido em "C:\Projetos\Razor\Pages\Index.cshtml.cs". [C:\Projetos\Razor\RazorDataPresentation.Tests.csproj]
     1>C:\Projetos\Razor\Tests\TipoDadoEnumTests.cs(13,30): warning CS0436: O tipo "TipoDadoEnum" em "C:\Projetos\Razor\Pages\Index.cshtml.cs" est├í em conflito com o tipo importado "TipoDadoEnum" em "RazorDataPresentation, Version=1.0.0.0, Culture=neutral, PublicKeyToken=null". Usar o tipo definido em "C:\Projetos\Razor\Pages\Index.cshtml.cs". [C:\Projetos\Razor\RazorDataPresentation.Tests.csproj]
     1>C:\Projetos\Razor\Tests\TipoDadoEnumTests.cs(14,30): warning CS0436: O tipo "TipoDadoEnum" em "C:\Projetos\Razor\Pages\Index.cshtml.cs" est├í em conflito com o tipo importado "TipoDadoEnum" em "RazorDataPresentation, Version=1.0.0.0, Culture=neutral, PublicKeyToken=null". Usar o tipo definido em "C:\Projetos\Razor\Pages\Index.cshtml.cs". [C:\Projetos\Razor\RazorDataPresentation.Tests.csproj]
     1>C:\Projetos\Razor\Tests\TipoDadoEnumTests.cs(15,30): warning CS0436: O tipo "TipoDadoEnum" em "C:\Projetos\Razor\Pages\Index.cshtml.cs" est├í em conflito com o tipo importado "TipoDadoEnum" em "RazorDataPresentation, Version=1.0.0.0, Culture=neutral, PublicKeyToken=null". Usar o tipo definido em "C:\Projetos\Razor\Pages\Index.cshtml.cs". [C:\Projetos\Razor\RazorDataPresentation.Tests.csproj]
     1>C:\Projetos\Razor\Tests\TipoDadoEnumTests.cs(16,30): warning CS0436: O tipo "TipoDadoEnum" em "C:\Projetos\Razor\Pages\Index.cshtml.cs" est├í em conflito com o tipo importado "TipoDadoEnum" em "RazorDataPresentation, Version=1.0.0.0, Culture=neutral, PublicKeyToken=null". Usar o tipo definido em "C:\Projetos\Razor\Pages\Index.cshtml.cs". [C:\Projetos\Razor\RazorDataPresentation.Tests.csproj]
     1>C:\Projetos\Razor\Tests\TipoDadoEnumTests.cs(17,30): warning CS0436: O tipo "TipoDadoEnum" em "C:\Projetos\Razor\Pages\Index.cshtml.cs" est├í em conflito com o tipo importado "TipoDadoEnum" em "RazorDataPresentation, Version=1.0.0.0, Culture=neutral, PublicKeyToken=null". Usar o tipo definido em "C:\Projetos\Razor\Pages\Index.cshtml.cs". [C:\Projetos\Razor\RazorDataPresentation.Tests.csproj]
     1>C:\Projetos\Razor\Tests\TipoDadoEnumTests.cs(18,30): warning CS0436: O tipo "TipoDadoEnum" em "C:\Projetos\Razor\Pages\Index.cshtml.cs" est├í em conflito com o tipo importado "TipoDadoEnum" em "RazorDataPresentation, Version=1.0.0.0, Culture=neutral, PublicKeyToken=null". Usar o tipo definido em "C:\Projetos\Razor\Pages\Index.cshtml.cs". [C:\Projetos\Razor\RazorDataPresentation.Tests.csproj]
     1>C:\Projetos\Razor\Tests\IndexModelTests.cs(13,27): warning CS0436: O tipo "IndexModel" em "C:\Projetos\Razor\Pages\Index.cshtml.cs" est├í em conflito com o tipo importado "IndexModel" em "RazorDataPresentation, Version=1.0.0.0, Culture=neutral, PublicKeyToken=null". Usar o tipo definido em "C:\Projetos\Razor\Pages\Index.cshtml.cs". [C:\Projetos\Razor\RazorDataPresentation.Tests.csproj]
     1>C:\Projetos\Razor\Tests\IndexModelTests.cs(26,52): warning CS0436: O tipo "TipoDadoEnum" em "C:\Projetos\Razor\Pages\Index.cshtml.cs" est├í em conflito com o tipo importado "TipoDadoEnum" em "RazorDataPresentation, Version=1.0.0.0, Culture=neutral, PublicKeyToken=null". Usar o tipo definido em "C:\Projetos\Razor\Pages\Index.cshtml.cs". [C:\Projetos\Razor\RazorDataPresentation.Tests.csproj]
     1>C:\Projetos\Razor\Pages\Index.cshtml.cs(17,24): warning CS0436: O tipo "ColunaCustomizada" em "C:\Projetos\Razor\Pages\Index.cshtml.cs" est├í em conflito com o tipo importado "ColunaCustomizada" em "RazorDataPresentation, Version=1.0.0.0, Culture=neutral, PublicKeyToken=null". Usar o tipo definido em "C:\Projetos\Razor\Pages\Index.cshtml.cs". [C:\Projetos\Razor\RazorDataPresentation.Tests.csproj]
     1>C:\Projetos\Razor\Tests\IndexModelTests.cs(39,52): warning CS0436: O tipo "TipoDadoEnum" em "C:\Projetos\Razor\Pages\Index.cshtml.cs" est├í em conflito com o tipo importado "TipoDadoEnum" em "RazorDataPresentation, Version=1.0.0.0, Culture=neutral, PublicKeyToken=null". Usar o tipo definido em "C:\Projetos\Razor\Pages\Index.cshtml.cs". [C:\Projetos\Razor\RazorDataPresentation.Tests.csproj]
     1>C:\Projetos\Razor\Tests\IndexModelTests.cs(49,52): warning CS0436: O tipo "TipoDadoEnum" em "C:\Projetos\Razor\Pages\Index.cshtml.cs" est├í em conflito com o tipo importado "TipoDadoEnum" em "RazorDataPresentation, Version=1.0.0.0, Culture=neutral, PublicKeyToken=null". Usar o tipo definido em "C:\Projetos\Razor\Pages\Index.cshtml.cs". [C:\Projetos\Razor\RazorDataPresentation.Tests.csproj]
     1>C:\Projetos\Razor\Tests\IndexModelTests.cs(64,50): warning CS0436: O tipo "TipoDadoEnum" em "C:\Projetos\Razor\Pages\Index.cshtml.cs" est├í em conflito com o tipo importado "TipoDadoEnum" em "RazorDataPresentation, Version=1.0.0.0, Culture=neutral, PublicKeyToken=null". Usar o tipo definido em "C:\Projetos\Razor\Pages\Index.cshtml.cs". [C:\Projetos\Razor\RazorDataPresentation.Tests.csproj]
     1>C:\Projetos\Razor\Tests\IndexModelTests.cs(76,50): warning CS0436: O tipo "TipoDadoEnum" em "C:\Projetos\Razor\Pages\Index.cshtml.cs" est├í em conflito com o tipo importado "TipoDadoEnum" em "RazorDataPresentation, Version=1.0.0.0, Culture=neutral, PublicKeyToken=null". Usar o tipo definido em "C:\Projetos\Razor\Pages\Index.cshtml.cs". [C:\Projetos\Razor\RazorDataPresentation.Tests.csproj]
     1>C:\Projetos\Razor\Program.cs(5,18): error CS1061: ÔÇÿIServiceCollectionÔÇÖ n├úo cont├®m uma defini├º├úo para "AddRazorPages" e n├úo foi poss├¡vel encontrar nenhum m├®todo de extens├úo "AddRazorPages" que aceite um primeiro argumento do tipo ÔÇÿIServiceCollectionÔÇÖ (voc├¬ est├í se esquecendo de usar uma diretiva ou uma refer├¬ncia de assembly?) [C:\Projetos\Razor\RazorDataPresentation.Tests.csproj]
     1>C:\Projetos\Razor\Tests\IndexModelTests.cs(86,52): warning CS0436: O tipo "TipoDadoEnum" em "C:\Projetos\Razor\Pages\Index.cshtml.cs" est├í em conflito com o tipo importado "TipoDadoEnum" em "RazorDataPresentation, Version=1.0.0.0, Culture=neutral, PublicKeyToken=null". Usar o tipo definido em "C:\Projetos\Razor\Pages\Index.cshtml.cs". [C:\Projetos\Razor\RazorDataPresentation.Tests.csproj]
     1>C:\Projetos\Razor\Tests\IndexModelTests.cs(101,54): warning CS0436: O tipo "TipoDadoEnum" em "C:\Projetos\Razor\Pages\Index.cshtml.cs" est├í em conflito com o tipo importado "TipoDadoEnum" em "RazorDataPresentation, Version=1.0.0.0, Culture=neutral, PublicKeyToken=null". Usar o tipo definido em "C:\Projetos\Razor\Pages\Index.cshtml.cs". [C:\Projetos\Razor\RazorDataPresentation.Tests.csproj]
     1>C:\Projetos\Razor\Tests\IndexModelTests.cs(114,54): warning CS0436: O tipo "TipoDadoEnum" em "C:\Projetos\Razor\Pages\Index.cshtml.cs" est├í em conflito com o tipo importado "TipoDadoEnum" em "RazorDataPresentation, Version=1.0.0.0, Culture=neutral, PublicKeyToken=null". Usar o tipo definido em "C:\Projetos\Razor\Pages\Index.cshtml.cs". [C:\Projetos\Razor\RazorDataPresentation.Tests.csproj]
     1>C:\Projetos\Razor\Tests\AlinhamentoEnumTests.cs(12,30): warning CS0436: O tipo "AlinhamentoEnum" em "C:\Projetos\Razor\Pages\Index.cshtml.cs" est├í em conflito com o tipo importado "AlinhamentoEnum" em "RazorDataPresentation, Version=1.0.0.0, Culture=neutral, PublicKeyToken=null". Usar o tipo definido em "C:\Projetos\Razor\Pages\Index.cshtml.cs". [C:\Projetos\Razor\RazorDataPresentation.Tests.csproj]
     1>C:\Projetos\Razor\Tests\AlinhamentoEnumTests.cs(13,30): warning CS0436: O tipo "AlinhamentoEnum" em "C:\Projetos\Razor\Pages\Index.cshtml.cs" est├í em conflito com o tipo importado "AlinhamentoEnum" em "RazorDataPresentation, Version=1.0.0.0, Culture=neutral, PublicKeyToken=null". Usar o tipo definido em "C:\Projetos\Razor\Pages\Index.cshtml.cs". [C:\Projetos\Razor\RazorDataPresentation.Tests.csproj]
     1>C:\Projetos\Razor\Tests\AlinhamentoEnumTests.cs(14,30): warning CS0436: O tipo "AlinhamentoEnum" em "C:\Projetos\Razor\Pages\Index.cshtml.cs" est├í em conflito com o tipo importado "AlinhamentoEnum" em "RazorDataPresentation, Version=1.0.0.0, Culture=neutral, PublicKeyToken=null". Usar o tipo definido em "C:\Projetos\Razor\Pages\Index.cshtml.cs". [C:\Projetos\Razor\RazorDataPresentation.Tests.csproj]
     1>C:\Projetos\Razor\Tests\IndexModelTests.cs(125,52): warning CS0436: O tipo "TipoDadoEnum" em "C:\Projetos\Razor\Pages\Index.cshtml.cs" est├í em conflito com o tipo importado "TipoDadoEnum" em "RazorDataPresentation, Version=1.0.0.0, Culture=neutral, PublicKeyToken=null". Usar o tipo definido em "C:\Projetos\Razor\Pages\Index.cshtml.cs". [C:\Projetos\Razor\RazorDataPresentation.Tests.csproj]
     1>C:\Projetos\Razor\Tests\AlinhamentoEnumTests.cs(21,21): warning CS0436: O tipo "AlinhamentoEnum" em "C:\Projetos\Razor\Pages\Index.cshtml.cs" est├í em conflito com o tipo importado "AlinhamentoEnum" em "RazorDataPresentation, Version=1.0.0.0, Culture=neutral, PublicKeyToken=null". Usar o tipo definido em "C:\Projetos\Razor\Pages\Index.cshtml.cs". [C:\Projetos\Razor\RazorDataPresentation.Tests.csproj]
     1>C:\Projetos\Razor\Tests\IndexModelTests.cs(140,53): warning CS0436: O tipo "TipoDadoEnum" em "C:\Projetos\Razor\Pages\Index.cshtml.cs" est├í em conflito com o tipo importado "TipoDadoEnum" em "RazorDataPresentation, Version=1.0.0.0, Culture=neutral, PublicKeyToken=null". Usar o tipo definido em "C:\Projetos\Razor\Pages\Index.cshtml.cs". [C:\Projetos\Razor\RazorDataPresentation.Tests.csproj]
     1>C:\Projetos\Razor\Tests\AlinhamentoEnumTests.cs(31,21): warning CS0436: O tipo "AlinhamentoEnum" em "C:\Projetos\Razor\Pages\Index.cshtml.cs" est├í em conflito com o tipo importado "AlinhamentoEnum" em "RazorDataPresentation, Version=1.0.0.0, Culture=neutral, PublicKeyToken=null". Usar o tipo definido em "C:\Projetos\Razor\Pages\Index.cshtml.cs". [C:\Projetos\Razor\RazorDataPresentation.Tests.csproj]
     1>C:\Projetos\Razor\Tests\AlinhamentoEnumTests.cs(41,21): warning CS0436: O tipo "AlinhamentoEnum" em "C:\Projetos\Razor\Pages\Index.cshtml.cs" est├í em conflito com o tipo importado "AlinhamentoEnum" em "RazorDataPresentation, Version=1.0.0.0, Culture=neutral, PublicKeyToken=null". Usar o tipo definido em "C:\Projetos\Razor\Pages\Index.cshtml.cs". [C:\Projetos\Razor\RazorDataPresentation.Tests.csproj]
     1>C:\Projetos\Razor\Tests\IndexModelTests.cs(152,53): warning CS0436: O tipo "TipoDadoEnum" em "C:\Projetos\Razor\Pages\Index.cshtml.cs" est├í em conflito com o tipo importado "TipoDadoEnum" em "RazorDataPresentation, Version=1.0.0.0, Culture=neutral, PublicKeyToken=null". Usar o tipo definido em "C:\Projetos\Razor\Pages\Index.cshtml.cs". [C:\Projetos\Razor\RazorDataPresentation.Tests.csproj]
     1>C:\Projetos\Razor\Tests\IndexModelTests.cs(163,52): warning CS0436: O tipo "TipoDadoEnum" em "C:\Projetos\Razor\Pages\Index.cshtml.cs" est├í em conflito com o tipo importado "TipoDadoEnum" em "RazorDataPresentation, Version=1.0.0.0, Culture=neutral, PublicKeyToken=null". Usar o tipo definido em "C:\Projetos\Razor\Pages\Index.cshtml.cs". [C:\Projetos\Razor\RazorDataPresentation.Tests.csproj]
     1>C:\Projetos\Razor\Tests\IndexModelTests.cs(179,53): warning CS0436: O tipo "TipoDadoEnum" em "C:\Projetos\Razor\Pages\Index.cshtml.cs" est├í em conflito com o tipo importado "TipoDadoEnum" em "RazorDataPresentation, Version=1.0.0.0, Culture=neutral, PublicKeyToken=null". Usar o tipo definido em "C:\Projetos\Razor\Pages\Index.cshtml.cs". [C:\Projetos\Razor\RazorDataPresentation.Tests.csproj]
     1>C:\Projetos\Razor\Tests\IndexModelTests.cs(191,53): warning CS0436: O tipo "TipoDadoEnum" em "C:\Projetos\Razor\Pages\Index.cshtml.cs" est├í em conflito com o tipo importado "TipoDadoEnum" em "RazorDataPresentation, Version=1.0.0.0, Culture=neutral, PublicKeyToken=null". Usar o tipo definido em "C:\Projetos\Razor\Pages\Index.cshtml.cs". [C:\Projetos\Razor\RazorDataPresentation.Tests.csproj]
     1>C:\Projetos\Razor\Tests\IndexModelTests.cs(205,58): warning CS0436: O tipo "TipoDadoEnum" em "C:\Projetos\Razor\Pages\Index.cshtml.cs" est├í em conflito com o tipo importado "TipoDadoEnum" em "RazorDataPresentation, Version=1.0.0.0, Culture=neutral, PublicKeyToken=null". Usar o tipo definido em "C:\Projetos\Razor\Pages\Index.cshtml.cs". [C:\Projetos\Razor\RazorDataPresentation.Tests.csproj]
     1>C:\Projetos\Razor\Tests\IndexModelTests.cs(218,52): warning CS0436: O tipo "TipoDadoEnum" em "C:\Projetos\Razor\Pages\Index.cshtml.cs" est├í em conflito com o tipo importado "TipoDadoEnum" em "RazorDataPresentation, Version=1.0.0.0, Culture=neutral, PublicKeyToken=null". Usar o tipo definido em "C:\Projetos\Razor\Pages\Index.cshtml.cs". [C:\Projetos\Razor\RazorDataPresentation.Tests.csproj]
     1>C:\Projetos\Razor\Tests\IndexModelTests.cs(230,58): warning CS0436: O tipo "TipoDadoEnum" em "C:\Projetos\Razor\Pages\Index.cshtml.cs" est├í em conflito com o tipo importado "TipoDadoEnum" em "RazorDataPresentation, Version=1.0.0.0, Culture=neutral, PublicKeyToken=null". Usar o tipo definido em "C:\Projetos\Razor\Pages\Index.cshtml.cs". [C:\Projetos\Razor\RazorDataPresentation.Tests.csproj]
     1>C:\Projetos\Razor\Tests\IndexModelTests.cs(245,53): warning CS0436: O tipo "TipoDadoEnum" em "C:\Projetos\Razor\Pages\Index.cshtml.cs" est├í em conflito com o tipo importado "TipoDadoEnum" em "RazorDataPresentation, Version=1.0.0.0, Culture=neutral, PublicKeyToken=null". Usar o tipo definido em "C:\Projetos\Razor\Pages\Index.cshtml.cs". [C:\Projetos\Razor\RazorDataPresentation.Tests.csproj]
     1>C:\Projetos\Razor\Tests\IndexModelTests.cs(279,27): warning CS0436: O tipo "Empresa" em "C:\Projetos\Razor\Pages\Index.cshtml.cs" est├í em conflito com o tipo importado "Empresa" em "RazorDataPresentation, Version=1.0.0.0, Culture=neutral, PublicKeyToken=null". Usar o tipo definido em "C:\Projetos\Razor\Pages\Index.cshtml.cs". [C:\Projetos\Razor\RazorDataPresentation.Tests.csproj]
     1>C:\Projetos\Razor\Tests\IndexModelTests.cs(298,27): warning CS0436: O tipo "Empresa" em "C:\Projetos\Razor\Pages\Index.cshtml.cs" est├í em conflito com o tipo importado "Empresa" em "RazorDataPresentation, Version=1.0.0.0, Culture=neutral, PublicKeyToken=null". Usar o tipo definido em "C:\Projetos\Razor\Pages\Index.cshtml.cs". [C:\Projetos\Razor\RazorDataPresentation.Tests.csproj]
     1>C:\Projetos\Razor\Tests\IndexModelTests.cs(312,27): warning CS0436: O tipo "Empresa" em "C:\Projetos\Razor\Pages\Index.cshtml.cs" est├í em conflito com o tipo importado "Empresa" em "RazorDataPresentation, Version=1.0.0.0, Culture=neutral, PublicKeyToken=null". Usar o tipo definido em "C:\Projetos\Razor\Pages\Index.cshtml.cs". [C:\Projetos\Razor\RazorDataPresentation.Tests.csproj]
     1>C:\Projetos\Razor\Tests\IndexModelTests.cs(325,27): warning CS0436: O tipo "Empresa" em "C:\Projetos\Razor\Pages\Index.cshtml.cs" est├í em conflito com o tipo importado "Empresa" em "RazorDataPresentation, Version=1.0.0.0, Culture=neutral, PublicKeyToken=null". Usar o tipo definido em "C:\Projetos\Razor\Pages\Index.cshtml.cs". [C:\Projetos\Razor\RazorDataPresentation.Tests.csproj]
     1>C:\Projetos\Razor\Pages\Index.cshtml.cs(37,37): warning CS0436: O tipo "ColunaCustomizada" em "C:\Projetos\Razor\Pages\Index.cshtml.cs" est├í em conflito com o tipo importado "ColunaCustomizada" em "RazorDataPresentation, Version=1.0.0.0, Culture=neutral, PublicKeyToken=null". Usar o tipo definido em "C:\Projetos\Razor\Pages\Index.cshtml.cs". [C:\Projetos\Razor\RazorDataPresentation.Tests.csproj]
     1>C:\Projetos\Razor\Pages\Index.cshtml.cs(39,90): warning CS0436: O tipo "TipoDadoEnum" em "C:\Projetos\Razor\Pages\Index.cshtml.cs" est├í em conflito com o tipo importado "TipoDadoEnum" em "RazorDataPresentation, Version=1.0.0.0, Culture=neutral, PublicKeyToken=null". Usar o tipo definido em "C:\Projetos\Razor\Pages\Index.cshtml.cs". [C:\Projetos\Razor\RazorDataPresentation.Tests.csproj]
     1>C:\Projetos\Razor\Pages\Index.cshtml.cs(40,102): warning CS0436: O tipo "TipoDadoEnum" em "C:\Projetos\Razor\Pages\Index.cshtml.cs" est├í em conflito com o tipo importado "TipoDadoEnum" em "RazorDataPresentation, Version=1.0.0.0, Culture=neutral, PublicKeyToken=null". Usar o tipo definido em "C:\Projetos\Razor\Pages\Index.cshtml.cs". [C:\Projetos\Razor\RazorDataPresentation.Tests.csproj]
     1>C:\Projetos\Razor\Pages\Index.cshtml.cs(41,96): warning CS0436: O tipo "TipoDadoEnum" em "C:\Projetos\Razor\Pages\Index.cshtml.cs" est├í em conflito com o tipo importado "TipoDadoEnum" em "RazorDataPresentation, Version=1.0.0.0, Culture=neutral, PublicKeyToken=null". Usar o tipo definido em "C:\Projetos\Razor\Pages\Index.cshtml.cs". [C:\Projetos\Razor\RazorDataPresentation.Tests.csproj]
     1>C:\Projetos\Razor\Pages\Index.cshtml.cs(42,103): warning CS0436: O tipo "TipoDadoEnum" em "C:\Projetos\Razor\Pages\Index.cshtml.cs" est├í em conflito com o tipo importado "TipoDadoEnum" em "RazorDataPresentation, Version=1.0.0.0, Culture=neutral, PublicKeyToken=null". Usar o tipo definido em "C:\Projetos\Razor\Pages\Index.cshtml.cs". [C:\Projetos\Razor\RazorDataPresentation.Tests.csproj]
     1>C:\Projetos\Razor\Pages\Index.cshtml.cs(43,96): warning CS0436: O tipo "TipoDadoEnum" em "C:\Projetos\Razor\Pages\Index.cshtml.cs" est├í em conflito com o tipo importado "TipoDadoEnum" em "RazorDataPresentation, Version=1.0.0.0, Culture=neutral, PublicKeyToken=null". Usar o tipo definido em "C:\Projetos\Razor\Pages\Index.cshtml.cs". [C:\Projetos\Razor\RazorDataPresentation.Tests.csproj]
     1>C:\Projetos\Razor\Pages\Index.cshtml.cs(44,146): warning CS0436: O tipo "TipoDadoEnum" em "C:\Projetos\Razor\Pages\Index.cshtml.cs" est├í em conflito com o tipo importado "TipoDadoEnum" em "RazorDataPresentation, Version=1.0.0.0, Culture=neutral, PublicKeyToken=null". Usar o tipo definido em "C:\Projetos\Razor\Pages\Index.cshtml.cs". [C:\Projetos\Razor\RazorDataPresentation.Tests.csproj]
     1>C:\Projetos\Razor\Pages\Index.cshtml.cs(45,146): warning CS0436: O tipo "TipoDadoEnum" em "C:\Projetos\Razor\Pages\Index.cshtml.cs" est├í em conflito com o tipo importado "TipoDadoEnum" em "RazorDataPresentation, Version=1.0.0.0, Culture=neutral, PublicKeyToken=null". Usar o tipo definido em "C:\Projetos\Razor\Pages\Index.cshtml.cs". [C:\Projetos\Razor\RazorDataPresentation.Tests.csproj]
     1>C:\Projetos\Razor\Pages\Index.cshtml.cs(46,119): warning CS0436: O tipo "TipoDadoEnum" em "C:\Projetos\Razor\Pages\Index.cshtml.cs" est├í em conflito com o tipo importado "TipoDadoEnum" em "RazorDataPresentation, Version=1.0.0.0, Culture=neutral, PublicKeyToken=null". Usar o tipo definido em "C:\Projetos\Razor\Pages\Index.cshtml.cs". [C:\Projetos\Razor\RazorDataPresentation.Tests.csproj]
     1>C:\Projetos\Razor\Pages\Index.cshtml.cs(47,123): warning CS0436: O tipo "TipoDadoEnum" em "C:\Projetos\Razor\Pages\Index.cshtml.cs" est├í em conflito com o tipo importado "TipoDadoEnum" em "RazorDataPresentation, Version=1.0.0.0, Culture=neutral, PublicKeyToken=null". Usar o tipo definido em "C:\Projetos\Razor\Pages\Index.cshtml.cs". [C:\Projetos\Razor\RazorDataPresentation.Tests.csproj]
     1>C:\Projetos\Razor\Pages\Index.cshtml.cs(48,129): warning CS0436: O tipo "TipoDadoEnum" em "C:\Projetos\Razor\Pages\Index.cshtml.cs" est├í em conflito com o tipo importado "TipoDadoEnum" em "RazorDataPresentation, Version=1.0.0.0, Culture=neutral, PublicKeyToken=null". Usar o tipo definido em "C:\Projetos\Razor\Pages\Index.cshtml.cs". [C:\Projetos\Razor\RazorDataPresentation.Tests.csproj]
     1>C:\Projetos\Razor\Pages\Index.cshtml.cs(49,119): warning CS0436: O tipo "TipoDadoEnum" em "C:\Projetos\Razor\Pages\Index.cshtml.cs" est├í em conflito com o tipo importado "TipoDadoEnum" em "RazorDataPresentation, Version=1.0.0.0, Culture=neutral, PublicKeyToken=null". Usar o tipo definido em "C:\Projetos\Razor\Pages\Index.cshtml.cs". [C:\Projetos\Razor\RazorDataPresentation.Tests.csproj]
     1>C:\Projetos\Razor\Pages\Index.cshtml.cs(50,120): warning CS0436: O tipo "TipoDadoEnum" em "C:\Projetos\Razor\Pages\Index.cshtml.cs" est├í em conflito com o tipo importado "TipoDadoEnum" em "RazorDataPresentation, Version=1.0.0.0, Culture=neutral, PublicKeyToken=null". Usar o tipo definido em "C:\Projetos\Razor\Pages\Index.cshtml.cs". [C:\Projetos\Razor\RazorDataPresentation.Tests.csproj]
     1>C:\Projetos\Razor\Pages\Index.cshtml.cs(55,33): warning CS0436: O tipo "Empresa" em "C:\Projetos\Razor\Pages\Index.cshtml.cs" est├í em conflito com o tipo importado "Empresa" em "RazorDataPresentation, Version=1.0.0.0, Culture=neutral, PublicKeyToken=null". Usar o tipo definido em "C:\Projetos\Razor\Pages\Index.cshtml.cs". [C:\Projetos\Razor\RazorDataPresentation.Tests.csproj]
     1>C:\Projetos\Razor\Pages\Index.cshtml.cs(57,21): warning CS0436: O tipo "Empresa" em "C:\Projetos\Razor\Pages\Index.cshtml.cs" est├í em conflito com o tipo importado "Empresa" em "RazorDataPresentation, Version=1.0.0.0, Culture=neutral, PublicKeyToken=null". Usar o tipo definido em "C:\Projetos\Razor\Pages\Index.cshtml.cs". [C:\Projetos\Razor\RazorDataPresentation.Tests.csproj]
     1>C:\Projetos\Razor\Pages\Index.cshtml.cs(58,21): warning CS0436: O tipo "Empresa" em "C:\Projetos\Razor\Pages\Index.cshtml.cs" est├í em conflito com o tipo importado "Empresa" em "RazorDataPresentation, Version=1.0.0.0, Culture=neutral, PublicKeyToken=null". Usar o tipo definido em "C:\Projetos\Razor\Pages\Index.cshtml.cs". [C:\Projetos\Razor\RazorDataPresentation.Tests.csproj]
     1>C:\Projetos\Razor\Pages\Index.cshtml.cs(59,21): warning CS0436: O tipo "Empresa" em "C:\Projetos\Razor\Pages\Index.cshtml.cs" est├í em conflito com o tipo importado "Empresa" em "RazorDataPresentation, Version=1.0.0.0, Culture=neutral, PublicKeyToken=null". Usar o tipo definido em "C:\Projetos\Razor\Pages\Index.cshtml.cs". [C:\Projetos\Razor\RazorDataPresentation.Tests.csproj]
     1>C:\Projetos\Razor\Pages\Index.cshtml.cs(60,21): warning CS0436: O tipo "Empresa" em "C:\Projetos\Razor\Pages\Index.cshtml.cs" est├í em conflito com o tipo importado "Empresa" em "RazorDataPresentation, Version=1.0.0.0, Culture=neutral, PublicKeyToken=null". Usar o tipo definido em "C:\Projetos\Razor\Pages\Index.cshtml.cs". [C:\Projetos\Razor\RazorDataPresentation.Tests.csproj]
     1>C:\Projetos\Razor\Pages\Index.cshtml.cs(61,21): warning CS0436: O tipo "Empresa" em "C:\Projetos\Razor\Pages\Index.cshtml.cs" est├í em conflito com o tipo importado "Empresa" em "RazorDataPresentation, Version=1.0.0.0, Culture=neutral, PublicKeyToken=null". Usar o tipo definido em "C:\Projetos\Razor\Pages\Index.cshtml.cs". [C:\Projetos\Razor\RazorDataPresentation.Tests.csproj]
     1>C:\Projetos\Razor\Pages\Index.cshtml.cs(62,21): warning CS0436: O tipo "Empresa" em "C:\Projetos\Razor\Pages\Index.cshtml.cs" est├í em conflito com o tipo importado "Empresa" em "RazorDataPresentation, Version=1.0.0.0, Culture=neutral, PublicKeyToken=null". Usar o tipo definido em "C:\Projetos\Razor\Pages\Index.cshtml.cs". [C:\Projetos\Razor\RazorDataPresentation.Tests.csproj]
     1>C:\Projetos\Razor\Pages\Index.cshtml.cs(63,21): warning CS0436: O tipo "Empresa" em "C:\Projetos\Razor\Pages\Index.cshtml.cs" est├í em conflito com o tipo importado "Empresa" em "RazorDataPresentation, Version=1.0.0.0, Culture=neutral, PublicKeyToken=null". Usar o tipo definido em "C:\Projetos\Razor\Pages\Index.cshtml.cs". [C:\Projetos\Razor\RazorDataPresentation.Tests.csproj]
     1>C:\Projetos\Razor\Pages\Index.cshtml.cs(64,21): warning CS0436: O tipo "Empresa" em "C:\Projetos\Razor\Pages\Index.cshtml.cs" est├í em conflito com o tipo importado "Empresa" em "RazorDataPresentation, Version=1.0.0.0, Culture=neutral, PublicKeyToken=null". Usar o tipo definido em "C:\Projetos\Razor\Pages\Index.cshtml.cs". [C:\Projetos\Razor\RazorDataPresentation.Tests.csproj]
     1>C:\Projetos\Razor\Pages\Index.cshtml.cs(65,21): warning CS0436: O tipo "Empresa" em "C:\Projetos\Razor\Pages\Index.cshtml.cs" est├í em conflito com o tipo importado "Empresa" em "RazorDataPresentation, Version=1.0.0.0, Culture=neutral, PublicKeyToken=null". Usar o tipo definido em "C:\Projetos\Razor\Pages\Index.cshtml.cs". [C:\Projetos\Razor\RazorDataPresentation.Tests.csproj]
     1>C:\Projetos\Razor\Pages\Index.cshtml.cs(66,21): warning CS0436: O tipo "Empresa" em "C:\Projetos\Razor\Pages\Index.cshtml.cs" est├í em conflito com o tipo importado "Empresa" em "RazorDataPresentation, Version=1.0.0.0, Culture=neutral, PublicKeyToken=null". Usar o tipo definido em "C:\Projetos\Razor\Pages\Index.cshtml.cs". [C:\Projetos\Razor\RazorDataPresentation.Tests.csproj]
     1>C:\Projetos\Razor\Pages\Index.cshtml.cs(67,21): warning CS0436: O tipo "Empresa" em "C:\Projetos\Razor\Pages\Index.cshtml.cs" est├í em conflito com o tipo importado "Empresa" em "RazorDataPresentation, Version=1.0.0.0, Culture=neutral, PublicKeyToken=null". Usar o tipo definido em "C:\Projetos\Razor\Pages\Index.cshtml.cs". [C:\Projetos\Razor\RazorDataPresentation.Tests.csproj]
     1>C:\Projetos\Razor\Pages\Index.cshtml.cs(68,21): warning CS0436: O tipo "Empresa" em "C:\Projetos\Razor\Pages\Index.cshtml.cs" est├í em conflito com o tipo importado "Empresa" em "RazorDataPresentation, Version=1.0.0.0, Culture=neutral, PublicKeyToken=null". Usar o tipo definido em "C:\Projetos\Razor\Pages\Index.cshtml.cs". [C:\Projetos\Razor\RazorDataPresentation.Tests.csproj]
     1>C:\Projetos\Razor\Pages\Index.cshtml.cs(69,21): warning CS0436: O tipo "Empresa" em "C:\Projetos\Razor\Pages\Index.cshtml.cs" est├í em conflito com o tipo importado "Empresa" em "RazorDataPresentation, Version=1.0.0.0, Culture=neutral, PublicKeyToken=null". Usar o tipo definido em "C:\Projetos\Razor\Pages\Index.cshtml.cs". [C:\Projetos\Razor\RazorDataPresentation.Tests.csproj]
     1>C:\Projetos\Razor\Pages\Index.cshtml.cs(70,21): warning CS0436: O tipo "Empresa" em "C:\Projetos\Razor\Pages\Index.cshtml.cs" est├í em conflito com o tipo importado "Empresa" em "RazorDataPresentation, Version=1.0.0.0, Culture=neutral, PublicKeyToken=null". Usar o tipo definido em "C:\Projetos\Razor\Pages\Index.cshtml.cs". [C:\Projetos\Razor\RazorDataPresentation.Tests.csproj]
     1>C:\Projetos\Razor\Pages\Index.cshtml.cs(71,21): warning CS0436: O tipo "Empresa" em "C:\Projetos\Razor\Pages\Index.cshtml.cs" est├í em conflito com o tipo importado "Empresa" em "RazorDataPresentation, Version=1.0.0.0, Culture=neutral, PublicKeyToken=null". Usar o tipo definido em "C:\Projetos\Razor\Pages\Index.cshtml.cs". [C:\Projetos\Razor\RazorDataPresentation.Tests.csproj]
     1>C:\Projetos\Razor\Pages\Index.cshtml.cs(72,21): warning CS0436: O tipo "Empresa" em "C:\Projetos\Razor\Pages\Index.cshtml.cs" est├í em conflito com o tipo importado "Empresa" em "RazorDataPresentation, Version=1.0.0.0, Culture=neutral, PublicKeyToken=null". Usar o tipo definido em "C:\Projetos\Razor\Pages\Index.cshtml.cs". [C:\Projetos\Razor\RazorDataPresentation.Tests.csproj]
     1>C:\Projetos\Razor\Pages\Index.cshtml.cs(73,21): warning CS0436: O tipo "Empresa" em "C:\Projetos\Razor\Pages\Index.cshtml.cs" est├í em conflito com o tipo importado "Empresa" em "RazorDataPresentation, Version=1.0.0.0, Culture=neutral, PublicKeyToken=null". Usar o tipo definido em "C:\Projetos\Razor\Pages\Index.cshtml.cs". [C:\Projetos\Razor\RazorDataPresentation.Tests.csproj]
     1>C:\Projetos\Razor\Pages\Index.cshtml.cs(74,21): warning CS0436: O tipo "Empresa" em "C:\Projetos\Razor\Pages\Index.cshtml.cs" est├í em conflito com o tipo importado "Empresa" em "RazorDataPresentation, Version=1.0.0.0, Culture=neutral, PublicKeyToken=null". Usar o tipo definido em "C:\Projetos\Razor\Pages\Index.cshtml.cs". [C:\Projetos\Razor\RazorDataPresentation.Tests.csproj]
     1>C:\Projetos\Razor\Pages\Index.cshtml.cs(75,21): warning CS0436: O tipo "Empresa" em "C:\Projetos\Razor\Pages\Index.cshtml.cs" est├í em conflito com o tipo importado "Empresa" em "RazorDataPresentation, Version=1.0.0.0, Culture=neutral, PublicKeyToken=null". Usar o tipo definido em "C:\Projetos\Razor\Pages\Index.cshtml.cs". [C:\Projetos\Razor\RazorDataPresentation.Tests.csproj]
     1>C:\Projetos\Razor\Pages\Index.cshtml.cs(76,21): warning CS0436: O tipo "Empresa" em "C:\Projetos\Razor\Pages\Index.cshtml.cs" est├í em conflito com o tipo importado "Empresa" em "RazorDataPresentation, Version=1.0.0.0, Culture=neutral, PublicKeyToken=null". Usar o tipo definido em "C:\Projetos\Razor\Pages\Index.cshtml.cs". [C:\Projetos\Razor\RazorDataPresentation.Tests.csproj]
     1>C:\Projetos\Razor\Pages\Index.cshtml.cs(82,36): warning CS0436: O tipo "ColunaCustomizada" em "C:\Projetos\Razor\Pages\Index.cshtml.cs" est├í em conflito com o tipo importado "ColunaCustomizada" em "RazorDataPresentation, Version=1.0.0.0, Culture=neutral, PublicKeyToken=null". Usar o tipo definido em "C:\Projetos\Razor\Pages\Index.cshtml.cs". [C:\Projetos\Razor\RazorDataPresentation.Tests.csproj]
     1>C:\Projetos\Razor\Pages\Index.cshtml.cs(112,17): warning CS0436: O tipo "TipoDadoEnum" em "C:\Projetos\Razor\Pages\Index.cshtml.cs" est├í em conflito com o tipo importado "TipoDadoEnum" em "RazorDataPresentation, Version=1.0.0.0, Culture=neutral, PublicKeyToken=null". Usar o tipo definido em "C:\Projetos\Razor\Pages\Index.cshtml.cs". [C:\Projetos\Razor\RazorDataPresentation.Tests.csproj]
     1>C:\Projetos\Razor\Pages\Index.cshtml.cs(113,17): warning CS0436: O tipo "TipoDadoEnum" em "C:\Projetos\Razor\Pages\Index.cshtml.cs" est├í em conflito com o tipo importado "TipoDadoEnum" em "RazorDataPresentation, Version=1.0.0.0, Culture=neutral, PublicKeyToken=null". Usar o tipo definido em "C:\Projetos\Razor\Pages\Index.cshtml.cs". [C:\Projetos\Razor\RazorDataPresentation.Tests.csproj]
     1>C:\Projetos\Razor\Pages\Index.cshtml.cs(114,17): warning CS0436: O tipo "TipoDadoEnum" em "C:\Projetos\Razor\Pages\Index.cshtml.cs" est├í em conflito com o tipo importado "TipoDadoEnum" em "RazorDataPresentation, Version=1.0.0.0, Culture=neutral, PublicKeyToken=null". Usar o tipo definido em "C:\Projetos\Razor\Pages\Index.cshtml.cs". [C:\Projetos\Razor\RazorDataPresentation.Tests.csproj]
     1>C:\Projetos\Razor\Pages\Index.cshtml.cs(115,17): warning CS0436: O tipo "TipoDadoEnum" em "C:\Projetos\Razor\Pages\Index.cshtml.cs" est├í em conflito com o tipo importado "TipoDadoEnum" em "RazorDataPresentation, Version=1.0.0.0, Culture=neutral, PublicKeyToken=null". Usar o tipo definido em "C:\Projetos\Razor\Pages\Index.cshtml.cs". [C:\Projetos\Razor\RazorDataPresentation.Tests.csproj]
     1>C:\Projetos\Razor\Pages\Index.cshtml.cs(116,17): warning CS0436: O tipo "TipoDadoEnum" em "C:\Projetos\Razor\Pages\Index.cshtml.cs" est├í em conflito com o tipo importado "TipoDadoEnum" em "RazorDataPresentation, Version=1.0.0.0, Culture=neutral, PublicKeyToken=null". Usar o tipo definido em "C:\Projetos\Razor\Pages\Index.cshtml.cs". [C:\Projetos\Razor\RazorDataPresentation.Tests.csproj]
     1>C:\Projetos\Razor\Pages\Index.cshtml.cs(117,17): warning CS0436: O tipo "TipoDadoEnum" em "C:\Projetos\Razor\Pages\Index.cshtml.cs" est├í em conflito com o tipo importado "TipoDadoEnum" em "RazorDataPresentation, Version=1.0.0.0, Culture=neutral, PublicKeyToken=null". Usar o tipo definido em "C:\Projetos\Razor\Pages\Index.cshtml.cs". [C:\Projetos\Razor\RazorDataPresentation.Tests.csproj]
     1>C:\Projetos\Razor\Pages\Index.cshtml.cs(118,17): warning CS0436: O tipo "TipoDadoEnum" em "C:\Projetos\Razor\Pages\Index.cshtml.cs" est├í em conflito com o tipo importado "TipoDadoEnum" em "RazorDataPresentation, Version=1.0.0.0, Culture=neutral, PublicKeyToken=null". Usar o tipo definido em "C:\Projetos\Razor\Pages\Index.cshtml.cs". [C:\Projetos\Razor\RazorDataPresentation.Tests.csproj]
     1>C:\Projetos\Razor\Tests\IndexModelTests.cs(436,26): warning CS0436: O tipo "ColunaCustomizada" em "C:\Projetos\Razor\Pages\Index.cshtml.cs" est├í em conflito com o tipo importado "ColunaCustomizada" em "RazorDataPresentation, Version=1.0.0.0, Culture=neutral, PublicKeyToken=null". Usar o tipo definido em "C:\Projetos\Razor\Pages\Index.cshtml.cs". [C:\Projetos\Razor\RazorDataPresentation.Tests.csproj]
     1>C:\Projetos\Razor\Tests\IndexModelTests.cs(443,22): warning CS0436: O tipo "TipoDadoEnum" em "C:\Projetos\Razor\Pages\Index.cshtml.cs" est├í em conflito com o tipo importado "TipoDadoEnum" em "RazorDataPresentation, Version=1.0.0.0, Culture=neutral, PublicKeyToken=null". Usar o tipo definido em "C:\Projetos\Razor\Pages\Index.cshtml.cs". [C:\Projetos\Razor\RazorDataPresentation.Tests.csproj]
     1>C:\Projetos\Razor\Tests\IndexModelTests.cs(453,26): warning CS0436: O tipo "ColunaCustomizada" em "C:\Projetos\Razor\Pages\Index.cshtml.cs" est├í em conflito com o tipo importado "ColunaCustomizada" em "RazorDataPresentation, Version=1.0.0.0, Culture=neutral, PublicKeyToken=null". Usar o tipo definido em "C:\Projetos\Razor\Pages\Index.cshtml.cs". [C:\Projetos\Razor\RazorDataPresentation.Tests.csproj]
     1>C:\Projetos\Razor\Tests\IndexModelTests.cs(459,20): warning CS0436: O tipo "TipoDadoEnum" em "C:\Projetos\Razor\Pages\Index.cshtml.cs" est├í em conflito com o tipo importado "TipoDadoEnum" em "RazorDataPresentation, Version=1.0.0.0, Culture=neutral, PublicKeyToken=null". Usar o tipo definido em "C:\Projetos\Razor\Pages\Index.cshtml.cs". [C:\Projetos\Razor\RazorDataPresentation.Tests.csproj]
     1>C:\Projetos\Razor\Tests\IndexModelTests.cs(473,22): warning CS0436: O tipo "TipoDadoEnum" em "C:\Projetos\Razor\Pages\Index.cshtml.cs" est├í em conflito com o tipo importado "TipoDadoEnum" em "RazorDataPresentation, Version=1.0.0.0, Culture=neutral, PublicKeyToken=null". Usar o tipo definido em "C:\Projetos\Razor\Pages\Index.cshtml.cs". [C:\Projetos\Razor\RazorDataPresentation.Tests.csproj]
     1>C:\Projetos\Razor\Tests\IndexModelTests.cs(491,27): warning CS0436: O tipo "Empresa" em "C:\Projetos\Razor\Pages\Index.cshtml.cs" est├í em conflito com o tipo importado "Empresa" em "RazorDataPresentation, Version=1.0.0.0, Culture=neutral, PublicKeyToken=null". Usar o tipo definido em "C:\Projetos\Razor\Pages\Index.cshtml.cs". [C:\Projetos\Razor\RazorDataPresentation.Tests.csproj]
     1>C:\Projetos\Razor\Tests\IndexModelTests.cs(512,27): warning CS0436: O tipo "Empresa" em "C:\Projetos\Razor\Pages\Index.cshtml.cs" est├í em conflito com o tipo importado "Empresa" em "RazorDataPresentation, Version=1.0.0.0, Culture=neutral, PublicKeyToken=null". Usar o tipo definido em "C:\Projetos\Razor\Pages\Index.cshtml.cs". [C:\Projetos\Razor\RazorDataPresentation.Tests.csproj]
         CompilerServer: server - server processed compilation - RazorDataPresentation.Tests (net9.0)
     1>Projeto de compila├º├úo pronto "C:\Projetos\Razor\RazorDataPresentation.Tests.csproj" (destinos padr├úo) -- FALHA.
     1>Projeto de compila├º├úo pronto "C:\Projetos\Razor\RazorDataPresentation.Tests.csproj" (VSTest destino(s)) -- FALHA.

FALHA da compila├º├úo.

       "C:\Projetos\Razor\RazorDataPresentation.Tests.csproj" (Restore destino) (1) ->
       (Restore destino) -> 
         C:\Projetos\Razor\RazorDataPresentation.Tests.csproj : warning NU1603: RazorDataPresentation.Tests depende de Microsoft.NET.Test.Sdk (>= 17.8.2) mas Microsoft.NET.Test.Sdk 17.8.2 n├úo foi encontrado. Microsoft.NET.Test.Sdk 17.9.0 foi resolvido.


       "C:\Projetos\Razor\RazorDataPresentation.Tests.csproj" (VSTest destino) (1:7) ->
       "C:\Projetos\Razor\RazorDataPresentation.Tests.csproj" (destino padr├úo) (1:8) ->
       (ResolvePackageAssets destino) -> 
         C:\Projetos\Razor\RazorDataPresentation.Tests.csproj : warning NU1603: RazorDataPresentation.Tests depende de Microsoft.NET.Test.Sdk (>= 17.8.2) mas Microsoft.NET.Test.Sdk 17.8.2 n├úo foi encontrado. Microsoft.NET.Test.Sdk 17.9.0 foi resolvido.


       "C:\Projetos\Razor\RazorDataPresentation.Tests.csproj" (VSTest destino) (1:7) ->
       "C:\Projetos\Razor\RazorDataPresentation.Tests.csproj" (destino padr├úo) (1:8) ->
       "C:\Projetos\Razor\RazorDataPresentation.csproj" (destino padr├úo) (2:6) ->
         C:\Projetos\Razor\RazorDataPresentation.csproj : warning NU1603: RazorDataPresentation.Tests depende de Microsoft.NET.Test.Sdk (>= 17.8.2) mas Microsoft.NET.Test.Sdk 17.8.2 n├úo foi encontrado. Microsoft.NET.Test.Sdk 17.9.0 foi resolvido.


       "C:\Projetos\Razor\RazorDataPresentation.Tests.csproj" (VSTest destino) (1:7) ->
       "C:\Projetos\Razor\RazorDataPresentation.Tests.csproj" (destino padr├úo) (1:8) ->
       (CoreCompile destino) -> 
         C:\Projetos\Razor\Pages\Index.cshtml.cs(8,21): warning CS0436: O tipo "ColunaCustomizada" em "C:\Projetos\Razor\Pages\Index.cshtml.cs" est├í em conflito com o tipo importado "ColunaCustomizada" em "RazorDataPresentation, Version=1.0.0.0, Culture=neutral, PublicKeyToken=null". Usar o tipo definido em "C:\Projetos\Razor\Pages\Index.cshtml.cs". [C:\Projetos\Razor\RazorDataPresentation.Tests.csproj]
         C:\Projetos\Razor\Pages\Index.cshtml.cs(213,16): warning CS0436: O tipo "TipoDadoEnum" em "C:\Projetos\Razor\Pages\Index.cshtml.cs" est├í em conflito com o tipo importado "TipoDadoEnum" em "RazorDataPresentation, Version=1.0.0.0, Culture=neutral, PublicKeyToken=null". Usar o tipo definido em "C:\Projetos\Razor\Pages\Index.cshtml.cs". [C:\Projetos\Razor\RazorDataPresentation.Tests.csproj]
         C:\Projetos\Razor\Pages\Index.cshtml.cs(9,21): warning CS0436: O tipo "Empresa" em "C:\Projetos\Razor\Pages\Index.cshtml.cs" est├í em conflito com o tipo importado "Empresa" em "RazorDataPresentation, Version=1.0.0.0, Culture=neutral, PublicKeyToken=null". Usar o tipo definido em "C:\Projetos\Razor\Pages\Index.cshtml.cs". [C:\Projetos\Razor\RazorDataPresentation.Tests.csproj]
         C:\Projetos\Razor\Pages\Index.cshtml.cs(15,106): warning CS0436: O tipo "TipoDadoEnum" em "C:\Projetos\Razor\Pages\Index.cshtml.cs" est├í em conflito com o tipo importado "TipoDadoEnum" em "RazorDataPresentation, Version=1.0.0.0, Culture=neutral, PublicKeyToken=null". Usar o tipo definido em "C:\Projetos\Razor\Pages\Index.cshtml.cs". [C:\Projetos\Razor\RazorDataPresentation.Tests.csproj]
         C:\Projetos\Razor\Pages\Index.cshtml.cs(15,17): warning CS0436: O tipo "ColunaCustomizada" em "C:\Projetos\Razor\Pages\Index.cshtml.cs" est├í em conflito com o tipo importado "ColunaCustomizada" em "RazorDataPresentation, Version=1.0.0.0, Culture=neutral, PublicKeyToken=null". Usar o tipo definido em "C:\Projetos\Razor\Pages\Index.cshtml.cs". [C:\Projetos\Razor\RazorDataPresentation.Tests.csproj]
         C:\Projetos\Razor\Pages\Index.cshtml.cs(103,50): warning CS0436: O tipo "TipoDadoEnum" em "C:\Projetos\Razor\Pages\Index.cshtml.cs" est├í em conflito com o tipo importado "TipoDadoEnum" em "RazorDataPresentation, Version=1.0.0.0, Culture=neutral, PublicKeyToken=null". Usar o tipo definido em "C:\Projetos\Razor\Pages\Index.cshtml.cs". [C:\Projetos\Razor\RazorDataPresentation.Tests.csproj]
         C:\Projetos\Razor\Pages\Index.cshtml.cs(123,35): warning CS0436: O tipo "Empresa" em "C:\Projetos\Razor\Pages\Index.cshtml.cs" est├í em conflito com o tipo importado "Empresa" em "RazorDataPresentation, Version=1.0.0.0, Culture=neutral, PublicKeyToken=null". Usar o tipo definido em "C:\Projetos\Razor\Pages\Index.cshtml.cs". [C:\Projetos\Razor\RazorDataPresentation.Tests.csproj]
         C:\Projetos\Razor\Tests\IndexModelTests.cs(9,22): warning CS0436: O tipo "IndexModel" em "C:\Projetos\Razor\Pages\Index.cshtml.cs" est├í em conflito com o tipo importado "IndexModel" em "RazorDataPresentation, Version=1.0.0.0, Culture=neutral, PublicKeyToken=null". Usar o tipo definido em "C:\Projetos\Razor\Pages\Index.cshtml.cs". [C:\Projetos\Razor\RazorDataPresentation.Tests.csproj]
         C:\Users\rober\.nuget\packages\microsoft.net.test.sdk\17.9.0\build\netcoreapp3.1\Microsoft.NET.Test.Sdk.Program.cs(4,41): warning CS7022: O ponto de entrada do programa ├® o c├│digo global. Ignorando o ponto de entrada 'AutoGeneratedProgram.Main(string[])'. [C:\Projetos\Razor\RazorDataPresentation.Tests.csproj]
         C:\Projetos\Razor\Pages\Index.cshtml.cs(213,50): warning CS0436: O tipo "TipoDadoEnum" em "C:\Projetos\Razor\Pages\Index.cshtml.cs" est├í em conflito com o tipo importado "TipoDadoEnum" em "RazorDataPresentation, Version=1.0.0.0, Culture=neutral, PublicKeyToken=null". Usar o tipo definido em "C:\Projetos\Razor\Pages\Index.cshtml.cs". [C:\Projetos\Razor\RazorDataPresentation.Tests.csproj]
         C:\Projetos\Razor\Tests\TipoDadoEnumTests.cs(12,30): warning CS0436: O tipo "TipoDadoEnum" em "C:\Projetos\Razor\Pages\Index.cshtml.cs" est├í em conflito com o tipo importado "TipoDadoEnum" em "RazorDataPresentation, Version=1.0.0.0, Culture=neutral, PublicKeyToken=null". Usar o tipo definido em "C:\Projetos\Razor\Pages\Index.cshtml.cs". [C:\Projetos\Razor\RazorDataPresentation.Tests.csproj]
         C:\Projetos\Razor\Tests\TipoDadoEnumTests.cs(13,30): warning CS0436: O tipo "TipoDadoEnum" em "C:\Projetos\Razor\Pages\Index.cshtml.cs" est├í em conflito com o tipo importado "TipoDadoEnum" em "RazorDataPresentation, Version=1.0.0.0, Culture=neutral, PublicKeyToken=null". Usar o tipo definido em "C:\Projetos\Razor\Pages\Index.cshtml.cs". [C:\Projetos\Razor\RazorDataPresentation.Tests.csproj]
         C:\Projetos\Razor\Tests\TipoDadoEnumTests.cs(14,30): warning CS0436: O tipo "TipoDadoEnum" em "C:\Projetos\Razor\Pages\Index.cshtml.cs" est├í em conflito com o tipo importado "TipoDadoEnum" em "RazorDataPresentation, Version=1.0.0.0, Culture=neutral, PublicKeyToken=null". Usar o tipo definido em "C:\Projetos\Razor\Pages\Index.cshtml.cs". [C:\Projetos\Razor\RazorDataPresentation.Tests.csproj]
         C:\Projetos\Razor\Tests\TipoDadoEnumTests.cs(15,30): warning CS0436: O tipo "TipoDadoEnum" em "C:\Projetos\Razor\Pages\Index.cshtml.cs" est├í em conflito com o tipo importado "TipoDadoEnum" em "RazorDataPresentation, Version=1.0.0.0, Culture=neutral, PublicKeyToken=null". Usar o tipo definido em "C:\Projetos\Razor\Pages\Index.cshtml.cs". [C:\Projetos\Razor\RazorDataPresentation.Tests.csproj]
         C:\Projetos\Razor\Tests\TipoDadoEnumTests.cs(16,30): warning CS0436: O tipo "TipoDadoEnum" em "C:\Projetos\Razor\Pages\Index.cshtml.cs" est├í em conflito com o tipo importado "TipoDadoEnum" em "RazorDataPresentation, Version=1.0.0.0, Culture=neutral, PublicKeyToken=null". Usar o tipo definido em "C:\Projetos\Razor\Pages\Index.cshtml.cs". [C:\Projetos\Razor\RazorDataPresentation.Tests.csproj]
         C:\Projetos\Razor\Tests\TipoDadoEnumTests.cs(17,30): warning CS0436: O tipo "TipoDadoEnum" em "C:\Projetos\Razor\Pages\Index.cshtml.cs" est├í em conflito com o tipo importado "TipoDadoEnum" em "RazorDataPresentation, Version=1.0.0.0, Culture=neutral, PublicKeyToken=null". Usar o tipo definido em "C:\Projetos\Razor\Pages\Index.cshtml.cs". [C:\Projetos\Razor\RazorDataPresentation.Tests.csproj]
         C:\Projetos\Razor\Tests\TipoDadoEnumTests.cs(18,30): warning CS0436: O tipo "TipoDadoEnum" em "C:\Projetos\Razor\Pages\Index.cshtml.cs" est├í em conflito com o tipo importado "TipoDadoEnum" em "RazorDataPresentation, Version=1.0.0.0, Culture=neutral, PublicKeyToken=null". Usar o tipo definido em "C:\Projetos\Razor\Pages\Index.cshtml.cs". [C:\Projetos\Razor\RazorDataPresentation.Tests.csproj]
         C:\Projetos\Razor\Tests\IndexModelTests.cs(13,27): warning CS0436: O tipo "IndexModel" em "C:\Projetos\Razor\Pages\Index.cshtml.cs" est├í em conflito com o tipo importado "IndexModel" em "RazorDataPresentation, Version=1.0.0.0, Culture=neutral, PublicKeyToken=null". Usar o tipo definido em "C:\Projetos\Razor\Pages\Index.cshtml.cs". [C:\Projetos\Razor\RazorDataPresentation.Tests.csproj]
         C:\Projetos\Razor\Tests\IndexModelTests.cs(26,52): warning CS0436: O tipo "TipoDadoEnum" em "C:\Projetos\Razor\Pages\Index.cshtml.cs" est├í em conflito com o tipo importado "TipoDadoEnum" em "RazorDataPresentation, Version=1.0.0.0, Culture=neutral, PublicKeyToken=null". Usar o tipo definido em "C:\Projetos\Razor\Pages\Index.cshtml.cs". [C:\Projetos\Razor\RazorDataPresentation.Tests.csproj]
         C:\Projetos\Razor\Pages\Index.cshtml.cs(17,24): warning CS0436: O tipo "ColunaCustomizada" em "C:\Projetos\Razor\Pages\Index.cshtml.cs" est├í em conflito com o tipo importado "ColunaCustomizada" em "RazorDataPresentation, Version=1.0.0.0, Culture=neutral, PublicKeyToken=null". Usar o tipo definido em "C:\Projetos\Razor\Pages\Index.cshtml.cs". [C:\Projetos\Razor\RazorDataPresentation.Tests.csproj]
         C:\Projetos\Razor\Tests\IndexModelTests.cs(39,52): warning CS0436: O tipo "TipoDadoEnum" em "C:\Projetos\Razor\Pages\Index.cshtml.cs" est├í em conflito com o tipo importado "TipoDadoEnum" em "RazorDataPresentation, Version=1.0.0.0, Culture=neutral, PublicKeyToken=null". Usar o tipo definido em "C:\Projetos\Razor\Pages\Index.cshtml.cs". [C:\Projetos\Razor\RazorDataPresentation.Tests.csproj]
         C:\Projetos\Razor\Tests\IndexModelTests.cs(49,52): warning CS0436: O tipo "TipoDadoEnum" em "C:\Projetos\Razor\Pages\Index.cshtml.cs" est├í em conflito com o tipo importado "TipoDadoEnum" em "RazorDataPresentation, Version=1.0.0.0, Culture=neutral, PublicKeyToken=null". Usar o tipo definido em "C:\Projetos\Razor\Pages\Index.cshtml.cs". [C:\Projetos\Razor\RazorDataPresentation.Tests.csproj]
         C:\Projetos\Razor\Tests\IndexModelTests.cs(64,50): warning CS0436: O tipo "TipoDadoEnum" em "C:\Projetos\Razor\Pages\Index.cshtml.cs" est├í em conflito com o tipo importado "TipoDadoEnum" em "RazorDataPresentation, Version=1.0.0.0, Culture=neutral, PublicKeyToken=null". Usar o tipo definido em "C:\Projetos\Razor\Pages\Index.cshtml.cs". [C:\Projetos\Razor\RazorDataPresentation.Tests.csproj]
         C:\Projetos\Razor\Tests\IndexModelTests.cs(76,50): warning CS0436: O tipo "TipoDadoEnum" em "C:\Projetos\Razor\Pages\Index.cshtml.cs" est├í em conflito com o tipo importado "TipoDadoEnum" em "RazorDataPresentation, Version=1.0.0.0, Culture=neutral, PublicKeyToken=null". Usar o tipo definido em "C:\Projetos\Razor\Pages\Index.cshtml.cs". [C:\Projetos\Razor\RazorDataPresentation.Tests.csproj]
         C:\Projetos\Razor\Tests\IndexModelTests.cs(86,52): warning CS0436: O tipo "TipoDadoEnum" em "C:\Projetos\Razor\Pages\Index.cshtml.cs" est├í em conflito com o tipo importado "TipoDadoEnum" em "RazorDataPresentation, Version=1.0.0.0, Culture=neutral, PublicKeyToken=null". Usar o tipo definido em "C:\Projetos\Razor\Pages\Index.cshtml.cs". [C:\Projetos\Razor\RazorDataPresentation.Tests.csproj]
         C:\Projetos\Razor\Tests\IndexModelTests.cs(101,54): warning CS0436: O tipo "TipoDadoEnum" em "C:\Projetos\Razor\Pages\Index.cshtml.cs" est├í em conflito com o tipo importado "TipoDadoEnum" em "RazorDataPresentation, Version=1.0.0.0, Culture=neutral, PublicKeyToken=null". Usar o tipo definido em "C:\Projetos\Razor\Pages\Index.cshtml.cs". [C:\Projetos\Razor\RazorDataPresentation.Tests.csproj]
         C:\Projetos\Razor\Tests\IndexModelTests.cs(114,54): warning CS0436: O tipo "TipoDadoEnum" em "C:\Projetos\Razor\Pages\Index.cshtml.cs" est├í em conflito com o tipo importado "TipoDadoEnum" em "RazorDataPresentation, Version=1.0.0.0, Culture=neutral, PublicKeyToken=null". Usar o tipo definido em "C:\Projetos\Razor\Pages\Index.cshtml.cs". [C:\Projetos\Razor\RazorDataPresentation.Tests.csproj]
         C:\Projetos\Razor\Tests\AlinhamentoEnumTests.cs(12,30): warning CS0436: O tipo "AlinhamentoEnum" em "C:\Projetos\Razor\Pages\Index.cshtml.cs" est├í em conflito com o tipo importado "AlinhamentoEnum" em "RazorDataPresentation, Version=1.0.0.0, Culture=neutral, PublicKeyToken=null". Usar o tipo definido em "C:\Projetos\Razor\Pages\Index.cshtml.cs". [C:\Projetos\Razor\RazorDataPresentation.Tests.csproj]
         C:\Projetos\Razor\Tests\AlinhamentoEnumTests.cs(13,30): warning CS0436: O tipo "AlinhamentoEnum" em "C:\Projetos\Razor\Pages\Index.cshtml.cs" est├í em conflito com o tipo importado "AlinhamentoEnum" em "RazorDataPresentation, Version=1.0.0.0, Culture=neutral, PublicKeyToken=null". Usar o tipo definido em "C:\Projetos\Razor\Pages\Index.cshtml.cs". [C:\Projetos\Razor\RazorDataPresentation.Tests.csproj]
         C:\Projetos\Razor\Tests\AlinhamentoEnumTests.cs(14,30): warning CS0436: O tipo "AlinhamentoEnum" em "C:\Projetos\Razor\Pages\Index.cshtml.cs" est├í em conflito com o tipo importado "AlinhamentoEnum" em "RazorDataPresentation, Version=1.0.0.0, Culture=neutral, PublicKeyToken=null". Usar o tipo definido em "C:\Projetos\Razor\Pages\Index.cshtml.cs". [C:\Projetos\Razor\RazorDataPresentation.Tests.csproj]
         C:\Projetos\Razor\Tests\IndexModelTests.cs(125,52): warning CS0436: O tipo "TipoDadoEnum" em "C:\Projetos\Razor\Pages\Index.cshtml.cs" est├í em conflito com o tipo importado "TipoDadoEnum" em "RazorDataPresentation, Version=1.0.0.0, Culture=neutral, PublicKeyToken=null". Usar o tipo definido em "C:\Projetos\Razor\Pages\Index.cshtml.cs". [C:\Projetos\Razor\RazorDataPresentation.Tests.csproj]
         C:\Projetos\Razor\Tests\AlinhamentoEnumTests.cs(21,21): warning CS0436: O tipo "AlinhamentoEnum" em "C:\Projetos\Razor\Pages\Index.cshtml.cs" est├í em conflito com o tipo importado "AlinhamentoEnum" em "RazorDataPresentation, Version=1.0.0.0, Culture=neutral, PublicKeyToken=null". Usar o tipo definido em "C:\Projetos\Razor\Pages\Index.cshtml.cs". [C:\Projetos\Razor\RazorDataPresentation.Tests.csproj]
         C:\Projetos\Razor\Tests\IndexModelTests.cs(140,53): warning CS0436: O tipo "TipoDadoEnum" em "C:\Projetos\Razor\Pages\Index.cshtml.cs" est├í em conflito com o tipo importado "TipoDadoEnum" em "RazorDataPresentation, Version=1.0.0.0, Culture=neutral, PublicKeyToken=null". Usar o tipo definido em "C:\Projetos\Razor\Pages\Index.cshtml.cs". [C:\Projetos\Razor\RazorDataPresentation.Tests.csproj]
         C:\Projetos\Razor\Tests\AlinhamentoEnumTests.cs(31,21): warning CS0436: O tipo "AlinhamentoEnum" em "C:\Projetos\Razor\Pages\Index.cshtml.cs" est├í em conflito com o tipo importado "AlinhamentoEnum" em "RazorDataPresentation, Version=1.0.0.0, Culture=neutral, PublicKeyToken=null". Usar o tipo definido em "C:\Projetos\Razor\Pages\Index.cshtml.cs". [C:\Projetos\Razor\RazorDataPresentation.Tests.csproj]
         C:\Projetos\Razor\Tests\AlinhamentoEnumTests.cs(41,21): warning CS0436: O tipo "AlinhamentoEnum" em "C:\Projetos\Razor\Pages\Index.cshtml.cs" est├í em conflito com o tipo importado "AlinhamentoEnum" em "RazorDataPresentation, Version=1.0.0.0, Culture=neutral, PublicKeyToken=null". Usar o tipo definido em "C:\Projetos\Razor\Pages\Index.cshtml.cs". [C:\Projetos\Razor\RazorDataPresentation.Tests.csproj]
         C:\Projetos\Razor\Tests\IndexModelTests.cs(152,53): warning CS0436: O tipo "TipoDadoEnum" em "C:\Projetos\Razor\Pages\Index.cshtml.cs" est├í em conflito com o tipo importado "TipoDadoEnum" em "RazorDataPresentation, Version=1.0.0.0, Culture=neutral, PublicKeyToken=null". Usar o tipo definido em "C:\Projetos\Razor\Pages\Index.cshtml.cs". [C:\Projetos\Razor\RazorDataPresentation.Tests.csproj]
         C:\Projetos\Razor\Tests\IndexModelTests.cs(163,52): warning CS0436: O tipo "TipoDadoEnum" em "C:\Projetos\Razor\Pages\Index.cshtml.cs" est├í em conflito com o tipo importado "TipoDadoEnum" em "RazorDataPresentation, Version=1.0.0.0, Culture=neutral, PublicKeyToken=null". Usar o tipo definido em "C:\Projetos\Razor\Pages\Index.cshtml.cs". [C:\Projetos\Razor\RazorDataPresentation.Tests.csproj]
         C:\Projetos\Razor\Tests\IndexModelTests.cs(179,53): warning CS0436: O tipo "TipoDadoEnum" em "C:\Projetos\Razor\Pages\Index.cshtml.cs" est├í em conflito com o tipo importado "TipoDadoEnum" em "RazorDataPresentation, Version=1.0.0.0, Culture=neutral, PublicKeyToken=null". Usar o tipo definido em "C:\Projetos\Razor\Pages\Index.cshtml.cs". [C:\Projetos\Razor\RazorDataPresentation.Tests.csproj]
         C:\Projetos\Razor\Tests\IndexModelTests.cs(191,53): warning CS0436: O tipo "TipoDadoEnum" em "C:\Projetos\Razor\Pages\Index.cshtml.cs" est├í em conflito com o tipo importado "TipoDadoEnum" em "RazorDataPresentation, Version=1.0.0.0, Culture=neutral, PublicKeyToken=null". Usar o tipo definido em "C:\Projetos\Razor\Pages\Index.cshtml.cs". [C:\Projetos\Razor\RazorDataPresentation.Tests.csproj]
         C:\Projetos\Razor\Tests\IndexModelTests.cs(205,58): warning CS0436: O tipo "TipoDadoEnum" em "C:\Projetos\Razor\Pages\Index.cshtml.cs" est├í em conflito com o tipo importado "TipoDadoEnum" em "RazorDataPresentation, Version=1.0.0.0, Culture=neutral, PublicKeyToken=null". Usar o tipo definido em "C:\Projetos\Razor\Pages\Index.cshtml.cs". [C:\Projetos\Razor\RazorDataPresentation.Tests.csproj]
         C:\Projetos\Razor\Tests\IndexModelTests.cs(218,52): warning CS0436: O tipo "TipoDadoEnum" em "C:\Projetos\Razor\Pages\Index.cshtml.cs" est├í em conflito com o tipo importado "TipoDadoEnum" em "RazorDataPresentation, Version=1.0.0.0, Culture=neutral, PublicKeyToken=null". Usar o tipo definido em "C:\Projetos\Razor\Pages\Index.cshtml.cs". [C:\Projetos\Razor\RazorDataPresentation.Tests.csproj]
         C:\Projetos\Razor\Tests\IndexModelTests.cs(230,58): warning CS0436: O tipo "TipoDadoEnum" em "C:\Projetos\Razor\Pages\Index.cshtml.cs" est├í em conflito com o tipo importado "TipoDadoEnum" em "RazorDataPresentation, Version=1.0.0.0, Culture=neutral, PublicKeyToken=null". Usar o tipo definido em "C:\Projetos\Razor\Pages\Index.cshtml.cs". [C:\Projetos\Razor\RazorDataPresentation.Tests.csproj]
         C:\Projetos\Razor\Tests\IndexModelTests.cs(245,53): warning CS0436: O tipo "TipoDadoEnum" em "C:\Projetos\Razor\Pages\Index.cshtml.cs" est├í em conflito com o tipo importado "TipoDadoEnum" em "RazorDataPresentation, Version=1.0.0.0, Culture=neutral, PublicKeyToken=null". Usar o tipo definido em "C:\Projetos\Razor\Pages\Index.cshtml.cs". [C:\Projetos\Razor\RazorDataPresentation.Tests.csproj]
         C:\Projetos\Razor\Tests\IndexModelTests.cs(279,27): warning CS0436: O tipo "Empresa" em "C:\Projetos\Razor\Pages\Index.cshtml.cs" est├í em conflito com o tipo importado "Empresa" em "RazorDataPresentation, Version=1.0.0.0, Culture=neutral, PublicKeyToken=null". Usar o tipo definido em "C:\Projetos\Razor\Pages\Index.cshtml.cs". [C:\Projetos\Razor\RazorDataPresentation.Tests.csproj]
         C:\Projetos\Razor\Tests\IndexModelTests.cs(298,27): warning CS0436: O tipo "Empresa" em "C:\Projetos\Razor\Pages\Index.cshtml.cs" est├í em conflito com o tipo importado "Empresa" em "RazorDataPresentation, Version=1.0.0.0, Culture=neutral, PublicKeyToken=null". Usar o tipo definido em "C:\Projetos\Razor\Pages\Index.cshtml.cs". [C:\Projetos\Razor\RazorDataPresentation.Tests.csproj]
         C:\Projetos\Razor\Tests\IndexModelTests.cs(312,27): warning CS0436: O tipo "Empresa" em "C:\Projetos\Razor\Pages\Index.cshtml.cs" est├í em conflito com o tipo importado "Empresa" em "RazorDataPresentation, Version=1.0.0.0, Culture=neutral, PublicKeyToken=null". Usar o tipo definido em "C:\Projetos\Razor\Pages\Index.cshtml.cs". [C:\Projetos\Razor\RazorDataPresentation.Tests.csproj]
         C:\Projetos\Razor\Tests\IndexModelTests.cs(325,27): warning CS0436: O tipo "Empresa" em "C:\Projetos\Razor\Pages\Index.cshtml.cs" est├í em conflito com o tipo importado "Empresa" em "RazorDataPresentation, Version=1.0.0.0, Culture=neutral, PublicKeyToken=null". Usar o tipo definido em "C:\Projetos\Razor\Pages\Index.cshtml.cs". [C:\Projetos\Razor\RazorDataPresentation.Tests.csproj]
         C:\Projetos\Razor\Pages\Index.cshtml.cs(37,37): warning CS0436: O tipo "ColunaCustomizada" em "C:\Projetos\Razor\Pages\Index.cshtml.cs" est├í em conflito com o tipo importado "ColunaCustomizada" em "RazorDataPresentation, Version=1.0.0.0, Culture=neutral, PublicKeyToken=null". Usar o tipo definido em "C:\Projetos\Razor\Pages\Index.cshtml.cs". [C:\Projetos\Razor\RazorDataPresentation.Tests.csproj]
         C:\Projetos\Razor\Pages\Index.cshtml.cs(39,90): warning CS0436: O tipo "TipoDadoEnum" em "C:\Projetos\Razor\Pages\Index.cshtml.cs" est├í em conflito com o tipo importado "TipoDadoEnum" em "RazorDataPresentation, Version=1.0.0.0, Culture=neutral, PublicKeyToken=null". Usar o tipo definido em "C:\Projetos\Razor\Pages\Index.cshtml.cs". [C:\Projetos\Razor\RazorDataPresentation.Tests.csproj]
         C:\Projetos\Razor\Pages\Index.cshtml.cs(40,102): warning CS0436: O tipo "TipoDadoEnum" em "C:\Projetos\Razor\Pages\Index.cshtml.cs" est├í em conflito com o tipo importado "TipoDadoEnum" em "RazorDataPresentation, Version=1.0.0.0, Culture=neutral, PublicKeyToken=null". Usar o tipo definido em "C:\Projetos\Razor\Pages\Index.cshtml.cs". [C:\Projetos\Razor\RazorDataPresentation.Tests.csproj]
         C:\Projetos\Razor\Pages\Index.cshtml.cs(41,96): warning CS0436: O tipo "TipoDadoEnum" em "C:\Projetos\Razor\Pages\Index.cshtml.cs" est├í em conflito com o tipo importado "TipoDadoEnum" em "RazorDataPresentation, Version=1.0.0.0, Culture=neutral, PublicKeyToken=null". Usar o tipo definido em "C:\Projetos\Razor\Pages\Index.cshtml.cs". [C:\Projetos\Razor\RazorDataPresentation.Tests.csproj]
         C:\Projetos\Razor\Pages\Index.cshtml.cs(42,103): warning CS0436: O tipo "TipoDadoEnum" em "C:\Projetos\Razor\Pages\Index.cshtml.cs" est├í em conflito com o tipo importado "TipoDadoEnum" em "RazorDataPresentation, Version=1.0.0.0, Culture=neutral, PublicKeyToken=null". Usar o tipo definido em "C:\Projetos\Razor\Pages\Index.cshtml.cs". [C:\Projetos\Razor\RazorDataPresentation.Tests.csproj]
         C:\Projetos\Razor\Pages\Index.cshtml.cs(43,96): warning CS0436: O tipo "TipoDadoEnum" em "C:\Projetos\Razor\Pages\Index.cshtml.cs" est├í em conflito com o tipo importado "TipoDadoEnum" em "RazorDataPresentation, Version=1.0.0.0, Culture=neutral, PublicKeyToken=null". Usar o tipo definido em "C:\Projetos\Razor\Pages\Index.cshtml.cs". [C:\Projetos\Razor\RazorDataPresentation.Tests.csproj]
         C:\Projetos\Razor\Pages\Index.cshtml.cs(44,146): warning CS0436: O tipo "TipoDadoEnum" em "C:\Projetos\Razor\Pages\Index.cshtml.cs" est├í em conflito com o tipo importado "TipoDadoEnum" em "RazorDataPresentation, Version=1.0.0.0, Culture=neutral, PublicKeyToken=null". Usar o tipo definido em "C:\Projetos\Razor\Pages\Index.cshtml.cs". [C:\Projetos\Razor\RazorDataPresentation.Tests.csproj]
         C:\Projetos\Razor\Pages\Index.cshtml.cs(45,146): warning CS0436: O tipo "TipoDadoEnum" em "C:\Projetos\Razor\Pages\Index.cshtml.cs" est├í em conflito com o tipo importado "TipoDadoEnum" em "RazorDataPresentation, Version=1.0.0.0, Culture=neutral, PublicKeyToken=null". Usar o tipo definido em "C:\Projetos\Razor\Pages\Index.cshtml.cs". [C:\Projetos\Razor\RazorDataPresentation.Tests.csproj]
         C:\Projetos\Razor\Pages\Index.cshtml.cs(46,119): warning CS0436: O tipo "TipoDadoEnum" em "C:\Projetos\Razor\Pages\Index.cshtml.cs" est├í em conflito com o tipo importado "TipoDadoEnum" em "RazorDataPresentation, Version=1.0.0.0, Culture=neutral, PublicKeyToken=null". Usar o tipo definido em "C:\Projetos\Razor\Pages\Index.cshtml.cs". [C:\Projetos\Razor\RazorDataPresentation.Tests.csproj]
         C:\Projetos\Razor\Pages\Index.cshtml.cs(47,123): warning CS0436: O tipo "TipoDadoEnum" em "C:\Projetos\Razor\Pages\Index.cshtml.cs" est├í em conflito com o tipo importado "TipoDadoEnum" em "RazorDataPresentation, Version=1.0.0.0, Culture=neutral, PublicKeyToken=null". Usar o tipo definido em "C:\Projetos\Razor\Pages\Index.cshtml.cs". [C:\Projetos\Razor\RazorDataPresentation.Tests.csproj]
         C:\Projetos\Razor\Pages\Index.cshtml.cs(48,129): warning CS0436: O tipo "TipoDadoEnum" em "C:\Projetos\Razor\Pages\Index.cshtml.cs" est├í em conflito com o tipo importado "TipoDadoEnum" em "RazorDataPresentation, Version=1.0.0.0, Culture=neutral, PublicKeyToken=null". Usar o tipo definido em "C:\Projetos\Razor\Pages\Index.cshtml.cs". [C:\Projetos\Razor\RazorDataPresentation.Tests.csproj]
         C:\Projetos\Razor\Pages\Index.cshtml.cs(49,119): warning CS0436: O tipo "TipoDadoEnum" em "C:\Projetos\Razor\Pages\Index.cshtml.cs" est├í em conflito com o tipo importado "TipoDadoEnum" em "RazorDataPresentation, Version=1.0.0.0, Culture=neutral, PublicKeyToken=null". Usar o tipo definido em "C:\Projetos\Razor\Pages\Index.cshtml.cs". [C:\Projetos\Razor\RazorDataPresentation.Tests.csproj]
         C:\Projetos\Razor\Pages\Index.cshtml.cs(50,120): warning CS0436: O tipo "TipoDadoEnum" em "C:\Projetos\Razor\Pages\Index.cshtml.cs" est├í em conflito com o tipo importado "TipoDadoEnum" em "RazorDataPresentation, Version=1.0.0.0, Culture=neutral, PublicKeyToken=null". Usar o tipo definido em "C:\Projetos\Razor\Pages\Index.cshtml.cs". [C:\Projetos\Razor\RazorDataPresentation.Tests.csproj]
         C:\Projetos\Razor\Pages\Index.cshtml.cs(55,33): warning CS0436: O tipo "Empresa" em "C:\Projetos\Razor\Pages\Index.cshtml.cs" est├í em conflito com o tipo importado "Empresa" em "RazorDataPresentation, Version=1.0.0.0, Culture=neutral, PublicKeyToken=null". Usar o tipo definido em "C:\Projetos\Razor\Pages\Index.cshtml.cs". [C:\Projetos\Razor\RazorDataPresentation.Tests.csproj]
         C:\Projetos\Razor\Pages\Index.cshtml.cs(57,21): warning CS0436: O tipo "Empresa" em "C:\Projetos\Razor\Pages\Index.cshtml.cs" est├í em conflito com o tipo importado "Empresa" em "RazorDataPresentation, Version=1.0.0.0, Culture=neutral, PublicKeyToken=null". Usar o tipo definido em "C:\Projetos\Razor\Pages\Index.cshtml.cs". [C:\Projetos\Razor\RazorDataPresentation.Tests.csproj]
         C:\Projetos\Razor\Pages\Index.cshtml.cs(58,21): warning CS0436: O tipo "Empresa" em "C:\Projetos\Razor\Pages\Index.cshtml.cs" est├í em conflito com o tipo importado "Empresa" em "RazorDataPresentation, Version=1.0.0.0, Culture=neutral, PublicKeyToken=null". Usar o tipo definido em "C:\Projetos\Razor\Pages\Index.cshtml.cs". [C:\Projetos\Razor\RazorDataPresentation.Tests.csproj]
         C:\Projetos\Razor\Pages\Index.cshtml.cs(59,21): warning CS0436: O tipo "Empresa" em "C:\Projetos\Razor\Pages\Index.cshtml.cs" est├í em conflito com o tipo importado "Empresa" em "RazorDataPresentation, Version=1.0.0.0, Culture=neutral, PublicKeyToken=null". Usar o tipo definido em "C:\Projetos\Razor\Pages\Index.cshtml.cs". [C:\Projetos\Razor\RazorDataPresentation.Tests.csproj]
         C:\Projetos\Razor\Pages\Index.cshtml.cs(60,21): warning CS0436: O tipo "Empresa" em "C:\Projetos\Razor\Pages\Index.cshtml.cs" est├í em conflito com o tipo importado "Empresa" em "RazorDataPresentation, Version=1.0.0.0, Culture=neutral, PublicKeyToken=null". Usar o tipo definido em "C:\Projetos\Razor\Pages\Index.cshtml.cs". [C:\Projetos\Razor\RazorDataPresentation.Tests.csproj]
         C:\Projetos\Razor\Pages\Index.cshtml.cs(61,21): warning CS0436: O tipo "Empresa" em "C:\Projetos\Razor\Pages\Index.cshtml.cs" est├í em conflito com o tipo importado "Empresa" em "RazorDataPresentation, Version=1.0.0.0, Culture=neutral, PublicKeyToken=null". Usar o tipo definido em "C:\Projetos\Razor\Pages\Index.cshtml.cs". [C:\Projetos\Razor\RazorDataPresentation.Tests.csproj]
         C:\Projetos\Razor\Pages\Index.cshtml.cs(62,21): warning CS0436: O tipo "Empresa" em "C:\Projetos\Razor\Pages\Index.cshtml.cs" est├í em conflito com o tipo importado "Empresa" em "RazorDataPresentation, Version=1.0.0.0, Culture=neutral, PublicKeyToken=null". Usar o tipo definido em "C:\Projetos\Razor\Pages\Index.cshtml.cs". [C:\Projetos\Razor\RazorDataPresentation.Tests.csproj]
         C:\Projetos\Razor\Pages\Index.cshtml.cs(63,21): warning CS0436: O tipo "Empresa" em "C:\Projetos\Razor\Pages\Index.cshtml.cs" est├í em conflito com o tipo importado "Empresa" em "RazorDataPresentation, Version=1.0.0.0, Culture=neutral, PublicKeyToken=null". Usar o tipo definido em "C:\Projetos\Razor\Pages\Index.cshtml.cs". [C:\Projetos\Razor\RazorDataPresentation.Tests.csproj]
         C:\Projetos\Razor\Pages\Index.cshtml.cs(64,21): warning CS0436: O tipo "Empresa" em "C:\Projetos\Razor\Pages\Index.cshtml.cs" est├í em conflito com o tipo importado "Empresa" em "RazorDataPresentation, Version=1.0.0.0, Culture=neutral, PublicKeyToken=null". Usar o tipo definido em "C:\Projetos\Razor\Pages\Index.cshtml.cs". [C:\Projetos\Razor\RazorDataPresentation.Tests.csproj]
         C:\Projetos\Razor\Pages\Index.cshtml.cs(65,21): warning CS0436: O tipo "Empresa" em "C:\Projetos\Razor\Pages\Index.cshtml.cs" est├í em conflito com o tipo importado "Empresa" em "RazorDataPresentation, Version=1.0.0.0, Culture=neutral, PublicKeyToken=null". Usar o tipo definido em "C:\Projetos\Razor\Pages\Index.cshtml.cs". [C:\Projetos\Razor\RazorDataPresentation.Tests.csproj]
         C:\Projetos\Razor\Pages\Index.cshtml.cs(66,21): warning CS0436: O tipo "Empresa" em "C:\Projetos\Razor\Pages\Index.cshtml.cs" est├í em conflito com o tipo importado "Empresa" em "RazorDataPresentation, Version=1.0.0.0, Culture=neutral, PublicKeyToken=null". Usar o tipo definido em "C:\Projetos\Razor\Pages\Index.cshtml.cs". [C:\Projetos\Razor\RazorDataPresentation.Tests.csproj]
         C:\Projetos\Razor\Pages\Index.cshtml.cs(67,21): warning CS0436: O tipo "Empresa" em "C:\Projetos\Razor\Pages\Index.cshtml.cs" est├í em conflito com o tipo importado "Empresa" em "RazorDataPresentation, Version=1.0.0.0, Culture=neutral, PublicKeyToken=null". Usar o tipo definido em "C:\Projetos\Razor\Pages\Index.cshtml.cs". [C:\Projetos\Razor\RazorDataPresentation.Tests.csproj]
         C:\Projetos\Razor\Pages\Index.cshtml.cs(68,21): warning CS0436: O tipo "Empresa" em "C:\Projetos\Razor\Pages\Index.cshtml.cs" est├í em conflito com o tipo importado "Empresa" em "RazorDataPresentation, Version=1.0.0.0, Culture=neutral, PublicKeyToken=null". Usar o tipo definido em "C:\Projetos\Razor\Pages\Index.cshtml.cs". [C:\Projetos\Razor\RazorDataPresentation.Tests.csproj]
         C:\Projetos\Razor\Pages\Index.cshtml.cs(69,21): warning CS0436: O tipo "Empresa" em "C:\Projetos\Razor\Pages\Index.cshtml.cs" est├í em conflito com o tipo importado "Empresa" em "RazorDataPresentation, Version=1.0.0.0, Culture=neutral, PublicKeyToken=null". Usar o tipo definido em "C:\Projetos\Razor\Pages\Index.cshtml.cs". [C:\Projetos\Razor\RazorDataPresentation.Tests.csproj]
         C:\Projetos\Razor\Pages\Index.cshtml.cs(70,21): warning CS0436: O tipo "Empresa" em "C:\Projetos\Razor\Pages\Index.cshtml.cs" est├í em conflito com o tipo importado "Empresa" em "RazorDataPresentation, Version=1.0.0.0, Culture=neutral, PublicKeyToken=null". Usar o tipo definido em "C:\Projetos\Razor\Pages\Index.cshtml.cs". [C:\Projetos\Razor\RazorDataPresentation.Tests.csproj]
         C:\Projetos\Razor\Pages\Index.cshtml.cs(71,21): warning CS0436: O tipo "Empresa" em "C:\Projetos\Razor\Pages\Index.cshtml.cs" est├í em conflito com o tipo importado "Empresa" em "RazorDataPresentation, Version=1.0.0.0, Culture=neutral, PublicKeyToken=null". Usar o tipo definido em "C:\Projetos\Razor\Pages\Index.cshtml.cs". [C:\Projetos\Razor\RazorDataPresentation.Tests.csproj]
         C:\Projetos\Razor\Pages\Index.cshtml.cs(72,21): warning CS0436: O tipo "Empresa" em "C:\Projetos\Razor\Pages\Index.cshtml.cs" est├í em conflito com o tipo importado "Empresa" em "RazorDataPresentation, Version=1.0.0.0, Culture=neutral, PublicKeyToken=null". Usar o tipo definido em "C:\Projetos\Razor\Pages\Index.cshtml.cs". [C:\Projetos\Razor\RazorDataPresentation.Tests.csproj]
         C:\Projetos\Razor\Pages\Index.cshtml.cs(73,21): warning CS0436: O tipo "Empresa" em "C:\Projetos\Razor\Pages\Index.cshtml.cs" est├í em conflito com o tipo importado "Empresa" em "RazorDataPresentation, Version=1.0.0.0, Culture=neutral, PublicKeyToken=null". Usar o tipo definido em "C:\Projetos\Razor\Pages\Index.cshtml.cs". [C:\Projetos\Razor\RazorDataPresentation.Tests.csproj]
         C:\Projetos\Razor\Pages\Index.cshtml.cs(74,21): warning CS0436: O tipo "Empresa" em "C:\Projetos\Razor\Pages\Index.cshtml.cs" est├í em conflito com o tipo importado "Empresa" em "RazorDataPresentation, Version=1.0.0.0, Culture=neutral, PublicKeyToken=null". Usar o tipo definido em "C:\Projetos\Razor\Pages\Index.cshtml.cs". [C:\Projetos\Razor\RazorDataPresentation.Tests.csproj]
         C:\Projetos\Razor\Pages\Index.cshtml.cs(75,21): warning CS0436: O tipo "Empresa" em "C:\Projetos\Razor\Pages\Index.cshtml.cs" est├í em conflito com o tipo importado "Empresa" em "RazorDataPresentation, Version=1.0.0.0, Culture=neutral, PublicKeyToken=null". Usar o tipo definido em "C:\Projetos\Razor\Pages\Index.cshtml.cs". [C:\Projetos\Razor\RazorDataPresentation.Tests.csproj]
         C:\Projetos\Razor\Pages\Index.cshtml.cs(76,21): warning CS0436: O tipo "Empresa" em "C:\Projetos\Razor\Pages\Index.cshtml.cs" est├í em conflito com o tipo importado "Empresa" em "RazorDataPresentation, Version=1.0.0.0, Culture=neutral, PublicKeyToken=null". Usar o tipo definido em "C:\Projetos\Razor\Pages\Index.cshtml.cs". [C:\Projetos\Razor\RazorDataPresentation.Tests.csproj]
         C:\Projetos\Razor\Pages\Index.cshtml.cs(82,36): warning CS0436: O tipo "ColunaCustomizada" em "C:\Projetos\Razor\Pages\Index.cshtml.cs" est├í em conflito com o tipo importado "ColunaCustomizada" em "RazorDataPresentation, Version=1.0.0.0, Culture=neutral, PublicKeyToken=null". Usar o tipo definido em "C:\Projetos\Razor\Pages\Index.cshtml.cs". [C:\Projetos\Razor\RazorDataPresentation.Tests.csproj]
         C:\Projetos\Razor\Pages\Index.cshtml.cs(112,17): warning CS0436: O tipo "TipoDadoEnum" em "C:\Projetos\Razor\Pages\Index.cshtml.cs" est├í em conflito com o tipo importado "TipoDadoEnum" em "RazorDataPresentation, Version=1.0.0.0, Culture=neutral, PublicKeyToken=null". Usar o tipo definido em "C:\Projetos\Razor\Pages\Index.cshtml.cs". [C:\Projetos\Razor\RazorDataPresentation.Tests.csproj]
         C:\Projetos\Razor\Pages\Index.cshtml.cs(113,17): warning CS0436: O tipo "TipoDadoEnum" em "C:\Projetos\Razor\Pages\Index.cshtml.cs" est├í em conflito com o tipo importado "TipoDadoEnum" em "RazorDataPresentation, Version=1.0.0.0, Culture=neutral, PublicKeyToken=null". Usar o tipo definido em "C:\Projetos\Razor\Pages\Index.cshtml.cs". [C:\Projetos\Razor\RazorDataPresentation.Tests.csproj]
         C:\Projetos\Razor\Pages\Index.cshtml.cs(114,17): warning CS0436: O tipo "TipoDadoEnum" em "C:\Projetos\Razor\Pages\Index.cshtml.cs" est├í em conflito com o tipo importado "TipoDadoEnum" em "RazorDataPresentation, Version=1.0.0.0, Culture=neutral, PublicKeyToken=null". Usar o tipo definido em "C:\Projetos\Razor\Pages\Index.cshtml.cs". [C:\Projetos\Razor\RazorDataPresentation.Tests.csproj]
         C:\Projetos\Razor\Pages\Index.cshtml.cs(115,17): warning CS0436: O tipo "TipoDadoEnum" em "C:\Projetos\Razor\Pages\Index.cshtml.cs" est├í em conflito com o tipo importado "TipoDadoEnum" em "RazorDataPresentation, Version=1.0.0.0, Culture=neutral, PublicKeyToken=null". Usar o tipo definido em "C:\Projetos\Razor\Pages\Index.cshtml.cs". [C:\Projetos\Razor\RazorDataPresentation.Tests.csproj]
         C:\Projetos\Razor\Pages\Index.cshtml.cs(116,17): warning CS0436: O tipo "TipoDadoEnum" em "C:\Projetos\Razor\Pages\Index.cshtml.cs" est├í em conflito com o tipo importado "TipoDadoEnum" em "RazorDataPresentation, Version=1.0.0.0, Culture=neutral, PublicKeyToken=null". Usar o tipo definido em "C:\Projetos\Razor\Pages\Index.cshtml.cs". [C:\Projetos\Razor\RazorDataPresentation.Tests.csproj]
         C:\Projetos\Razor\Pages\Index.cshtml.cs(117,17): warning CS0436: O tipo "TipoDadoEnum" em "C:\Projetos\Razor\Pages\Index.cshtml.cs" est├í em conflito com o tipo importado "TipoDadoEnum" em "RazorDataPresentation, Version=1.0.0.0, Culture=neutral, PublicKeyToken=null". Usar o tipo definido em "C:\Projetos\Razor\Pages\Index.cshtml.cs". [C:\Projetos\Razor\RazorDataPresentation.Tests.csproj]
         C:\Projetos\Razor\Pages\Index.cshtml.cs(118,17): warning CS0436: O tipo "TipoDadoEnum" em "C:\Projetos\Razor\Pages\Index.cshtml.cs" est├í em conflito com o tipo importado "TipoDadoEnum" em "RazorDataPresentation, Version=1.0.0.0, Culture=neutral, PublicKeyToken=null". Usar o tipo definido em "C:\Projetos\Razor\Pages\Index.cshtml.cs". [C:\Projetos\Razor\RazorDataPresentation.Tests.csproj]
         C:\Projetos\Razor\Tests\IndexModelTests.cs(436,26): warning CS0436: O tipo "ColunaCustomizada" em "C:\Projetos\Razor\Pages\Index.cshtml.cs" est├í em conflito com o tipo importado "ColunaCustomizada" em "RazorDataPresentation, Version=1.0.0.0, Culture=neutral, PublicKeyToken=null". Usar o tipo definido em "C:\Projetos\Razor\Pages\Index.cshtml.cs". [C:\Projetos\Razor\RazorDataPresentation.Tests.csproj]
         C:\Projetos\Razor\Tests\IndexModelTests.cs(443,22): warning CS0436: O tipo "TipoDadoEnum" em "C:\Projetos\Razor\Pages\Index.cshtml.cs" est├í em conflito com o tipo importado "TipoDadoEnum" em "RazorDataPresentation, Version=1.0.0.0, Culture=neutral, PublicKeyToken=null". Usar o tipo definido em "C:\Projetos\Razor\Pages\Index.cshtml.cs". [C:\Projetos\Razor\RazorDataPresentation.Tests.csproj]
         C:\Projetos\Razor\Tests\IndexModelTests.cs(453,26): warning CS0436: O tipo "ColunaCustomizada" em "C:\Projetos\Razor\Pages\Index.cshtml.cs" est├í em conflito com o tipo importado "ColunaCustomizada" em "RazorDataPresentation, Version=1.0.0.0, Culture=neutral, PublicKeyToken=null". Usar o tipo definido em "C:\Projetos\Razor\Pages\Index.cshtml.cs". [C:\Projetos\Razor\RazorDataPresentation.Tests.csproj]
         C:\Projetos\Razor\Tests\IndexModelTests.cs(459,20): warning CS0436: O tipo "TipoDadoEnum" em "C:\Projetos\Razor\Pages\Index.cshtml.cs" est├í em conflito com o tipo importado "TipoDadoEnum" em "RazorDataPresentation, Version=1.0.0.0, Culture=neutral, PublicKeyToken=null". Usar o tipo definido em "C:\Projetos\Razor\Pages\Index.cshtml.cs". [C:\Projetos\Razor\RazorDataPresentation.Tests.csproj]
         C:\Projetos\Razor\Tests\IndexModelTests.cs(473,22): warning CS0436: O tipo "TipoDadoEnum" em "C:\Projetos\Razor\Pages\Index.cshtml.cs" est├í em conflito com o tipo importado "TipoDadoEnum" em "RazorDataPresentation, Version=1.0.0.0, Culture=neutral, PublicKeyToken=null". Usar o tipo definido em "C:\Projetos\Razor\Pages\Index.cshtml.cs". [C:\Projetos\Razor\RazorDataPresentation.Tests.csproj]
         C:\Projetos\Razor\Tests\IndexModelTests.cs(491,27): warning CS0436: O tipo "Empresa" em "C:\Projetos\Razor\Pages\Index.cshtml.cs" est├í em conflito com o tipo importado "Empresa" em "RazorDataPresentation, Version=1.0.0.0, Culture=neutral, PublicKeyToken=null". Usar o tipo definido em "C:\Projetos\Razor\Pages\Index.cshtml.cs". [C:\Projetos\Razor\RazorDataPresentation.Tests.csproj]
         C:\Projetos\Razor\Tests\IndexModelTests.cs(512,27): warning CS0436: O tipo "Empresa" em "C:\Projetos\Razor\Pages\Index.cshtml.cs" est├í em conflito com o tipo importado "Empresa" em "RazorDataPresentation, Version=1.0.0.0, Culture=neutral, PublicKeyToken=null". Usar o tipo definido em "C:\Projetos\Razor\Pages\Index.cshtml.cs". [C:\Projetos\Razor\RazorDataPresentation.Tests.csproj]


       "C:\Projetos\Razor\RazorDataPresentation.Tests.csproj" (VSTest destino) (1:7) ->
       "C:\Projetos\Razor\RazorDataPresentation.Tests.csproj" (destino padr├úo) (1:8) ->
       (CoreCompile destino) -> 
         C:\Projetos\Razor\Program.cs(5,18): error CS1061: ÔÇÿIServiceCollectionÔÇÖ n├úo cont├®m uma defini├º├úo para "AddRazorPages" e n├úo foi poss├¡vel encontrar nenhum m├®todo de extens├úo "AddRazorPages" que aceite um primeiro argumento do tipo ÔÇÿIServiceCollectionÔÇÖ (voc├¬ est├í se esquecendo de usar uma diretiva ou uma refer├¬ncia de assembly?) [C:\Projetos\Razor\RazorDataPresentation.Tests.csproj]

    99 Aviso(s)
    1 Erro(s)

Tempo Decorrido 00:00:07.43
